ARM Linker, 4.1 [Build 894] [Standard][RL-ARM]

==============================================================================

Section Cross References

    system_lpc43xx.o(.text) refers to startup_hitex4350_m4.o(RESET) for __Vectors
    system_lpc43xx.o(.text) refers to system_lpc43xx.o(.data) for .data
    startup_hitex4350_m4.o(RESET) refers to startup_hitex4350_m4.o(STACK) for __initial_sp
    startup_hitex4350_m4.o(RESET) refers to startup_hitex4350_m4.o(.text) for Reset_Handler
    startup_hitex4350_m4.o(RESET) refers to lpc18xx_43xx_systick_arch.o(.text) for SysTick_Handler
    startup_hitex4350_m4.o(RESET) refers to lpc18xx_43xx_emac.o(.text) for ETH_IRQHandler
    startup_hitex4350_m4.o(.text) refers to entry.o(.ARM.Collect$$$$00000000) for __main
    debug_frmwrk.o(.text) refers to lpc43xx_uart.o(.text) for UART_Send
    debug_frmwrk.o(.text) refers to printfa.o(i.__0vsprintf) for __c89vsprintf
    debug_frmwrk.o(.text) refers to lpc43xx_scu.o(.text) for scu_pinmux
    debug_frmwrk.o(.text) refers to debug_frmwrk.o(.data) for .data
    lpc43xx_cgu.o(.text) refers to lpc43xx_scu.o(.text) for scu_pinmux
    lpc43xx_cgu.o(.text) refers to lpc43xx_cgu.o(.data) for .data
    lpc43xx_cgu.o(.text) refers to lpc43xx_cgu.o(.constdata) for .constdata
    lpc43xx_uart.o(.text) refers to lpc43xx_cgu.o(.text) for CGU_GetPCLKFrequency
    lpc43xx_uart.o(.text) refers to uldiv.o(.text) for __aeabi_uldivmod
    sys_arch.o(.text) refers to lpc18xx_43xx_systick_arch.o(.text) for SysTick_GetMS
    retarget.o(.text) refers to debug_frmwrk.o(.text) for UARTPutChar
    lpc18xx_43xx_emac.o(.text) refers to lpc18xx_43xx_systick_arch.o(.text) for msDelay
    lpc18xx_43xx_emac.o(.text) refers to pbuf.o(.text) for pbuf_alloc
    lpc18xx_43xx_emac.o(.text) refers to def.o(.text) for lwip_htons
    lpc18xx_43xx_emac.o(.text) refers to lpc43xx_cgu.o(.text) for CGU_EntityConnect
    lpc18xx_43xx_emac.o(.text) refers to lpc_phy_dp83848.o(.text) for lpc_phy_init
    lpc18xx_43xx_emac.o(.text) refers to memseta.o(.text) for __aeabi_memclr4
    lpc18xx_43xx_emac.o(.text) refers to etharp.o(.text) for etharp_output
    lpc18xx_43xx_emac.o(.text) refers to hitex4350_board.o(.text) for board_get_macaddr
    lpc18xx_43xx_emac.o(.text) refers to lpc18xx_43xx_emac.o(.bss) for .bss
    hitex4350_board.o(.text) refers to lpc43xx_gpio.o(.text) for GPIO_SetDir
    hitex4350_board.o(.text) refers to lpc43xx_scu.o(.text) for scu_pinmux
    lpc_phy_dp83848.o(.text) refers to lpc18xx_43xx_emac.o(.text) for lpc_emac_set_speed
    lpc_phy_dp83848.o(.text) refers to netif.o(.text) for netif_set_link_up
    lpc_phy_dp83848.o(.text) refers to lpc18xx_43xx_systick_arch.o(.text) for msDelay
    lpc_phy_dp83848.o(.text) refers to lpc_phy_dp83848.o(.data) for .data
    echo.o(.text) refers to tcp.o(.text) for tcp_arg
    echo.o(.text) refers to mem.o(.text) for mem_free
    echo.o(.text) refers to tcp_out.o(.text) for tcp_write
    echo.o(.text) refers to pbuf.o(.text) for pbuf_ref
    echo.o(.text) refers to echo.o(.data) for .data
    echo.o(.text) refers to ip_addr.o(.constdata) for ip_addr_any
    hitex1850_tcpecho_sa.o(.text) refers to system_lpc43xx.o(.text) for SystemInit
    hitex1850_tcpecho_sa.o(.text) refers to lpc43xx_cgu.o(.text) for CGU_Init
    hitex1850_tcpecho_sa.o(.text) refers to fpu_init.o(.text) for fpuInit
    hitex1850_tcpecho_sa.o(.text) refers to fpu_enable.o(.text) for fpuEnable
    hitex1850_tcpecho_sa.o(.text) refers to hitex4350_board.o(.text) for board_setup
    hitex1850_tcpecho_sa.o(.text) refers to debug_frmwrk.o(.text) for debug_frmwrk_init_clk
    hitex1850_tcpecho_sa.o(.text) refers to lpc18xx_43xx_systick_arch.o(.text) for SysTick_Enable
    hitex1850_tcpecho_sa.o(.text) refers to init.o(.text) for lwip_init
    hitex1850_tcpecho_sa.o(.text) refers to netif.o(.text) for netif_add
    hitex1850_tcpecho_sa.o(.text) refers to dhcp.o(.text) for dhcp_start
    hitex1850_tcpecho_sa.o(.text) refers to echo.o(.text) for echo_init
    hitex1850_tcpecho_sa.o(.text) refers to lpc18xx_43xx_emac.o(.text) for lpc_enetif_input
    hitex1850_tcpecho_sa.o(.text) refers to timers.o(.text) for sys_check_timeouts
    hitex1850_tcpecho_sa.o(.text) refers to lpc_phy_dp83848.o(.text) for lpc_phy_sts_sm
    hitex1850_tcpecho_sa.o(.text) refers to etharp.o(.text) for ethernet_input
    hitex1850_tcpecho_sa.o(.text) refers to hitex1850_tcpecho_sa.o(.bss) for .bss
    lpc18xx_43xx_systick_arch.o(.text) refers to lpc43xx_cgu.o(.text) for CGU_GetPCLKFrequency
    lpc18xx_43xx_systick_arch.o(.text) refers to lpc18xx_43xx_systick_arch.o(.data) for .data
    dhcp.o(.text) refers to pbuf.o(.text) for pbuf_alloc
    dhcp.o(.text) refers to def.o(.text) for lwip_htonl
    dhcp.o(.text) refers to udp.o(.text) for udp_sendto_if
    dhcp.o(.text) refers to etharp.o(.text) for etharp_query
    dhcp.o(.text) refers to strlen.o(.text) for strlen
    dhcp.o(.text) refers to dhcp.o(.data) for .data
[...]
    icmp.o(.text) refers to memcpya.o(.text) for __aeabi_memcpy
    icmp.o(.text) refers to ip.o(.data) for current_iphdr_dest
    inet_chksum.o(.text) refers to def.o(.text) for lwip_htons
    inet_chksum.o(.text) refers to memcpya.o(.text) for __aeabi_memcpy
    ip.o(.text) refers to def.o(.text) for lwip_ntohs
    ip.o(.text) refers to inet_chksum.o(.text) for inet_chksum
    ip.o(.text) refers to pbuf.o(.text) for pbuf_free
    ip.o(.text) refers to ip_addr.o(.text) for ip4_addr_isbroadcast
    ip.o(.text) refers to ip_frag.o(.text) for ip_reass
    ip.o(.text) refers to raw.o(.text) for raw_input
    ip.o(.text) refers to udp.o(.text) for udp_input
    ip.o(.text) refers to tcp_in.o(.text) for tcp_input
    ip.o(.text) refers to icmp.o(.text) for icmp_input
    ip.o(.text) refers to netif.o(.data) for netif_list
    ip.o(.text) refers to ip.o(.data) for .data
    ip_addr.o(.text) refers to def.o(.text) for lwip_htonl
    ip_addr.o(.text) refers to ip_addr.o(.bss) for .bss
    ip_frag.o(.text) refers to memcpya.o(.text) for __aeabi_memcpy
    ip_frag.o(.text) refers to icmp.o(.text) for icmp_time_exceeded
    ip_frag.o(.text) refers to pbuf.o(.text) for pbuf_clen
    ip_frag.o(.text) refers to def.o(.text) for lwip_ntohs
    ip_frag.o(.text) refers to memp.o(.text) for memp_malloc
    ip_frag.o(.text) refers to memseta.o(.text) for __aeabi_memclr4
    ip_frag.o(.text) refers to inet_chksum.o(.text) for inet_chksum
    ip_frag.o(.text) refers to ip_frag.o(.data) for .data
    etharp.o(.text) refers to pbuf.o(.text) for pbuf_free
    etharp.o(.text) refers to def.o(.text) for lwip_htons
    etharp.o(.text) refers to dhcp.o(.text) for dhcp_arp_reply
    etharp.o(.text) refers to ip_addr.o(.text) for ip4_addr_isbroadcast
    etharp.o(.text) refers to etharp.o(.bss) for .bss
    etharp.o(.text) refers to etharp.o(.constdata) for .constdata
    etharp.o(.text) refers to etharp.o(.data) for .data
    etharp.o(.text) refers to ip.o(.text) for ip_input
    entry.o(.ARM.Collect$$$$00000000) refers (Special) to entry7b.o(.ARM.Collect$$$$00000008) for _main_clock
    entry.o(.ARM.Collect$$$$00000000) refers (Special) to entry8.o(.ARM.Collect$$$$00000009) for _main_init
    entry.o(.ARM.Collect$$$$00000000) refers (Special) to entry5.o(.ARM.Collect$$$$00000004) for _main_scatterload
    entry.o(.ARM.Collect$$$$00000000) refers (Special) to entry2.o(.ARM.Collect$$$$00000001) for _main_stk
    uldiv.o(.text) refers to llushr.o(.text) for __aeabi_llsr
    uldiv.o(.text) refers to llshl.o(.text) for __aeabi_llsl
    printfa.o(i.__0fprintf) refers (Special) to iusefp.o(.text) for __I$use$fp
    printfa.o(i.__0fprintf) refers to printfa.o(i._printf_core) for _printf_core
    printfa.o(i.__0fprintf) refers to retarget.o(.text) for fputc
    printfa.o(i.__0printf) refers (Special) to iusefp.o(.text) for __I$use$fp
    printfa.o(i.__0printf) refers to printfa.o(i._printf_core) for _printf_core
    printfa.o(i.__0printf) refers to retarget.o(.text) for fputc
    printfa.o(i.__0printf) refers to retarget.o(.data) for __stdout
    printfa.o(i.__0snprintf) refers (Special) to iusefp.o(.text) for __I$use$fp
    printfa.o(i.__0snprintf) refers to printfa.o(i._printf_core) for _printf_core
    printfa.o(i.__0snprintf) refers to printfa.o(i._snputc) for _snputc
    printfa.o(i.__0sprintf) refers (Special) to iusefp.o(.text) for __I$use$fp
    printfa.o(i.__0sprintf) refers to printfa.o(i._printf_core) for _printf_core
    printfa.o(i.__0sprintf) refers to printfa.o(i._sputc) for _sputc
    printfa.o(i.__0vfprintf) refers (Special) to iusefp.o(.text) for __I$use$fp
    printfa.o(i.__0vfprintf) refers to printfa.o(i._printf_core) for _printf_core
    printfa.o(i.__0vfprintf) refers to retarget.o(.text) for fputc
    printfa.o(i.__0vprintf) refers (Special) to iusefp.o(.text) for __I$use$fp
    printfa.o(i.__0vprintf) refers to printfa.o(i._printf_core) for _printf_core
    printfa.o(i.__0vprintf) refers to retarget.o(.text) for fputc
    printfa.o(i.__0vprintf) refers to retarget.o(.data) for __stdout
    printfa.o(i.__0vsnprintf) refers (Special) to iusefp.o(.text) for __I$use$fp
    printfa.o(i.__0vsnprintf) refers to printfa.o(i._printf_core) for _printf_core
    printfa.o(i.__0vsnprintf) refers to printfa.o(i._snputc) for _snputc
    printfa.o(i.__0vsprintf) refers (Special) to iusefp.o(.text) for __I$use$fp
    printfa.o(i.__0vsprintf) refers to printfa.o(i._printf_core) for _printf_core
    printfa.o(i.__0vsprintf) refers to printfa.o(i._sputc) for _sputc
    printfa.o(i._fp_digits) refers (Special) to iusefp.o(.text) for __I$use$fp
    printfa.o(i._fp_digits) refers to dmul.o(.text) for __aeabi_dmul
    printfa.o(i._fp_digits) refers to ddiv.o(.text) for __aeabi_ddiv
    printfa.o(i._fp_digits) refers to cdrcmple.o(.text) for __aeabi_cdrcmple
    printfa.o(i._fp_digits) refers to dadd.o(.text) for __aeabi_dadd
    printfa.o(i._fp_digits) refers to dfixul.o(.text) for __aeabi_d2ulz
    printfa.o(i._fp_digits) refers to uldiv.o(.text) for __aeabi_uldivmod
    printfa.o(i._printf_core) refers (Special) to iusefp.o(.text) for __I$use$fp
    printfa.o(i._printf_core) refers to printfa.o(i._printf_pre_padding) for _printf_pre_padding
    printfa.o(i._printf_core) refers to uldiv.o(.text) for __aeabi_uldivmod
    printfa.o(i._printf_core) refers to printfa.o(i._printf_post_padding) for _printf_post_padding
    printfa.o(i._printf_core) refers to printfa.o(i._fp_digits) for _fp_digits
    printfa.o(i._printf_core) refers to uidiv.o(.text) for __aeabi_uidivmod
    printfa.o(i._printf_post_padding) refers (Special) to iusefp.o(.text) for __I$use$fp
    printfa.o(i._printf_pre_padding) refers (Special) to iusefp.o(.text) for __I$use$fp
    printfa.o(i._snputc) refers (Special) to iusefp.o(.text) for __I$use$fp
    printfa.o(i._sputc) refers (Special) to iusefp.o(.text) for __I$use$fp
    entry2.o(.ARM.Collect$$$$00000001) refers to entry2.o(.ARM.Collect$$$$00002712) for __lit__00000000
    entry2.o(.ARM.Collect$$$$00002712) refers to startup_hitex4350_m4.o(STACK) for __initial_sp
    entry2.o(__vectab_stack_and_reset_area) refers to startup_hitex4350_m4.o(STACK) for __initial_sp
    entry2.o(__vectab_stack_and_reset_area) refers to entry.o(.ARM.Collect$$$$00000000) for __main
    entry5.o(.ARM.Collect$$$$00000004) refers to init.o(.text) for __scatterload
    entry8.o(.ARM.Collect$$$$00000009) refers to hitex1850_tcpecho_sa.o(.text) for main
    dadd.o(.text) refers to llshl.o(.text) for __aeabi_llsl
    dadd.o(.text) refers to llsshr.o(.text) for __aeabi_lasr
    dadd.o(.text) refers to depilogue.o(.text) for _double_epilogue
    dmul.o(.text) refers to depilogue.o(.text) for _double_epilogue
    ddiv.o(.text) refers to depilogue.o(.text) for _double_round
    dfixul.o(.text) refers to llushr.o(.text) for __aeabi_llsr
    dfixul.o(.text) refers to llshl.o(.text) for __aeabi_llsl
    init.o(.text) refers to entry5.o(.ARM.Collect$$$$00000004) for __main_after_scatterload
    depilogue.o(.text) refers to llshl.o(.text) for __aeabi_llsl
    depilogue.o(.text) refers to llushr.o(.text) for __aeabi_llsr


==============================================================================

Removing Unused input sections from the image.

    Removing system_lpc43xx.o(.rev16_text), (4 bytes).
    Removing system_lpc43xx.o(.revsh_text), (4 bytes).
    Removing startup_hitex4350_m4.o(HEAP), (1024 bytes).
    Removing debug_frmwrk.o(.rev16_text), (4 bytes).
    Removing debug_frmwrk.o(.revsh_text), (4 bytes).
    Removing lpc43xx_cgu.o(.rev16_text), (4 bytes).
    Removing lpc43xx_cgu.o(.revsh_text), (4 bytes).
    Removing lpc43xx_gpio.o(.rev16_text), (4 bytes).
    Removing lpc43xx_gpio.o(.revsh_text), (4 bytes).
    Removing lpc43xx_scu.o(.rev16_text), (4 bytes).
    Removing lpc43xx_scu.o(.revsh_text), (4 bytes).
    Removing lpc43xx_uart.o(.rev16_text), (4 bytes).
    Removing lpc43xx_uart.o(.revsh_text), (4 bytes).
    Removing retarget.o(.rev16_text), (4 bytes).
    Removing retarget.o(.revsh_text), (4 bytes).
    Removing retarget.o(.text), (44 bytes).
    Removing retarget.o(.data), (4 bytes).
    Removing lpc18xx_43xx_emac.o(.rev16_text), (4 bytes).
    Removing lpc18xx_43xx_emac.o(.revsh_text), (4 bytes).
    Removing hitex4350_board.o(.rev16_text), (4 bytes).
    Removing hitex4350_board.o(.revsh_text), (4 bytes).
    Removing hitex1850_tcpecho_sa.o(.rev16_text), (4 bytes).
    Removing hitex1850_tcpecho_sa.o(.revsh_text), (4 bytes).
    Removing lpc18xx_43xx_systick_arch.o(.rev16_text), (4 bytes).
    Removing lpc18xx_43xx_systick_arch.o(.revsh_text), (4 bytes).

25 unused section(s) (total 1160 bytes) removed from the image.

==============================================================================

Image Symbol Table

    Local Symbols

    Symbol Name                              Value     Ov Type        Size  Object(Section)

    ../../microlib/division.c                0x00000000   Number         0  uidiv.o ABSOLUTE
    ../../microlib/division.c                0x00000000   Number         0  uldiv.o ABSOLUTE
    ../../microlib/fpadd.c                   0x00000000   Number         0  dadd.o ABSOLUTE
    ../../microlib/fpdiv.c                   0x00000000   Number         0  ddiv.o ABSOLUTE
    ../../microlib/fpepilogue.c              0x00000000   Number         0  depilogue.o ABSOLUTE
    ../../microlib/fpfix.c                   0x00000000   Number         0  dfixul.o ABSOLUTE
    ../../microlib/fpmul.c                   0x00000000   Number         0  dmul.o ABSOLUTE
    ../../microlib/init/entry.s              0x00000000   Number         0  entry5.o ABSOLUTE
    ../../microlib/init/entry.s              0x00000000   Number         0  entry7a.o ABSOLUTE
    ../../microlib/init/entry.s              0x00000000   Number         0  entry7b.o ABSOLUTE
    ../../microlib/init/entry.s              0x00000000   Number         0  entry8.o ABSOLUTE
    ../../microlib/init/entry.s              0x00000000   Number         0  entry.o ABSOLUTE
    ../../microlib/init/entry.s              0x00000000   Number         0  entry2.o ABSOLUTE
    ../../microlib/longlong.c                0x00000000   Number         0  llsshr.o ABSOLUTE
    ../../microlib/longlong.c                0x00000000   Number         0  llshl.o ABSOLUTE
    ../../microlib/longlong.c                0x00000000   Number         0  llushr.o ABSOLUTE
    ../../microlib/printf/printf.c           0x00000000   Number         0  printfa.o ABSOLUTE
    ../../microlib/string/memcpy.c           0x00000000   Number         0  memcpya.o ABSOLUTE
    ../../microlib/string/memcpy.c           0x00000000   Number         0  memcpyb.o ABSOLUTE
    ../../microlib/string/memset.c           0x00000000   Number         0  memseta.o ABSOLUTE
    ../../microlib/string/strlen.c           0x00000000   Number         0  strlen.o ABSOLUTE
    ../../microlib/stubs.s                   0x00000000   Number         0  useno.o ABSOLUTE
    ../../microlib/stubs.s                   0x00000000   Number         0  iusefp.o ABSOLUTE
    ..\..\..\..\..\..\..\..\LPC43XX\Core\Device\NXP\LPC43xx\Source\Templates\system_LPC43xx.c 0x00000000   Number         0  system_lpc43xx.o ABSOLUTE
    ..\..\..\..\..\..\..\..\LPC43XX\Core\Device\NXP\LPC43xx\Source\fpu_enable.c 0x00000000   Number         0  fpu_enable.o ABSOLUTE
    ..\..\..\..\..\..\..\..\LPC43XX\Core\Device\NXP\LPC43xx\Source\fpu_init.c 0x00000000   Number         0  fpu_init.o ABSOLUTE
    ..\..\..\..\..\..\..\..\LPC43XX\Drivers\source\debug_frmwrk.c 0x00000000   Number         0  debug_frmwrk.o ABSOLUTE
    ..\..\..\..\..\..\..\..\LPC43XX\Drivers\source\lpc43xx_cgu.c 0x00000000   Number         0  lpc43xx_cgu.o ABSOLUTE
    ..\..\..\..\..\..\..\..\LPC43XX\Drivers\source\lpc43xx_gpio.c 0x00000000   Number         0  lpc43xx_gpio.o ABSOLUTE
    ..\..\..\..\..\..\..\..\LPC43XX\Drivers\source\lpc43xx_scu.c 0x00000000   Number         0  lpc43xx_scu.o ABSOLUTE
    ..\..\..\..\..\..\..\..\LPC43XX\Drivers\source\lpc43xx_uart.c 0x00000000   Number         0  lpc43xx_uart.o ABSOLUTE
    ..\..\..\..\..\..\..\..\lwip_lpc\lwip-1.4.0\src\core\def.c 0x00000000   Number         0  def.o ABSOLUTE
    ..\..\..\..\..\..\..\..\lwip_lpc\lwip-1.4.0\src\core\dhcp.c 0x00000000   Number         0  dhcp.o ABSOLUTE
    ..\..\..\..\..\..\..\..\lwip_lpc\lwip-1.4.0\src\core\dns.c 0x00000000   Number         0  dns.o ABSOLUTE
    ..\..\..\..\..\..\..\..\lwip_lpc\lwip-1.4.0\src\core\init.c 0x00000000   Number         0  init.o ABSOLUTE
    ..\..\..\..\..\..\..\..\lwip_lpc\lwip-1.4.0\src\core\ipv4\autoip.c 0x00000000   Number         0  autoip.o ABSOLUTE
    ..\..\..\..\..\..\..\..\lwip_lpc\lwip-1.4.0\src\core\ipv4\icmp.c 0x00000000   Number         0  icmp.o ABSOLUTE
    ..\..\..\..\..\..\..\..\lwip_lpc\lwip-1.4.0\src\core\ipv4\igmp.c 0x00000000   Number         0  igmp.o ABSOLUTE
    ..\..\..\..\..\..\..\..\lwip_lpc\lwip-1.4.0\src\core\ipv4\inet.c 0x00000000   Number         0  inet.o ABSOLUTE
    ..\..\..\..\..\..\..\..\lwip_lpc\lwip-1.4.0\src\core\ipv4\inet_chksum.c 0x00000000   Number         0  inet_chksum.o ABSOLUTE
    ..\..\..\..\..\..\..\..\lwip_lpc\lwip-1.4.0\src\core\ipv4\ip.c 0x00000000   Number         0  ip.o ABSOLUTE
    ..\..\..\..\..\..\..\..\lwip_lpc\lwip-1.4.0\src\core\ipv4\ip_addr.c 0x00000000   Number         0  ip_addr.o ABSOLUTE
    ..\..\..\..\..\..\..\..\lwip_lpc\lwip-1.4.0\src\core\ipv4\ip_frag.c 0x00000000   Number         0  ip_frag.o ABSOLUTE
    ..\..\..\..\..\..\..\..\lwip_lpc\lwip-1.4.0\src\core\mem.c 0x00000000   Number         0  mem.o ABSOLUTE
    ..\..\..\..\..\..\..\..\lwip_lpc\lwip-1.4.0\src\core\memp.c 0x00000000   Number         0  memp.o ABSOLUTE
    ..\..\..\..\..\..\..\..\lwip_lpc\lwip-1.4.0\src\core\netif.c 0x00000000   Number         0  netif.o ABSOLUTE
    ..\..\..\..\..\..\..\..\lwip_lpc\lwip-1.4.0\src\core\pbuf.c 0x00000000   Number         0  pbuf.o ABSOLUTE
    ..\..\..\..\..\..\..\..\lwip_lpc\lwip-1.4.0\src\core\raw.c 0x00000000   Number         0  raw.o ABSOLUTE
    ..\..\..\..\..\..\..\..\lwip_lpc\lwip-1.4.0\src\core\stats.c 0x00000000   Number         0  stats.o ABSOLUTE
    ..\..\..\..\..\..\..\..\lwip_lpc\lwip-1.4.0\src\core\sys.c 0x00000000   Number         0  sys.o ABSOLUTE
    ..\..\..\..\..\..\..\..\lwip_lpc\lwip-1.4.0\src\core\tcp.c 0x00000000   Number         0  tcp.o ABSOLUTE
    ..\..\..\..\..\..\..\..\lwip_lpc\lwip-1.4.0\src\core\tcp_in.c 0x00000000   Number         0  tcp_in.o ABSOLUTE
    ..\..\..\..\..\..\..\..\lwip_lpc\lwip-1.4.0\src\core\tcp_out.c 0x00000000   Number         0  tcp_out.o ABSOLUTE
    ..\..\..\..\..\..\..\..\lwip_lpc\lwip-1.4.0\src\core\timers.c 0x00000000   Number         0  timers.o ABSOLUTE
    ..\..\..\..\..\..\..\..\lwip_lpc\lwip-1.4.0\src\core\udp.c 0x00000000   Number         0  udp.o ABSOLUTE
    ..\..\..\..\..\..\..\..\lwip_lpc\lwip-1.4.0\src\netif\etharp.c 0x00000000   Number         0  etharp.o ABSOLUTE
    ..\..\..\..\..\..\..\..\lwip_lpc\nxpcommon\arch\Retarget.c 0x00000000   Number         0  retarget.o ABSOLUTE
    ..\..\..\..\..\..\..\..\lwip_lpc\nxpcommon\arch\lpc_debug.c 0x00000000   Number         0  lpc_debug.o ABSOLUTE
    ..\..\..\..\..\..\..\..\lwip_lpc\nxpcommon\arch\sys_arch.c 0x00000000   Number         0  sys_arch.o ABSOLUTE
    ..\..\..\..\..\..\..\contrib-1.4.0\apps\tcpecho_raw\echo.c 0x00000000   Number         0  echo.o ABSOLUTE
    ..\..\..\..\..\..\arch\lpc18xx_43xx\lpc18xx_43xx_emac.c 0x00000000   Number         0  lpc18xx_43xx_emac.o ABSOLUTE
    ..\..\..\..\..\..\arch\lpc18xx_43xx\lpc18xx_43xx_systick_arch.c 0x00000000   Number         0  lpc18xx_43xx_systick_arch.o ABSOLUTE
    ..\..\..\..\..\..\lpc_phy_dp83848.c      0x00000000   Number         0  lpc_phy_dp83848.o ABSOLUTE
    ..\..\hitex4350_common\hitex4350_board.c 0x00000000   Number         0  hitex4350_board.o ABSOLUTE
    ..\..\hitex4350_common\keil\startup_hitex4350_M4.s 0x00000000   Number         0  startup_hitex4350_m4.o ABSOLUTE
    ..\\..\\..\\..\\..\\..\\..\\..\\LPC43XX\\Core\\Device\\NXP\\LPC43xx\\Source\\Templates\\system_LPC43xx.c 0x00000000   Number         0  system_lpc43xx.o ABSOLUTE
    ..\\..\\..\\..\\..\\..\\..\\..\\LPC43XX\\Drivers\\source\\debug_frmwrk.c 0x00000000   Number         0  debug_frmwrk.o ABSOLUTE
    ..\\..\\..\\..\\..\\..\\..\\..\\LPC43XX\\Drivers\\source\\lpc43xx_cgu.c 0x00000000   Number         0  lpc43xx_cgu.o ABSOLUTE
    ..\\..\\..\\..\\..\\..\\..\\..\\LPC43XX\\Drivers\\source\\lpc43xx_gpio.c 0x00000000   Number         0  lpc43xx_gpio.o ABSOLUTE
    ..\\..\\..\\..\\..\\..\\..\\..\\LPC43XX\\Drivers\\source\\lpc43xx_scu.c 0x00000000   Number         0  lpc43xx_scu.o ABSOLUTE
    ..\\..\\..\\..\\..\\..\\..\\..\\LPC43XX\\Drivers\\source\\lpc43xx_uart.c 0x00000000   Number         0  lpc43xx_uart.o ABSOLUTE
    ..\\..\\..\\..\\..\\..\\..\\..\\lwip_lpc\\nxpcommon\\arch\\Retarget.c 0x00000000   Number         0  retarget.o ABSOLUTE
    ..\\..\\..\\..\\..\\..\\arch\\lpc18xx_43xx\\lpc18xx_43xx_emac.c 0x00000000   Number         0  lpc18xx_43xx_emac.o ABSOLUTE
    ..\\..\\..\\..\\..\\..\\arch\\lpc18xx_43xx\\lpc18xx_43xx_systick_arch.c 0x00000000   Number         0  lpc18xx_43xx_systick_arch.o ABSOLUTE
    ..\\..\\hitex4350_common\\hitex4350_board.c 0x00000000   Number         0  hitex4350_board.o ABSOLUTE
    ..\\source\\hitex1850_tcpecho_sa.c       0x00000000   Number         0  hitex1850_tcpecho_sa.o ABSOLUTE
    ..\source\hitex1850_tcpecho_sa.c         0x00000000   Number         0  hitex1850_tcpecho_sa.o ABSOLUTE
    cdrcmple.s                               0x00000000   Number         0  cdrcmple.o ABSOLUTE
    dc.s                                     0x00000000   Number         0  dc.o ABSOLUTE
    handlers.s                               0x00000000   Number         0  handlers.o ABSOLUTE
    init.s                                   0x00000000   Number         0  init.o ABSOLUTE
    .ARM.__at_0x02FC                         0x000002fc   Section        4  startup_hitex4350_m4.o(.ARM.__at_0x02FC)
    .data                                    0x10000000   Section        4  system_lpc43xx.o(.data)
    .data                                    0x10000004   Section       40  debug_frmwrk.o(.data)
    .data                                    0x1000002c   Section       68  lpc43xx_cgu.o(.data)
    .data                                    0x10000070   Section       12  lpc_phy_dp83848.o(.data)
    physts                                   0x10000070   Data           4  lpc_phy_dp83848.o(.data)
    olddphysts                               0x10000074   Data           4  lpc_phy_dp83848.o(.data)
    phyustate                                0x10000078   Data           4  lpc_phy_dp83848.o(.data)
    .data                                    0x1000007c   Section        4  echo.o(.data)
    echo_pcb                                 0x1000007c   Data           4  echo.o(.data)
    .data                                    0x10000080   Section        8  lpc18xx_43xx_systick_arch.o(.data)
    saved_period                             0x10000080   Data           4  lpc18xx_43xx_systick_arch.o(.data)
    systick_timems                           0x10000084   Data           4  lpc18xx_43xx_systick_arch.o(.data)
    .data                                    0x10000088   Section        4  dhcp.o(.data)
    xid                                      0x10000088   Data           4  dhcp.o(.data)
    .data                                    0x1000008c   Section       12  netif.o(.data)
    netifnum                                 0x1000008c   Data           1  netif.o(.data)
    .data                                    0x10000098   Section        4  raw.o(.data)
    raw_pcbs                                 0x10000098   Data           4  raw.o(.data)
    .data                                    0x1000009c   Section       32  tcp.o(.data)
    tcp_timer                                0x1000009c   Data           1  tcp.o(.data)
    port                                     0x1000009e   Data           2  tcp.o(.data)
    iss                                      0x100000a0   Data           4  tcp.o(.data)
    .data                                    0x100000bc   Section       28  tcp_in.o(.data)
    flags                                    0x100000bc   Data           1  tcp_in.o(.data)
    recv_flags                               0x100000bd   Data           1  tcp_in.o(.data)
    tcplen                                   0x100000be   Data           2  tcp_in.o(.data)
    tcphdr                                   0x100000c0   Data           4  tcp_in.o(.data)
    iphdr                                    0x100000c4   Data           4  tcp_in.o(.data)
    seqno                                    0x100000c8   Data           4  tcp_in.o(.data)
    ackno                                    0x100000cc   Data           4  tcp_in.o(.data)
    recv_data                                0x100000d0   Data           4  tcp_in.o(.data)
    .data                                    0x100000d8   Section       12  timers.o(.data)
    next_timeout                             0x100000d8   Data           4  timers.o(.data)
    timeouts_last_time                       0x100000dc   Data           4  timers.o(.data)
    tcpip_tcp_timer_active                   0x100000e0   Data           4  timers.o(.data)
    .data                                    0x100000e4   Section        4  udp.o(.data)
    .data                                    0x100000e8   Section       20  ip.o(.data)
    ip_id                                    0x100000e8   Data           2  ip.o(.data)
    .data                                    0x100000fc   Section        8  ip_frag.o(.data)
    ip_reass_pbufcount                       0x100000fc   Data           2  ip_frag.o(.data)
    reassdatagrams                           0x10000100   Data           4  ip_frag.o(.data)
    .data                                    0x10000104   Section        1  etharp.o(.data)
    etharp_cached_entry                      0x10000104   Data           1  etharp.o(.data)
    .bss                                     0x10000108   Section     1468  lpc18xx_43xx_emac.o(.bss)
    lpc_enetdata                             0x10000108   Data        1468  lpc18xx_43xx_emac.o(.bss)
    .bss                                     0x100006c4   Section       56  hitex1850_tcpecho_sa.o(.bss)
    lpc_netif                                0x100006c4   Data          56  hitex1850_tcpecho_sa.o(.bss)
    .bss                                     0x100006fc   Section       50  dhcp.o(.bss)
    .bss                                     0x10000730   Section    105303  memp.o(.bss)
    memp_tab                                 0x10000730   Data          40  memp.o(.bss)
    memp_memory                              0x10000758   Data       105263  memp.o(.bss)
    .bss                                     0x1001a288   Section       20  tcp_in.o(.bss)
    inseg                                    0x1001a288   Data          20  tcp_in.o(.bss)
    .bss                                     0x1001a29c   Section       16  ip_addr.o(.bss)
    str                                      0x1001a29c   Data          16  ip_addr.o(.bss)
    .bss                                     0x1001a2ac   Section      160  etharp.o(.bss)
    arp_table                                0x1001a2ac   Data         160  etharp.o(.bss)
    STACK                                    0x1001a350   Section     4096  startup_hitex4350_m4.o(STACK)
    .data                                    0x10080000   Section       12  mem.o(.data)
    ram                                      0x10080000   Data           4  mem.o(.data)
    ram_end                                  0x10080004   Data           4  mem.o(.data)
    lfree                                    0x10080008   Data           4  mem.o(.data)
    .bss                                     0x1008000c   Section    65564  mem.o(.bss)
    RESET                                    0x1c000000   Section      276  startup_hitex4350_m4.o(RESET)
    .ARM.Collect$$$$00000000                 0x1c000114   Section        0  entry.o(.ARM.Collect$$$$00000000)
    .ARM.Collect$$$$00000001                 0x1c000114   Section        4  entry2.o(.ARM.Collect$$$$00000001)
    .ARM.Collect$$$$00000004                 0x1c000118   Section        4  entry5.o(.ARM.Collect$$$$00000004)
    .ARM.Collect$$$$00000008                 0x1c00011c   Section        0  entry7b.o(.ARM.Collect$$$$00000008)
    .ARM.Collect$$$$00000009                 0x1c00011c   Section        8  entry8.o(.ARM.Collect$$$$00000009)
    .ARM.Collect$$$$00002712                 0x1c000124   Section        4  entry2.o(.ARM.Collect$$$$00002712)
    __lit__00000000                          0x1c000124   Data           4  entry2.o(.ARM.Collect$$$$00002712)
    .text                                    0x1c000128   Section        0  fpu_init.o(.text)
    .text                                    0x1c000158   Section        0  fpu_enable.o(.text)
    .text                                    0x1c000188   Section        0  system_lpc43xx.o(.text)
    .text                                    0x1c0001bc   Section       32  startup_hitex4350_m4.o(.text)
    $v0                                      0x1c0001bc   Number         0  startup_hitex4350_m4.o(.text)
    .text                                    0x1c0001dc   Section        0  debug_frmwrk.o(.text)
    .text                                    0x1c000558   Section        0  lpc43xx_cgu.o(.text)
    .text                                    0x1c000b34   Section        0  lpc43xx_gpio.o(.text)
    .text                                    0x1c000bb0   Section        0  lpc43xx_scu.o(.text)
    .text                                    0x1c000bc4   Section        0  lpc43xx_uart.o(.text)
    uart_set_divisors                        0x1c000bc5   Thumb Code   350  lpc43xx_uart.o(.text)
    .text                                    0x1c001208   Section        0  sys_arch.o(.text)
    .text                                    0x1c00120c   Section        0  lpc18xx_43xx_emac.o(.text)
    lpc_rxqueue_pbuf                         0x1c0012a3   Thumb Code    88  lpc18xx_43xx_emac.o(.text)
    lpc_low_level_output                     0x1c0013d5   Thumb Code   188  lpc18xx_43xx_emac.o(.text)
    low_level_init                           0x1c001499   Thumb Code   302  lpc18xx_43xx_emac.o(.text)
    lpc_low_level_input                      0x1c00167d   Thumb Code   170  lpc18xx_43xx_emac.o(.text)
    lpc_tx_setup                             0x1c001727   Thumb Code    94  lpc18xx_43xx_emac.o(.text)
    .text                                    0x1c0017a0   Section        0  hitex4350_board.o(.text)
    .text                                    0x1c00191c   Section        0  lpc_phy_dp83848.o(.text)
    lpc_update_phy_sts                       0x1c00191d   Thumb Code   202  lpc_phy_dp83848.o(.text)
    .text                                    0x1c001aa8   Section        0  echo.o(.text)
    .text                                    0x1c001cbc   Section        0  hitex1850_tcpecho_sa.o(.text)
    .text                                    0x1c001d58   Section        0  lpc18xx_43xx_systick_arch.o(.text)
    .text                                    0x1c001dcc   Section        0  def.o(.text)
    .text                                    0x1c001ddc   Section        0  dhcp.o(.text)
    dhcp_option_trailer                      0x1c001ddd   Thumb Code    64  dhcp.o(.text)
    dhcp_option                              0x1c001e1d   Thumb Code    42  dhcp.o(.text)
    dhcp_option_short                        0x1c001e47   Thumb Code    42  dhcp.o(.text)
    dhcp_create_msg                          0x1c001e71   Thumb Code   294  dhcp.o(.text)
    dhcp_discover                            0x1c001f97   Thumb Code   176  dhcp.o(.text)
    dhcp_check                               0x1c002047   Thumb Code    38  dhcp.o(.text)
    dhcp_option_long                         0x1c00206d   Thumb Code    74  dhcp.o(.text)
    dhcp_select                              0x1c0020b7   Thumb Code   266  dhcp.o(.text)
    dhcp_rebind                              0x1c002271   Thumb Code   190  dhcp.o(.text)
    dhcp_reboot                              0x1c002389   Thumb Code   154  dhcp.o(.text)
    dhcp_bind                                0x1c0024c1   Thumb Code   182  dhcp.o(.text)
    dhcp_parse_reply                         0x1c002613   Thumb Code   552  dhcp.o(.text)
    dhcp_recv                                0x1c00283b   Thumb Code   274  dhcp.o(.text)
    dhcp_delete_msg                          0x1c002ae7   Thumb Code    32  dhcp.o(.text)
    dhcp_option_byte                         0x1c002b07   Thumb Code    22  dhcp.o(.text)
    dhcp_set_state                           0x1c002b1d   Thumb Code    16  dhcp.o(.text)
    dhcp_timeout                             0x1c002b2d   Thumb Code   150  dhcp.o(.text)
    dhcp_handle_ack                          0x1c002bc3   Thumb Code    88  dhcp.o(.text)
    dhcp_decline                             0x1c002c1b   Thumb Code   104  dhcp.o(.text)
    .text                                    0x1c002c8c   Section        0  init.o(.text)
    .text                                    0x1c002ca4   Section        0  mem.o(.text)
    plug_holes                               0x1c002e8b   Thumb Code   108  mem.o(.text)
    .text                                    0x1c002f00   Section        0  memp.o(.text)
    .text                                    0x1c002f94   Section        0  netif.o(.text)
    .text                                    0x1c003180   Section        0  pbuf.o(.text)
    .text                                    0x1c0037b0   Section        0  raw.o(.text)
    .text                                    0x1c003954   Section        0  tcp.o(.text)
    tcp_close_shutdown                       0x1c003cbb   Thumb Code   284  tcp.o(.text)
    tcp_new_port                             0x1c003fff   Thumb Code    60  tcp.o(.text)
    tcp_accept_null                          0x1c0040a5   Thumb Code     6  tcp.o(.text)
    .text                                    0x1c00436c   Section        0  tcp_in.o(.text)
    tcp_oos_insert_segment                   0x1c00436d   Thumb Code   114  tcp_in.o(.text)
    tcp_receive                              0x1c0043df   Thumb Code  1920  tcp_in.o(.text)
    tcp_parseopt                             0x1c004b5f   Thumb Code   120  tcp_in.o(.text)
    tcp_process                              0x1c004bd7   Thumb Code   850  tcp_in.o(.text)
    tcp_listen_input                         0x1c004f29   Thumb Code   194  tcp_in.o(.text)
    tcp_timewait_input                       0x1c00534f   Thumb Code    96  tcp_in.o(.text)
    .text                                    0x1c0053c0   Section        0  tcp_out.o(.text)
    tcp_output_alloc_header                  0x1c0053c1   Thumb Code   118  tcp_out.o(.text)
    tcp_create_segment                       0x1c005437   Thumb Code   176  tcp_out.o(.text)
    tcp_pbuf_prealloc                        0x1c005601   Thumb Code    88  tcp_out.o(.text)
    tcp_output_segment                       0x1c005abd   Thumb Code   262  tcp_out.o(.text)
    tcp_seg_add_chksum                       0x1c005fdd   Thumb Code    32  tcp_out.o(.text)
    .text                                    0x1c005ffc   Section        0  timers.o(.text)
    tcpip_tcp_timer                          0x1c006053   Thumb Code    38  timers.o(.text)
    ip_reass_timer                           0x1c00609b   Thumb Code    20  timers.o(.text)
    arp_timer                                0x1c0060af   Thumb Code    20  timers.o(.text)
    dhcp_timer_coarse                        0x1c0060c3   Thumb Code    20  timers.o(.text)
    dhcp_timer_fine                          0x1c0060d7   Thumb Code    20  timers.o(.text)
    .text                                    0x1c0061e0   Section        0  udp.o(.text)
    .text                                    0x1c006630   Section        0  icmp.o(.text)
    icmp_send_response                       0x1c006747   Thumb Code   108  icmp.o(.text)
    .text                                    0x1c0067c8   Section        0  inet_chksum.o(.text)
    lwip_standard_chksum                     0x1c0067c9   Thumb Code    58  inet_chksum.o(.text)
    .text                                    0x1c006998   Section        0  ip.o(.text)
    .text                                    0x1c006c70   Section        0  ip_addr.o(.text)
    .text                                    0x1c006e68   Section        0  ip_frag.o(.text)
    ip_reass_free_complete_datagram          0x1c006e69   Thumb Code   148  ip_frag.o(.text)
    ip_reass_remove_oldest_datagram          0x1c006f25   Thumb Code    98  ip_frag.o(.text)
    ip_reass_chain_frag_into_datagram_and_validate 0x1c006f87   Thumb Code   276  ip_frag.o(.text)
    ipfrag_free_pbuf_custom                  0x1c007231   Thumb Code    26  ip_frag.o(.text)
    ip_reass_dequeue_datagram                0x1c0073c1   Thumb Code    30  ip_frag.o(.text)
    ip_frag_free_pbuf_custom_ref             0x1c0073df   Thumb Code    12  ip_frag.o(.text)
    .text                                    0x1c0073f4   Section        0  etharp.o(.text)
    free_entry                               0x1c0073f5   Thumb Code    24  etharp.o(.text)
    find_entry                               0x1c007441   Thumb Code   258  etharp.o(.text)
    etharp_arp_input                         0x1c007579   Thumb Code   224  etharp.o(.text)
    etharp_send_ip                           0x1c007883   Thumb Code    52  etharp.o(.text)
    update_arp_entry                         0x1c0078b7   Thumb Code   118  etharp.o(.text)
    etharp_raw                               0x1c00792d   Thumb Code   180  etharp.o(.text)
    .text                                    0x1c0079e4   Section        0  uldiv.o(.text)
    .text                                    0x1c007a46   Section        0  memcpya.o(.text)
    .text                                    0x1c007a6a   Section        0  memseta.o(.text)
    .text                                    0x1c007a90   Section        0  strlen.o(.text)
    .text                                    0x1c007aa0   Section        0  uidiv.o(.text)
    .text                                    0x1c007acc   Section        0  llshl.o(.text)
    .text                                    0x1c007aea   Section        0  llushr.o(.text)
    .text                                    0x1c007b0a   Section        0  dadd.o(.text)
    .text                                    0x1c007b0a   Section        0  iusefp.o(.text)
    .text                                    0x1c007c56   Section        0  dmul.o(.text)
    .text                                    0x1c007d36   Section        0  ddiv.o(.text)
    .text                                    0x1c007e14   Section        0  dfixul.o(.text)
    .text                                    0x1c007e44   Section       40  cdrcmple.o(.text)
    .text                                    0x1c007e6c   Section       36  init.o(.text)
    .text                                    0x1c007e90   Section        0  llsshr.o(.text)
    .text                                    0x1c007eb4   Section        0  depilogue.o(.text)
    i.__0vsprintf                            0x1c007f74   Section        0  printfa.o(i.__0vsprintf)
    i.__scatterload_copy                     0x1c007f94   Section       14  handlers.o(i.__scatterload_copy)
    i.__scatterload_null                     0x1c007fa2   Section        2  handlers.o(i.__scatterload_null)
    i.__scatterload_zeroinit                 0x1c007fa4   Section       14  handlers.o(i.__scatterload_zeroinit)
    i._fp_digits                             0x1c007fb4   Section        0  printfa.o(i._fp_digits)
    _fp_digits                               0x1c007fb5   Thumb Code   324  printfa.o(i._fp_digits)
    i._printf_core                           0x1c00810c   Section        0  printfa.o(i._printf_core)
    _printf_core                             0x1c00810d   Thumb Code  1782  printfa.o(i._printf_core)
    i._printf_post_padding                   0x1c008810   Section        0  printfa.o(i._printf_post_padding)
    _printf_post_padding                     0x1c008811   Thumb Code    38  printfa.o(i._printf_post_padding)
    i._printf_pre_padding                    0x1c008836   Section        0  printfa.o(i._printf_pre_padding)
    _printf_pre_padding                      0x1c008837   Thumb Code    48  printfa.o(i._printf_pre_padding)
    i._sputc                                 0x1c008866   Section        0  printfa.o(i._sputc)
    _sputc                                   0x1c008867   Thumb Code    10  printfa.o(i._sputc)
    .constdata                               0x1c008870   Section     1246  lpc43xx_cgu.o(.constdata)
    .constdata                               0x1c008d4e   Section       40  memp.o(.constdata)
    memp_sizes                               0x1c008d4e   Data          20  memp.o(.constdata)
    memp_num                                 0x1c008d62   Data          20  memp.o(.constdata)
    .constdata                               0x1c008d78   Section       84  tcp.o(.constdata)
    .constdata                               0x1c008dcc   Section        4  ip_addr.o(.constdata)
    .constdata                               0x1c008dd0   Section        4  ip_addr.o(.constdata)
    .constdata                               0x1c008dd4   Section       12  etharp.o(.constdata)
    .conststring                             0x1c008de0   Section      104  tcp.o(.conststring)

    Global Symbols

    Symbol Name                              Value     Ov Type        Size  Object(Section)

    BuildAttributes$$THM_ISAv4$E$P$D$K$B$S$7EM$VFPi3$EXTD16$VFPS$VFMA$PE$A:L22UL41UL21$X:L11$S22US41US21$IEEE1$IW$USESV6$~STKCKD$USESV7$~SHL$OSPACE$ROPI$EBA8$MICROLIB$REQ8$PRES8$EABIv2 0x00000000   Number         0  anon$$obj.o ABSOLUTE
    __ARM_use_no_argv                        0x00000000   Number         0  hitex1850_tcpecho_sa.o ABSOLUTE
    __use_no_errno                           0x00000000   Number         0  useno.o ABSOLUTE
    __use_no_exception_handling              0x00000000   Number         0  useno.o ABSOLUTE
    __use_no_fp                              0x00000000   Number         0  useno.o ABSOLUTE
    __use_no_heap                            0x00000000   Number         0  useno.o ABSOLUTE
    __use_no_heap_region                     0x00000000   Number         0  useno.o ABSOLUTE
    __use_no_semihosting                     0x00000000   Number         0  useno.o ABSOLUTE
    __use_no_semihosting_swi                 0x00000000   Number         0  useno.o ABSOLUTE
    __use_no_signal_handling                 0x00000000   Number         0  useno.o ABSOLUTE
    __decompress                              - Undefined Weak Reference
    _clock_init                               - Undefined Weak Reference
    SystemCoreClock                          0x10000000   Data           4  system_lpc43xx.o(.data)
    _db_msg                                  0x10000004   Data           4  debug_frmwrk.o(.data)
    _db_msg_                                 0x10000008   Data           4  debug_frmwrk.o(.data)
    _db_char                                 0x1000000c   Data           4  debug_frmwrk.o(.data)
    _db_dec                                  0x10000010   Data           4  debug_frmwrk.o(.data)
    _db_dec_16                               0x10000014   Data           4  debug_frmwrk.o(.data)
    _db_dec_32                               0x10000018   Data           4  debug_frmwrk.o(.data)
    _db_hex                                  0x1000001c   Data           4  debug_frmwrk.o(.data)
    _db_hex_16                               0x10000020   Data           4  debug_frmwrk.o(.data)
    _db_hex_32                               0x10000024   Data           4  debug_frmwrk.o(.data)
    _db_get_char                             0x10000028   Data           4  debug_frmwrk.o(.data)
    CGU_ClockSourceFrequency                 0x1000002c   Data          68  lpc43xx_cgu.o(.data)
    netif_list                               0x10000090   Data           4  netif.o(.data)
    netif_default                            0x10000094   Data           4  netif.o(.data)
    tcp_ticks                                0x100000a4   Data           4  tcp.o(.data)
    tcp_bound_pcbs                           0x100000a8   Data           4  tcp.o(.data)
    tcp_listen_pcbs                          0x100000ac   Data           4  tcp.o(.data)
    tcp_active_pcbs                          0x100000b0   Data           4  tcp.o(.data)
    tcp_tw_pcbs                              0x100000b4   Data           4  tcp.o(.data)
    tcp_tmp_pcb                              0x100000b8   Data           4  tcp.o(.data)
    tcp_input_pcb                            0x100000d4   Data           4  tcp_in.o(.data)
    udp_pcbs                                 0x100000e4   Data           4  udp.o(.data)
    current_netif                            0x100000ec   Data           4  ip.o(.data)
    current_header                           0x100000f0   Data           4  ip.o(.data)
    current_iphdr_src                        0x100000f4   Data           4  ip.o(.data)
    current_iphdr_dest                       0x100000f8   Data           4  ip.o(.data)
    dhcp_rx_options_val                      0x100006fc   Data          40  dhcp.o(.bss)
    dhcp_rx_options_given                    0x10000724   Data          10  dhcp.o(.bss)
    __initial_sp                             0x1001b350   Data           0  startup_hitex4350_m4.o(STACK)
    ram_heap                                 0x1008000c   Data       65564  mem.o(.bss)
    __Vectors                                0x1c000000   Data           4  startup_hitex4350_m4.o(RESET)
    __main                                   0x1c000115   Thumb Code     0  entry.o(.ARM.Collect$$$$00000000)
    _main_stk                                0x1c000115   Thumb Code     0  entry2.o(.ARM.Collect$$$$00000001)
    _main_scatterload                        0x1c000119   Thumb Code     0  entry5.o(.ARM.Collect$$$$00000004)
    __main_after_scatterload                 0x1c00011d   Thumb Code     0  entry5.o(.ARM.Collect$$$$00000004)
    _main_clock                              0x1c00011d   Thumb Code     0  entry7b.o(.ARM.Collect$$$$00000008)
    _main_init                               0x1c00011d   Thumb Code     0  entry8.o(.ARM.Collect$$$$00000009)
    fpuInit                                  0x1c000129   Thumb Code    34  fpu_init.o(.text)
    fpuEnable                                0x1c000159   Thumb Code    34  fpu_enable.o(.text)
    SystemInit                               0x1c000189   Thumb Code    30  system_lpc43xx.o(.text)
    Reset_Handler                            0x1c0001bd   Thumb Code     4  startup_hitex4350_m4.o(.text)
    NMI_Handler                              0x1c0001c1   Thumb Code     2  startup_hitex4350_m4.o(.text)
    HardFault_Handler                        0x1c0001c3   Thumb Code     2  startup_hitex4350_m4.o(.text)
    MemManage_Handler                        0x1c0001c5   Thumb Code     2  startup_hitex4350_m4.o(.text)
    BusFault_Handler                         0x1c0001c7   Thumb Code     2  startup_hitex4350_m4.o(.text)
    UsageFault_Handler                       0x1c0001c9   Thumb Code     2  startup_hitex4350_m4.o(.text)
    SVC_Handler                              0x1c0001cb   Thumb Code     2  startup_hitex4350_m4.o(.text)
    DebugMon_Handler                         0x1c0001cd   Thumb Code     2  startup_hitex4350_m4.o(.text)
    PendSV_Handler                           0x1c0001cf   Thumb Code     2  startup_hitex4350_m4.o(.text)
    ADC0_IRQHandler                          0x1c0001d3   Thumb Code     0  startup_hitex4350_m4.o(.text)
    ADC1_IRQHandler                          0x1c0001d3   Thumb Code     0  startup_hitex4350_m4.o(.text)
    ATIMER_IRQHandler                        0x1c0001d3   Thumb Code     0  startup_hitex4350_m4.o(.text)
    CAN0_IRQHandler                          0x1c0001d3   Thumb Code     0  startup_hitex4350_m4.o(.text)
    CAN1_IRQHandler                          0x1c0001d3   Thumb Code     0  startup_hitex4350_m4.o(.text)
    DAC_IRQHandler                           0x1c0001d3   Thumb Code     0  startup_hitex4350_m4.o(.text)
    DMA_IRQHandler                           0x1c0001d3   Thumb Code     0  startup_hitex4350_m4.o(.text)
    EVRT_IRQHandler                          0x1c0001d3   Thumb Code     0  startup_hitex4350_m4.o(.text)
    EZH_IRQHandler                           0x1c0001d3   Thumb Code     0  startup_hitex4350_m4.o(.text)
    FLASH_EEPROM_IRQHandler                  0x1c0001d3   Thumb Code     0  startup_hitex4350_m4.o(.text)
    GINT0_IRQHandler                         0x1c0001d3   Thumb Code     0  startup_hitex4350_m4.o(.text)
    GINT1_IRQHandler                         0x1c0001d3   Thumb Code     0  startup_hitex4350_m4.o(.text)
    GPIO0_IRQHandler                         0x1c0001d3   Thumb Code     0  startup_hitex4350_m4.o(.text)
    GPIO1_IRQHandler                         0x1c0001d3   Thumb Code     0  startup_hitex4350_m4.o(.text)
    GPIO2_IRQHandler                         0x1c0001d3   Thumb Code     0  startup_hitex4350_m4.o(.text)
    GPIO3_IRQHandler                         0x1c0001d3   Thumb Code     0  startup_hitex4350_m4.o(.text)
    GPIO4_IRQHandler                         0x1c0001d3   Thumb Code     0  startup_hitex4350_m4.o(.text)
    GPIO5_IRQHandler                         0x1c0001d3   Thumb Code     0  startup_hitex4350_m4.o(.text)
    GPIO6_IRQHandler                         0x1c0001d3   Thumb Code     0  startup_hitex4350_m4.o(.text)
    GPIO7_IRQHandler                         0x1c0001d3   Thumb Code     0  startup_hitex4350_m4.o(.text)
    I2C0_IRQHandler                          0x1c0001d3   Thumb Code     0  startup_hitex4350_m4.o(.text)
    I2C1_IRQHandler                          0x1c0001d3   Thumb Code     0  startup_hitex4350_m4.o(.text)
    I2S0_IRQHandler                          0x1c0001d3   Thumb Code     0  startup_hitex4350_m4.o(.text)
    I2S1_IRQHandler                          0x1c0001d3   Thumb Code     0  startup_hitex4350_m4.o(.text)
    LCD_IRQHandler                           0x1c0001d3   Thumb Code     0  startup_hitex4350_m4.o(.text)
    M0CORE_IRQHandler                        0x1c0001d3   Thumb Code     0  startup_hitex4350_m4.o(.text)
    M0s_IRQHandler                           0x1c0001d3   Thumb Code     0  startup_hitex4350_m4.o(.text)
    MCPWM_IRQHandler                         0x1c0001d3   Thumb Code     0  startup_hitex4350_m4.o(.text)
    QEI_IRQHandler                           0x1c0001d3   Thumb Code     0  startup_hitex4350_m4.o(.text)
    RIT_IRQHandler                           0x1c0001d3   Thumb Code     0  startup_hitex4350_m4.o(.text)
    RTC_IRQHandler                           0x1c0001d3   Thumb Code     0  startup_hitex4350_m4.o(.text)
    SCT_IRQHandler                           0x1c0001d3   Thumb Code     0  startup_hitex4350_m4.o(.text)
    SDIO_IRQHandler                          0x1c0001d3   Thumb Code     0  startup_hitex4350_m4.o(.text)
    SGPIO_IRQHandler                         0x1c0001d3   Thumb Code     0  startup_hitex4350_m4.o(.text)
    SPIFI_IRQHandler                         0x1c0001d3   Thumb Code     0  startup_hitex4350_m4.o(.text)
    SPI_IRQHandler                           0x1c0001d3   Thumb Code     0  startup_hitex4350_m4.o(.text)
    SSP0_IRQHandler                          0x1c0001d3   Thumb Code     0  startup_hitex4350_m4.o(.text)
    SSP1_IRQHandler                          0x1c0001d3   Thumb Code     0  startup_hitex4350_m4.o(.text)
    TIMER0_IRQHandler                        0x1c0001d3   Thumb Code     0  startup_hitex4350_m4.o(.text)
    TIMER1_IRQHandler                        0x1c0001d3   Thumb Code     0  startup_hitex4350_m4.o(.text)
    TIMER2_IRQHandler                        0x1c0001d3   Thumb Code     0  startup_hitex4350_m4.o(.text)
    TIMER3_IRQHandler                        0x1c0001d3   Thumb Code     0  startup_hitex4350_m4.o(.text)
    UART0_IRQHandler                         0x1c0001d3   Thumb Code     0  startup_hitex4350_m4.o(.text)
    UART1_IRQHandler                         0x1c0001d3   Thumb Code     0  startup_hitex4350_m4.o(.text)
    UART2_IRQHandler                         0x1c0001d3   Thumb Code     0  startup_hitex4350_m4.o(.text)
    UART3_IRQHandler                         0x1c0001d3   Thumb Code     0  startup_hitex4350_m4.o(.text)
    USB0_IRQHandler                          0x1c0001d3   Thumb Code     0  startup_hitex4350_m4.o(.text)
    USB1_IRQHandler                          0x1c0001d3   Thumb Code     0  startup_hitex4350_m4.o(.text)
    VADC_IRQHandler                          0x1c0001d3   Thumb Code     0  startup_hitex4350_m4.o(.text)
    WDT_IRQHandler                           0x1c0001d3   Thumb Code     0  startup_hitex4350_m4.o(.text)
    getPC                                    0x1c0001d9   Thumb Code     4  startup_hitex4350_m4.o(.text)
    UARTPutChar                              0x1c0001dd   Thumb Code    14  debug_frmwrk.o(.text)
    UARTGetChar                              0x1c0001eb   Thumb Code    24  debug_frmwrk.o(.text)
    UARTPuts                                 0x1c000203   Thumb Code    24  debug_frmwrk.o(.text)
    UARTPuts_                                0x1c00021b   Thumb Code    18  debug_frmwrk.o(.text)
    UARTPutDec                               0x1c00022d   Thumb Code    68  debug_frmwrk.o(.text)
    UARTPutDec16                             0x1c000271   Thumb Code   122  debug_frmwrk.o(.text)
    UARTPutDec32                             0x1c0002eb   Thumb Code   264  debug_frmwrk.o(.text)
    UARTPutHex                               0x1c0003f3   Thumb Code    54  debug_frmwrk.o(.text)
    UARTPutHex16                             0x1c000429   Thumb Code    54  debug_frmwrk.o(.text)
    UARTPutHex32                             0x1c00045f   Thumb Code    54  debug_frmwrk.o(.text)
    lpc_printf                               0x1c000495   Thumb Code    36  debug_frmwrk.o(.text)
    debug_frmwrk_init_clk                    0x1c0004b9   Thumb Code   124  debug_frmwrk.o(.text)
    CGU_UpdateClock                          0x1c000559   Thumb Code   132  lpc43xx_cgu.o(.text)
    CGU_EntityConnect                        0x1c0005dd   Thumb Code   102  lpc43xx_cgu.o(.text)
    CGU_EnableEntity                         0x1c000643   Thumb Code   212  lpc43xx_cgu.o(.text)
    CGU_SetPLL1                              0x1c000717   Thumb Code   100  lpc43xx_cgu.o(.text)
    CGU_SetXTALOSC                           0x1c00077b   Thumb Code    42  lpc43xx_cgu.o(.text)
    CGU_Init                                 0x1c0007a5   Thumb Code    54  lpc43xx_cgu.o(.text)
    CGU_GetBaseStatus                        0x1c0007db   Thumb Code   126  lpc43xx_cgu.o(.text)
    CGU_ConfigPWR                            0x1c000859   Thumb Code   318  lpc43xx_cgu.o(.text)
    CGU_GetPCLKFrequency                     0x1c000997   Thumb Code    88  lpc43xx_cgu.o(.text)
    CGU_SetDIV                               0x1c0009ef   Thumb Code    46  lpc43xx_cgu.o(.text)
    CGU_SetPLL0                              0x1c000a1d   Thumb Code    26  lpc43xx_cgu.o(.text)
    CGU_SetPLL0audio                         0x1c000a37   Thumb Code    30  lpc43xx_cgu.o(.text)
    CGU_FrequencyMonitor                     0x1c000a55   Thumb Code   120  lpc43xx_cgu.o(.text)
    CGU_RealFrequencyCompare                 0x1c000acd   Thumb Code    62  lpc43xx_cgu.o(.text)
    GPIO_SetDir                              0x1c000b35   Thumb Code    22  lpc43xx_gpio.o(.text)
    GPIO_SetValue                            0x1c000b4b   Thumb Code    12  lpc43xx_gpio.o(.text)
    GPIO_ClearValue                          0x1c000b57   Thumb Code    12  lpc43xx_gpio.o(.text)
    GPIO_ReadValue                           0x1c000b63   Thumb Code    12  lpc43xx_gpio.o(.text)
    FIO_SetDir                               0x1c000b6f   Thumb Code     2  lpc43xx_gpio.o(.text)
    FIO_SetValue                             0x1c000b71   Thumb Code    12  lpc43xx_gpio.o(.text)
    FIO_ClearValue                           0x1c000b7d   Thumb Code    12  lpc43xx_gpio.o(.text)
    FIO_ReadValue                            0x1c000b89   Thumb Code    12  lpc43xx_gpio.o(.text)
    FIO_SetMask                              0x1c000b95   Thumb Code    24  lpc43xx_gpio.o(.text)
    scu_pinmux                               0x1c000bb1   Thumb Code    16  lpc43xx_scu.o(.text)
    UART_Init                                0x1c000d23   Thumb Code   292  lpc43xx_uart.o(.text)
    UART_TxCmd                               0x1c000e47   Thumb Code    44  lpc43xx_uart.o(.text)
    UART_DeInit                              0x1c000e73   Thumb Code     4  lpc43xx_uart.o(.text)
    UART_ConfigStructInit                    0x1c000e77   Thumb Code    20  lpc43xx_uart.o(.text)
    UART_SendByte                            0x1c000e8b   Thumb Code     6  lpc43xx_uart.o(.text)
    UART_ReceiveByte                         0x1c000e91   Thumb Code     8  lpc43xx_uart.o(.text)
    UART_Send                                0x1c000e99   Thumb Code   126  lpc43xx_uart.o(.text)
    UART_Receive                             0x1c000f17   Thumb Code    82  lpc43xx_uart.o(.text)
    UART_ForceBreak                          0x1c000f69   Thumb Code    12  lpc43xx_uart.o(.text)
    UART_IntConfig                           0x1c000f75   Thumb Code   102  lpc43xx_uart.o(.text)
    UART_GetLineStatus                       0x1c000fdb   Thumb Code    16  lpc43xx_uart.o(.text)
    UART_CheckBusy                           0x1c000feb   Thumb Code    14  lpc43xx_uart.o(.text)
    UART_FIFOConfig                          0x1c000ff9   Thumb Code    64  lpc43xx_uart.o(.text)
    UART_FIFOConfigStructInit                0x1c001039   Thumb Code    14  lpc43xx_uart.o(.text)
    UART_ABCmd                               0x1c001047   Thumb Code    68  lpc43xx_uart.o(.text)
    UART_IrDAInvtInputCmd                    0x1c00108b   Thumb Code    26  lpc43xx_uart.o(.text)
    UART_IrDACmd                             0x1c0010a5   Thumb Code    20  lpc43xx_uart.o(.text)
    UART_IrDAPulseDivConfig                  0x1c0010b9   Thumb Code    22  lpc43xx_uart.o(.text)
    UART_FullModemForcePinState              0x1c0010cf   Thumb Code    36  lpc43xx_uart.o(.text)
    UART_FullModemConfigMode                 0x1c0010f3   Thumb Code    44  lpc43xx_uart.o(.text)
    UART_FullModemGetStatus                  0x1c00111f   Thumb Code     6  lpc43xx_uart.o(.text)
    UART_RS485Config                         0x1c001125   Thumb Code    84  lpc43xx_uart.o(.text)
    UART_RS485ReceiverCmd                    0x1c001179   Thumb Code    22  lpc43xx_uart.o(.text)
    UART_RS485Send                           0x1c00118f   Thumb Code   100  lpc43xx_uart.o(.text)
    UART_RS485SendSlvAddr                    0x1c0011f3   Thumb Code    14  lpc43xx_uart.o(.text)
    UART_RS485SendData                       0x1c001201   Thumb Code     4  lpc43xx_uart.o(.text)
    sys_now                                  0x1c001209   Thumb Code     4  sys_arch.o(.text)
    lpc_mii_write_noblock                    0x1c00120d   Thumb Code    24  lpc18xx_43xx_emac.o(.text)
    lpc_mii_write                            0x1c001225   Thumb Code    38  lpc18xx_43xx_emac.o(.text)
    lpc_mii_is_busy                          0x1c00124b   Thumb Code    10  lpc18xx_43xx_emac.o(.text)
    lpc_mii_read_data                        0x1c001255   Thumb Code     6  lpc18xx_43xx_emac.o(.text)
    lpc_mii_read_noblock                     0x1c00125b   Thumb Code    22  lpc18xx_43xx_emac.o(.text)
    lpc_mii_read                             0x1c001271   Thumb Code    50  lpc18xx_43xx_emac.o(.text)
    lpc_rx_queue                             0x1c0012fb   Thumb Code    60  lpc18xx_43xx_emac.o(.text)
    lpc_enetif_input                         0x1c001337   Thumb Code    58  lpc18xx_43xx_emac.o(.text)
    lpc_tx_reclaim                           0x1c001371   Thumb Code    92  lpc18xx_43xx_emac.o(.text)
    lpc_tx_ready                             0x1c0013cd   Thumb Code     8  lpc18xx_43xx_emac.o(.text)
    ETH_IRQHandler                           0x1c001491   Thumb Code     8  lpc18xx_43xx_emac.o(.text)
    lpc_emac_set_duplex                      0x1c0015c7   Thumb Code    22  lpc18xx_43xx_emac.o(.text)
    lpc_emac_set_speed                       0x1c0015dd   Thumb Code    56  lpc18xx_43xx_emac.o(.text)
    lpc_etharp_output                        0x1c001615   Thumb Code    18  lpc18xx_43xx_emac.o(.text)
    lpc_enetif_init                          0x1c001627   Thumb Code    86  lpc18xx_43xx_emac.o(.text)
    led_set                                  0x1c0017a1   Thumb Code    16  hitex4350_board.o(.text)
    board_setup                              0x1c0017b1   Thumb Code   334  hitex4350_board.o(.text)
    board_get_macaddr                        0x1c0018ff   Thumb Code    26  hitex4350_board.o(.text)
    lpc_phy_init                             0x1c0019e7   Thumb Code   136  lpc_phy_dp83848.o(.text)
    lpc_phy_sts_sm                           0x1c001a6f   Thumb Code    52  lpc_phy_dp83848.o(.text)
    echo_close                               0x1c001aa9   Thumb Code    64  echo.o(.text)
    echo_send                                0x1c001ae9   Thumb Code    80  echo.o(.text)
    echo_sent                                0x1c001b39   Thumb Code    52  echo.o(.text)
    echo_poll                                0x1c001b6d   Thumb Code    62  echo.o(.text)
    echo_error                               0x1c001bab   Thumb Code    10  echo.o(.text)
    echo_recv                                0x1c001bb5   Thumb Code   124  echo.o(.text)
    echo_accept                              0x1c001c31   Thumb Code    82  echo.o(.text)
    echo_init                                0x1c001c83   Thumb Code    50  echo.o(.text)
    main                                     0x1c001cbd   Thumb Code   142  hitex1850_tcpecho_sa.o(.text)
    SysTick_Enable                           0x1c001d59   Thumb Code    60  lpc18xx_43xx_systick_arch.o(.text)
    SysTick_Disable                          0x1c001d95   Thumb Code    14  lpc18xx_43xx_systick_arch.o(.text)
    SysTick_Handler                          0x1c001da3   Thumb Code    12  lpc18xx_43xx_systick_arch.o(.text)
    SysTick_GetMS                            0x1c001daf   Thumb Code     6  lpc18xx_43xx_systick_arch.o(.text)
    msDelay                                  0x1c001db5   Thumb Code    14  lpc18xx_43xx_systick_arch.o(.text)
    lwip_htons                               0x1c001dcd   Thumb Code     4  def.o(.text)
    lwip_ntohs                               0x1c001dd1   Thumb Code     4  def.o(.text)
    lwip_htonl                               0x1c001dd5   Thumb Code     4  def.o(.text)
    lwip_ntohl                               0x1c001dd9   Thumb Code     4  def.o(.text)
    dhcp_renew                               0x1c0021c1   Thumb Code   176  dhcp.o(.text)
    dhcp_coarse_tmr                          0x1c00232f   Thumb Code    90  dhcp.o(.text)
    dhcp_release                             0x1c002423   Thumb Code   158  dhcp.o(.text)
    dhcp_fine_tmr                            0x1c002577   Thumb Code    46  dhcp.o(.text)
    dhcp_set_struct                          0x1c0025a5   Thumb Code    32  dhcp.o(.text)
    dhcp_cleanup                             0x1c0025c5   Thumb Code    24  dhcp.o(.text)
    dhcp_stop                                0x1c0025dd   Thumb Code    54  dhcp.o(.text)
    dhcp_start                               0x1c00294d   Thumb Code   164  dhcp.o(.text)
    dhcp_inform                              0x1c0029f1   Thumb Code   148  dhcp.o(.text)
    dhcp_network_changed                     0x1c002a85   Thumb Code    68  dhcp.o(.text)
    dhcp_arp_reply                           0x1c002ac9   Thumb Code    30  dhcp.o(.text)
    lwip_init                                0x1c002c8d   Thumb Code    22  init.o(.text)
    mem_init                                 0x1c002ca5   Thumb Code    42  mem.o(.text)
    mem_free                                 0x1c002ccf   Thumb Code    52  mem.o(.text)
    mem_trim                                 0x1c002d03   Thumb Code   180  mem.o(.text)
    mem_malloc                               0x1c002db7   Thumb Code   188  mem.o(.text)
    mem_calloc                               0x1c002e73   Thumb Code    24  mem.o(.text)
    memp_init                                0x1c002f01   Thumb Code    78  memp.o(.text)
    memp_malloc                              0x1c002f4f   Thumb Code    34  memp.o(.text)
    memp_free                                0x1c002f71   Thumb Code    26  memp.o(.text)
    netif_init                               0x1c002f95   Thumb Code     2  netif.o(.text)
    netif_set_gw                             0x1c002f97   Thumb Code     8  netif.o(.text)
    netif_set_netmask                        0x1c002f9f   Thumb Code     8  netif.o(.text)
    netif_set_ipaddr                         0x1c002fa7   Thumb Code    94  netif.o(.text)
    netif_set_addr                           0x1c003005   Thumb Code    30  netif.o(.text)
    netif_add                                0x1c003023   Thumb Code    78  netif.o(.text)
    netif_set_default                        0x1c003071   Thumb Code     6  netif.o(.text)
    netif_set_down                           0x1c003077   Thumb Code    18  netif.o(.text)
    netif_remove                             0x1c003089   Thumb Code    68  netif.o(.text)
    netif_find                               0x1c0030cd   Thumb Code    60  netif.o(.text)
    netif_set_up                             0x1c003109   Thumb Code    32  netif.o(.text)
    netif_set_link_up                        0x1c003129   Thumb Code    56  netif.o(.text)
    netif_set_link_down                      0x1c003161   Thumb Code    18  netif.o(.text)
    pbuf_free                                0x1c003181   Thumb Code   110  pbuf.o(.text)
    pbuf_alloc                               0x1c0031ef   Thumb Code   338  pbuf.o(.text)
    pbuf_alloced_custom                      0x1c003341   Thumb Code    86  pbuf.o(.text)
    pbuf_realloc                             0x1c003397   Thumb Code   122  pbuf.o(.text)
    pbuf_header                              0x1c003411   Thumb Code   106  pbuf.o(.text)
    pbuf_clen                                0x1c00347b   Thumb Code    18  pbuf.o(.text)
    pbuf_ref                                 0x1c00348d   Thumb Code    12  pbuf.o(.text)
    pbuf_cat                                 0x1c003499   Thumb Code    44  pbuf.o(.text)
    pbuf_chain                               0x1c0034c5   Thumb Code    16  pbuf.o(.text)
    pbuf_dechain                             0x1c0034d5   Thumb Code    60  pbuf.o(.text)
    pbuf_copy                                0x1c003511   Thumb Code   154  pbuf.o(.text)
    pbuf_copy_partial                        0x1c0035ab   Thumb Code   102  pbuf.o(.text)
    pbuf_take                                0x1c003611   Thumb Code    94  pbuf.o(.text)
    pbuf_coalesce                            0x1c00366f   Thumb Code    46  pbuf.o(.text)
    pbuf_fill_chksum                         0x1c00369d   Thumb Code    74  pbuf.o(.text)
    pbuf_get_at                              0x1c0036e7   Thumb Code    24  pbuf.o(.text)
    pbuf_memcmp                              0x1c0036ff   Thumb Code    68  pbuf.o(.text)
    pbuf_memfind                             0x1c003743   Thumb Code    56  pbuf.o(.text)
    pbuf_strstr                              0x1c00377b   Thumb Code    54  pbuf.o(.text)
    raw_input                                0x1c0037b1   Thumb Code   120  raw.o(.text)
    raw_bind                                 0x1c003829   Thumb Code    10  raw.o(.text)
    raw_connect                              0x1c003833   Thumb Code    10  raw.o(.text)
    raw_recv                                 0x1c00383d   Thumb Code     6  raw.o(.text)
    raw_sendto                               0x1c003843   Thumb Code   180  raw.o(.text)
    raw_send                                 0x1c0038f7   Thumb Code     4  raw.o(.text)
    raw_remove                               0x1c0038fb   Thumb Code    40  raw.o(.text)
    raw_new                                  0x1c003923   Thumb Code    38  raw.o(.text)
    tcp_seg_free                             0x1c003955   Thumb Code    28  tcp.o(.text)
    tcp_segs_free                            0x1c003971   Thumb Code    18  tcp.o(.text)
    tcp_pcb_purge                            0x1c003983   Thumb Code    70  tcp.o(.text)
    tcp_slowtmr                              0x1c0039c9   Thumb Code   644  tcp.o(.text)
    tcp_pcb_remove                           0x1c003c4d   Thumb Code   110  tcp.o(.text)
    tcp_close                                0x1c003dd7   Thumb Code    22  tcp.o(.text)
    tcp_update_rcv_ann_wnd                   0x1c003ded   Thumb Code    68  tcp.o(.text)
    tcp_recved                               0x1c003e31   Thumb Code    72  tcp.o(.text)
    tcp_recv_null                            0x1c003e79   Thumb Code    34  tcp.o(.text)
    tcp_fasttmr                              0x1c003e9b   Thumb Code   102  tcp.o(.text)
    tcp_tmr                                  0x1c003f01   Thumb Code    26  tcp.o(.text)
    tcp_shutdown                             0x1c003f1b   Thumb Code    78  tcp.o(.text)
    tcp_abandon                              0x1c003f69   Thumb Code   146  tcp.o(.text)
    tcp_abort                                0x1c003ffb   Thumb Code     4  tcp.o(.text)
    tcp_bind                                 0x1c00403b   Thumb Code   106  tcp.o(.text)
    tcp_listen_with_backlog                  0x1c0040ab   Thumb Code   122  tcp.o(.text)
    tcp_eff_send_mss                         0x1c004125   Thumb Code    32  tcp.o(.text)
    tcp_next_iss                             0x1c004145   Thumb Code    12  tcp.o(.text)
    tcp_connect                              0x1c004151   Thumb Code   204  tcp.o(.text)
    tcp_setprio                              0x1c00421d   Thumb Code     4  tcp.o(.text)
    tcp_seg_copy                             0x1c004221   Thumb Code    32  tcp.o(.text)
    tcp_alloc                                0x1c004241   Thumb Code   242  tcp.o(.text)
    tcp_new                                  0x1c004333   Thumb Code     4  tcp.o(.text)
    tcp_arg                                  0x1c004337   Thumb Code     4  tcp.o(.text)
    tcp_recv                                 0x1c00433b   Thumb Code     6  tcp.o(.text)
    tcp_sent                                 0x1c004341   Thumb Code     6  tcp.o(.text)
    tcp_err                                  0x1c004347   Thumb Code     6  tcp.o(.text)
    tcp_accept                               0x1c00434d   Thumb Code     4  tcp.o(.text)
    tcp_poll                                 0x1c004351   Thumb Code    10  tcp.o(.text)
    tcp_debug_state_str                      0x1c00435b   Thumb Code     8  tcp.o(.text)
    tcp_input                                0x1c004feb   Thumb Code   868  tcp_in.o(.text)
    tcp_enqueue_flags                        0x1c0054e7   Thumb Code   224  tcp_out.o(.text)
    tcp_send_fin                             0x1c0055c7   Thumb Code    58  tcp_out.o(.text)
    tcp_write                                0x1c005659   Thumb Code  1028  tcp_out.o(.text)
    tcp_send_empty_ack                       0x1c005a5d   Thumb Code    96  tcp_out.o(.text)
    tcp_output                               0x1c005bc3   Thumb Code   438  tcp_out.o(.text)
    tcp_rst                                  0x1c005d79   Thumb Code   144  tcp_out.o(.text)
    tcp_rexmit_rto                           0x1c005e09   Thumb Code    44  tcp_out.o(.text)
    tcp_rexmit                               0x1c005e35   Thumb Code    78  tcp_out.o(.text)
    tcp_rexmit_fast                          0x1c005e83   Thumb Code    98  tcp_out.o(.text)
    tcp_keepalive                            0x1c005ee5   Thumb Code    80  tcp_out.o(.text)
    tcp_zero_window_probe                    0x1c005f35   Thumb Code   168  tcp_out.o(.text)
    sys_timeout                              0x1c005ffd   Thumb Code    86  timers.o(.text)
    tcp_timer_needed                         0x1c006079   Thumb Code    34  timers.o(.text)
    sys_timeouts_init                        0x1c0060eb   Thumb Code    60  timers.o(.text)
    sys_untimeout                            0x1c006127   Thumb Code    68  timers.o(.text)
    sys_check_timeouts                       0x1c00616b   Thumb Code    74  timers.o(.text)
    sys_restart_timeouts                     0x1c0061b5   Thumb Code    12  timers.o(.text)
    udp_input                                0x1c0061e1   Thumb Code   394  udp.o(.text)
    udp_bind                                 0x1c00636b   Thumb Code   116  udp.o(.text)
    udp_sendto_if_chksum                     0x1c0063df   Thumb Code   288  udp.o(.text)
    udp_sendto_chksum                        0x1c0064ff   Thumb Code    66  udp.o(.text)
    udp_send                                 0x1c006541   Thumb Code    18  udp.o(.text)
    udp_send_chksum                          0x1c006553   Thumb Code    16  udp.o(.text)
    udp_sendto                               0x1c006563   Thumb Code    14  udp.o(.text)
    udp_sendto_if                            0x1c006571   Thumb Code    20  udp.o(.text)
    udp_connect                              0x1c006585   Thumb Code    70  udp.o(.text)
    udp_disconnect                           0x1c0065cb   Thumb Code    16  udp.o(.text)
    udp_recv                                 0x1c0065db   Thumb Code     6  udp.o(.text)
    udp_remove                               0x1c0065e1   Thumb Code    52  udp.o(.text)
    udp_new                                  0x1c006615   Thumb Code    26  udp.o(.text)
    icmp_input                               0x1c006631   Thumb Code   278  icmp.o(.text)
    icmp_dest_unreach                        0x1c0067b3   Thumb Code     6  icmp.o(.text)
    icmp_time_exceeded                       0x1c0067b9   Thumb Code     6  icmp.o(.text)
    inet_chksum_pseudo                       0x1c006803   Thumb Code   136  inet_chksum.o(.text)
    inet_chksum_pseudo_partial               0x1c00688b   Thumb Code   166  inet_chksum.o(.text)
    inet_chksum                              0x1c006931   Thumb Code    12  inet_chksum.o(.text)
    inet_chksum_pbuf                         0x1c00693d   Thumb Code    72  inet_chksum.o(.text)
    lwip_chksum_copy                         0x1c006985   Thumb Code    20  inet_chksum.o(.text)
    ip_route                                 0x1c006999   Thumb Code    54  ip.o(.text)
    ip_input                                 0x1c0069cf   Thumb Code   380  ip.o(.text)
    ip_output_if                             0x1c006b4b   Thumb Code   224  ip.o(.text)
    ip_output                                0x1c006c2b   Thumb Code    58  ip.o(.text)
    ip4_addr_isbroadcast                     0x1c006c71   Thumb Code    46  ip_addr.o(.text)
    ip4_addr_netmask_valid                   0x1c006c9f   Thumb Code    38  ip_addr.o(.text)
    ipaddr_aton                              0x1c006cc5   Thumb Code   250  ip_addr.o(.text)
    ipaddr_addr                              0x1c006dbf   Thumb Code    20  ip_addr.o(.text)
    ipaddr_ntoa_r                            0x1c006dd3   Thumb Code   138  ip_addr.o(.text)
    ipaddr_ntoa                              0x1c006e5d   Thumb Code     6  ip_addr.o(.text)
    ip_reass_tmr                             0x1c006efd   Thumb Code    40  ip_frag.o(.text)
    ip_reass                                 0x1c00709b   Thumb Code   406  ip_frag.o(.text)
    ip_frag                                  0x1c00724b   Thumb Code   374  ip_frag.o(.text)
    etharp_tmr                               0x1c00740d   Thumb Code    52  etharp.o(.text)
    etharp_find_addr                         0x1c007543   Thumb Code    54  etharp.o(.text)
    etharp_request                           0x1c007659   Thumb Code    32  etharp.o(.text)
    etharp_query                             0x1c007679   Thumb Code   220  etharp.o(.text)
    etharp_output                            0x1c007755   Thumb Code   210  etharp.o(.text)
    ethernet_input                           0x1c007827   Thumb Code    92  etharp.o(.text)
    __aeabi_uldivmod                         0x1c0079e5   Thumb Code    98  uldiv.o(.text)
    __aeabi_memcpy                           0x1c007a47   Thumb Code    36  memcpya.o(.text)
    __aeabi_memcpy4                          0x1c007a47   Thumb Code     0  memcpya.o(.text)
    __aeabi_memcpy8                          0x1c007a47   Thumb Code     0  memcpya.o(.text)
    __aeabi_memset                           0x1c007a6b   Thumb Code    14  memseta.o(.text)
    __aeabi_memset4                          0x1c007a6b   Thumb Code     0  memseta.o(.text)
    __aeabi_memset8                          0x1c007a6b   Thumb Code     0  memseta.o(.text)
    __aeabi_memclr                           0x1c007a79   Thumb Code     4  memseta.o(.text)
    __aeabi_memclr4                          0x1c007a79   Thumb Code     0  memseta.o(.text)
    __aeabi_memclr8                          0x1c007a79   Thumb Code     0  memseta.o(.text)
    _memset$wrapper                          0x1c007a7d   Thumb Code    20  memseta.o(.text)
    strlen                                   0x1c007a91   Thumb Code    16  strlen.o(.text)
    __aeabi_uidiv                            0x1c007aa1   Thumb Code     0  uidiv.o(.text)
    __aeabi_uidivmod                         0x1c007aa1   Thumb Code    44  uidiv.o(.text)
    __aeabi_llsl                             0x1c007acd   Thumb Code    30  llshl.o(.text)
    _ll_shift_l                              0x1c007acd   Thumb Code     0  llshl.o(.text)
    __aeabi_llsr                             0x1c007aeb   Thumb Code    32  llushr.o(.text)
    _ll_ushift_r                             0x1c007aeb   Thumb Code     0  llushr.o(.text)
    __I$use$fp                               0x1c007b0b   Thumb Code     0  iusefp.o(.text)
    __aeabi_dadd                             0x1c007b0b   Thumb Code   320  dadd.o(.text)
    __aeabi_dsub                             0x1c007c4b   Thumb Code     6  dadd.o(.text)
    __aeabi_drsub                            0x1c007c51   Thumb Code     6  dadd.o(.text)
    __aeabi_dmul                             0x1c007c57   Thumb Code   224  dmul.o(.text)
    __aeabi_ddiv                             0x1c007d37   Thumb Code   222  ddiv.o(.text)
    __aeabi_d2ulz                            0x1c007e15   Thumb Code    48  dfixul.o(.text)
    __aeabi_cdrcmple                         0x1c007e45   Thumb Code    38  cdrcmple.o(.text)
    __scatterload                            0x1c007e6d   Thumb Code    28  init.o(.text)
    __scatterload_rt2                        0x1c007e6d   Thumb Code     0  init.o(.text)
    __aeabi_lasr                             0x1c007e91   Thumb Code    36  llsshr.o(.text)
    _ll_sshift_r                             0x1c007e91   Thumb Code     0  llsshr.o(.text)
    _double_round                            0x1c007eb5   Thumb Code    26  depilogue.o(.text)
    _double_epilogue                         0x1c007ecf   Thumb Code   164  depilogue.o(.text)
    __0vsprintf                              0x1c007f75   Thumb Code    28  printfa.o(i.__0vsprintf)
    __1vsprintf                              0x1c007f75   Thumb Code     0  printfa.o(i.__0vsprintf)
    __2vsprintf                              0x1c007f75   Thumb Code     0  printfa.o(i.__0vsprintf)
    __c89vsprintf                            0x1c007f75   Thumb Code     0  printfa.o(i.__0vsprintf)
    vsprintf                                 0x1c007f75   Thumb Code     0  printfa.o(i.__0vsprintf)
    __scatterload_copy                       0x1c007f95   Thumb Code    14  handlers.o(i.__scatterload_copy)
    __scatterload_null                       0x1c007fa3   Thumb Code     2  handlers.o(i.__scatterload_null)
    __scatterload_zeroinit                   0x1c007fa5   Thumb Code    14  handlers.o(i.__scatterload_zeroinit)
    CGU_Entity_ControlReg_Offset             0x1c008870   Data          90  lpc43xx_cgu.o(.constdata)
    CGU_ConnectAlloc_Tbl                     0x1c0088ca   Data         765  lpc43xx_cgu.o(.constdata)
    CGU_PERIPHERAL_Info                      0x1c008bc8   Data         390  lpc43xx_cgu.o(.constdata)
    tcp_persist_backoff                      0x1c008d78   Data           7  tcp.o(.constdata)
    tcp_state_str                            0x1c008d80   Data          44  tcp.o(.constdata)
    tcp_backoff                              0x1c008dac   Data          13  tcp.o(.constdata)
    tcp_pcb_lists                            0x1c008dbc   Data          16  tcp.o(.constdata)
    ip_addr_any                              0x1c008dcc   Data           4  ip_addr.o(.constdata)
    ip_addr_broadcast                        0x1c008dd0   Data           4  ip_addr.o(.constdata)
    ethbroadcast                             0x1c008dd4   Data           6  etharp.o(.constdata)
    ethzero                                  0x1c008dda   Data           6  etharp.o(.constdata)
    Region$$Table$$Base                      0x1c008e48   Number         0  anon$$obj.o(Region$$Table)
    Region$$Table$$Limit                     0x1c008e88   Number         0  anon$$obj.o(Region$$Table)



==============================================================================

Memory Map of the image

  Image Entry point : 0x1c000115

  Load Region FLASH (Base: 0x1c000000, Size: 0x00008f9c, Max: 0x00400000, ABSOLUTE)

    Execution Region ER_RW (Base: 0x10000000, Size: 0x0001b350, Max: 0x00020000, ABSOLUTE)

    Base Addr    Size         Type   Attr      Idx    E Section Name        Object

    0x10000000   0x00000004   Data   RW           33    .data               system_lpc43xx.o
    0x10000004   0x00000028   Data   RW           90    .data               debug_frmwrk.o
    0x1000002c   0x00000044   Data   RW          138    .data               lpc43xx_cgu.o
    0x10000070   0x0000000c   Data   RW          419    .data               lpc_phy_dp83848.o
    0x1000007c   0x00000004   Data   RW          456    .data               echo.o
    0x10000080   0x00000008   Data   RW          527    .data               lpc18xx_43xx_systick_arch.o
    0x10000088   0x00000004   Data   RW          565    .data               dhcp.o
    0x1000008c   0x0000000c   Data   RW          678    .data               netif.o
    0x10000098   0x00000004   Data   RW          720    .data               raw.o
    0x1000009c   0x00000020   Data   RW          748    .data               tcp.o
    0x100000bc   0x0000001c   Data   RW          772    .data               tcp_in.o
    0x100000d8   0x0000000c   Data   RW          806    .data               timers.o
    0x100000e4   0x00000004   Data   RW          823    .data               udp.o
    0x100000e8   0x00000014   Data   RW          908    .data               ip.o
    0x100000fc   0x00000008   Data   RW          953    .data               ip_frag.o
    0x10000104   0x00000001   Data   RW          969    .data               etharp.o
    0x10000105   0x00000003   PAD
    0x10000108   0x000005bc   Zero   RW          319    .bss                lpc18xx_43xx_emac.o
    0x100006c4   0x00000038   Zero   RW          478    .bss                hitex1850_tcpecho_sa.o
    0x100006fc   0x00000032   Zero   RW          564    .bss                dhcp.o
    0x1000072e   0x00000002   PAD
    0x10000730   0x00019b57   Zero   RW          651    .bss                memp.o
    0x1001a287   0x00000001   PAD
    0x1001a288   0x00000014   Zero   RW          771    .bss                tcp_in.o
    0x1001a29c   0x00000010   Zero   RW          929    .bss                ip_addr.o
    0x1001a2ac   0x000000a0   Zero   RW          967    .bss                etharp.o
    0x1001a34c   0x00000004   PAD
    0x1001a350   0x00001000   Zero   RW           77    STACK               startup_hitex4350_m4.o


    Execution Region PIRAM (Base: 0x10080000, Size: 0x00010028, Max: 0x00012000, ABSOLUTE)

    Base Addr    Size         Type   Attr      Idx    E Section Name        Object

    0x10080000   0x0000000c   Data   RW          636    .data               mem.o
    0x1008000c   0x0001001c   Zero   RW          635    .bss                mem.o


    Execution Region ER_RO (Base: 0x1c000000, Size: 0x00008e88, Max: 0x00400000, ABSOLUTE)

    Base Addr    Size         Type   Attr      Idx    E Section Name        Object

    0x1c000000   0x00000114   Data   RO           79    RESET               startup_hitex4350_m4.o
    0x1c000114   0x00000000   Code   RO          987  * .ARM.Collect$$$$00000000  mc_w.l(entry.o)
    0x1c000114   0x00000004   Code   RO         1028    .ARM.Collect$$$$00000001  mc_w.l(entry2.o)
    0x1c000118   0x00000004   Code   RO         1031    .ARM.Collect$$$$00000004  mc_w.l(entry5.o)
    0x1c00011c   0x00000000   Code   RO         1033    .ARM.Collect$$$$00000008  mc_w.l(entry7b.o)
    0x1c00011c   0x00000008   Code   RO         1034    .ARM.Collect$$$$00000009  mc_w.l(entry8.o)
    0x1c000124   0x00000004   Code   RO         1029    .ARM.Collect$$$$00002712  mc_w.l(entry2.o)
    0x1c000128   0x00000030   Code   RO            1    .text               fpu_init.o
    0x1c000158   0x00000030   Code   RO           18    .text               fpu_enable.o
    0x1c000188   0x00000034   Code   RO           32    .text               system_lpc43xx.o
    0x1c0001bc   0x00000020   Code   RO           81    .text               startup_hitex4350_m4.o
    0x1c0001dc   0x0000037c   Code   RO           89    .text               debug_frmwrk.o
    0x1c000558   0x000005dc   Code   RO          136    .text               lpc43xx_cgu.o
    0x1c000b34   0x0000007c   Code   RO          163    .text               lpc43xx_gpio.o
    0x1c000bb0   0x00000014   Code   RO          190    .text               lpc43xx_scu.o
    0x1c000bc4   0x00000644   Code   RO          210    .text               lpc43xx_uart.o
    0x1c001208   0x00000004   Code   RO          254    .text               sys_arch.o
    0x1c00120c   0x00000594   Code   RO          318    .text               lpc18xx_43xx_emac.o
    0x1c0017a0   0x0000017c   Code   RO          400    .text               hitex4350_board.o
    0x1c00191c   0x0000018c   Code   RO          418    .text               lpc_phy_dp83848.o
    0x1c001aa8   0x00000214   Code   RO          455    .text               echo.o
    0x1c001cbc   0x0000009c   Code   RO          477    .text               hitex1850_tcpecho_sa.o
    0x1c001d58   0x00000074   Code   RO          526    .text               lpc18xx_43xx_systick_arch.o
    0x1c001dcc   0x00000010   Code   RO          550    .text               def.o
    0x1c001ddc   0x00000eb0   Code   RO          563    .text               dhcp.o
    0x1c002c8c   0x00000016   Code   RO          594    .text               init.o
    0x1c002ca2   0x00000002   PAD
    0x1c002ca4   0x0000025c   Code   RO          634    .text               mem.o
    0x1c002f00   0x00000094   Code   RO          650    .text               memp.o
    0x1c002f94   0x000001ec   Code   RO          677    .text               netif.o
    0x1c003180   0x00000630   Code   RO          700    .text               pbuf.o
    0x1c0037b0   0x000001a4   Code   RO          719    .text               raw.o
    0x1c003954   0x00000a18   Code   RO          745    .text               tcp.o
    0x1c00436c   0x00001054   Code   RO          770    .text               tcp_in.o
    0x1c0053c0   0x00000c3c   Code   RO          793    .text               tcp_out.o
    0x1c005ffc   0x000001e4   Code   RO          805    .text               timers.o
    0x1c0061e0   0x0000044e   Code   RO          822    .text               udp.o
    0x1c00662e   0x00000002   PAD
    0x1c006630   0x00000198   Code   RO          858    .text               icmp.o
    0x1c0067c8   0x000001d0   Code   RO          889    .text               inet_chksum.o
    0x1c006998   0x000002d8   Code   RO          907    .text               ip.o
    0x1c006c70   0x000001f8   Code   RO          928    .text               ip_addr.o
    0x1c006e68   0x0000058c   Code   RO          952    .text               ip_frag.o
    0x1c0073f4   0x000005f0   Code   RO          966    .text               etharp.o
    0x1c0079e4   0x00000062   Code   RO          990    .text               mc_w.l(uldiv.o)
    0x1c007a46   0x00000024   Code   RO          992    .text               mc_w.l(memcpya.o)
    0x1c007a6a   0x00000026   Code   RO          994    .text               mc_w.l(memseta.o)
    0x1c007a90   0x00000010   Code   RO          996    .text               mc_w.l(strlen.o)
    0x1c007aa0   0x0000002c   Code   RO         1035    .text               mc_w.l(uidiv.o)
    0x1c007acc   0x0000001e   Code   RO         1037    .text               mc_w.l(llshl.o)
    0x1c007aea   0x00000020   Code   RO         1039    .text               mc_w.l(llushr.o)
    0x1c007b0a   0x00000000   Code   RO         1041    .text               mc_w.l(iusefp.o)
    0x1c007b0a   0x0000014c   Code   RO         1042    .text               mf_w.l(dadd.o)
    0x1c007c56   0x000000e0   Code   RO         1044    .text               mf_w.l(dmul.o)
    0x1c007d36   0x000000de   Code   RO         1046    .text               mf_w.l(ddiv.o)
    0x1c007e14   0x00000030   Code   RO         1048    .text               mf_w.l(dfixul.o)
    0x1c007e44   0x00000028   Code   RO         1050    .text               mf_w.l(cdrcmple.o)
    0x1c007e6c   0x00000024   Code   RO         1052    .text               mc_w.l(init.o)
    0x1c007e90   0x00000024   Code   RO         1054    .text               mc_w.l(llsshr.o)
    0x1c007eb4   0x000000be   Code   RO         1056    .text               mf_w.l(depilogue.o)
    0x1c007f72   0x00000002   PAD
    0x1c007f74   0x00000020   Code   RO         1007    i.__0vsprintf       mc_w.l(printfa.o)
    0x1c007f94   0x0000000e   Code   RO         1060    i.__scatterload_copy  mc_w.l(handlers.o)
    0x1c007fa2   0x00000002   Code   RO         1061    i.__scatterload_null  mc_w.l(handlers.o)
    0x1c007fa4   0x0000000e   Code   RO         1062    i.__scatterload_zeroinit  mc_w.l(handlers.o)
    0x1c007fb2   0x00000002   PAD
    0x1c007fb4   0x00000158   Code   RO         1008    i._fp_digits        mc_w.l(printfa.o)
    0x1c00810c   0x00000704   Code   RO         1009    i._printf_core      mc_w.l(printfa.o)
    0x1c008810   0x00000026   Code   RO         1010    i._printf_post_padding  mc_w.l(printfa.o)
    0x1c008836   0x00000030   Code   RO         1011    i._printf_pre_padding  mc_w.l(printfa.o)
    0x1c008866   0x0000000a   Code   RO         1013    i._sputc            mc_w.l(printfa.o)
    0x1c008870   0x000004de   Data   RO          137    .constdata          lpc43xx_cgu.o
    0x1c008d4e   0x00000028   Data   RO          652    .constdata          memp.o
    0x1c008d76   0x00000002   PAD
    0x1c008d78   0x00000054   Data   RO          746    .constdata          tcp.o
    0x1c008dcc   0x00000004   Data   RO          930    .constdata          ip_addr.o
    0x1c008dd0   0x00000004   Data   RO          931    .constdata          ip_addr.o
    0x1c008dd4   0x0000000c   Data   RO          968    .constdata          etharp.o
    0x1c008de0   0x00000068   Data   RO          747    .conststring        tcp.o
    0x1c008e48   0x00000040   Data   RO         1058    Region$$Table       anon$$obj.o



  Load Region LR$$.ARM.__at_0x02FC (Base: 0x000002fc, Size: 0x00000004, Max: 0x00000004, ABSOLUTE)

    Execution Region ER$$.ARM.__at_0x02FC (Base: 0x000002fc, Size: 0x00000004, Max: 0x00000004, ABSOLUTE, UNINIT)

    Base Addr    Size         Type   Attr      Idx    E Section Name        Object

    0x000002fc   0x00000004   Code   RO           80    .ARM.__at_0x02FC    startup_hitex4350_m4.o


==============================================================================

Image component sizes


      Code (inc. data)   RO Data    RW Data    ZI Data      Debug   Object Name

       892         36          0         40          0      16811   debug_frmwrk.o
        16          0          0          0          0       1508   def.o
      3760         58          0          4         50      14262   dhcp.o
       532          8          0          4          0       8046   echo.o
      1520         16         12          1        160       9484   etharp.o
        48         14          0          0          0       1316   fpu_enable.o
        48         14          0          0          0       5458   fpu_init.o
       156         14          0          0         56       8573   hitex1850_tcpecho_sa.o
       380          4          0          0          0       1844   hitex4350_board.o
       408         10          0          0          0       2622   icmp.o
         0          0          0          0          0       3884   inet.o
       464          0          0          0          0       3486   inet_chksum.o
        22          0          0          0          0       9977   init.o
       728         12          0         20          0       6631   ip.o
       504         12          8          0         16       9983   ip_addr.o
      1420         16          0          8          0       6908   ip_frag.o
      1428         62          0          0       1468      52319   lpc18xx_43xx_emac.o
       116         10          0          8          0      28674   lpc18xx_43xx_systick_arch.o
      1500        120       1246         68          0      10717   lpc43xx_cgu.o
       124          4          0          0          0       2938   lpc43xx_gpio.o
        20          4          0          0          0       1233   lpc43xx_scu.o
      1604         28          0          0          0       9846   lpc43xx_uart.o
         0          0          0          0          0        812   lpc_debug.o
       396          6          0         12          0      11797   lpc_phy_dp83848.o
       604         10          0         12      65564       4162   mem.o
       148         10         40          0     105303       3394   memp.o
       492         14          0         12          0       7055   netif.o
      1584          0          0          0          0       9996   pbuf.o
       420         12          0          4          0       3913   raw.o
        36          8        276          0       4096       1156   startup_hitex4350_m4.o
         4          0          0          0          0       2682   sys_arch.o
        52         22          0          4          0      32755   system_lpc43xx.o
      2584         46        188         32          0      21096   tcp.o
      4180        100          0         28         20      15887   tcp_in.o
      3132         12          0          0          0      11411   tcp_out.o
       484         32          0         12          0       3107   timers.o
      1102         12          0          4          0      15897   udp.o

    ----------------------------------------------------------------------
     30912        726       1836        276     176740     361640   Object Totals
         0          0         64          0          0          0   (incl. Generated)
         4          0          2          3          7          0   (incl. Padding)

    ----------------------------------------------------------------------

      Code (inc. data)   RO Data    RW Data    ZI Data      Debug   Library Member Name

         0          0          0          0          0          0   entry.o
         8          4          0          0          0          0   entry2.o
         4          0          0          0          0          0   entry5.o
         0          0          0          0          0          0   entry7b.o
         8          4          0          0          0          0   entry8.o
        30          0          0          0          0          0   handlers.o
        36          8          0          0          0         68   init.o
         0          0          0          0          0          0   iusefp.o
        30          0          0          0          0         68   llshl.o
        36          0          0          0          0         68   llsshr.o
        32          0          0          0          0         68   llushr.o
        36          0          0          0          0         68   memcpya.o
        38          0          0          0          0        108   memseta.o
      2268         82          0          0          0        508   printfa.o
        16          0          0          0          0         68   strlen.o
        44          0          0          0          0         80   uidiv.o
        98          0          0          0          0         92   uldiv.o
        40          2          0          0          0         68   cdrcmple.o
       332          0          0          0          0        148   dadd.o
       222          0          0          0          0        100   ddiv.o
       190          0          0          0          0        176   depilogue.o
        48          0          0          0          0         68   dfixul.o
       224          0          0          0          0         96   dmul.o

    ----------------------------------------------------------------------
      3744        100          0          0          0       1852   Library Totals
         4          0          0          0          0          0   (incl. Padding)

    ----------------------------------------------------------------------

      Code (inc. data)   RO Data    RW Data    ZI Data      Debug   Library Name

      2684         98          0          0          0       1196   mc_w.l
      1056          2          0          0          0        656   mf_w.l

    ----------------------------------------------------------------------
      3744        100          0          0          0       1852   Library Totals

    ----------------------------------------------------------------------

==============================================================================


      Code (inc. data)   RO Data    RW Data    ZI Data      Debug   

     34656        826       1836        276     176740     355956   Grand Totals
     34656        826       1836        276     176740     355956   ELF Image Totals
     34656        826       1836        276          0          0   ROM Totals

==============================================================================

    Total RO  Size (Code + RO Data)                36492 (  35.64kB)
    Total RW  Size (RW Data + ZI Data)            177016 ( 172.87kB)
    Total ROM Size (Code + RO Data + RW Data)      36768 (  35.91kB)

==============================================================================

