<!doctype html public "-//w3c//dtd html 4.0 transitional//en">
<html><head>
<title>Static Call Graph - [.\__flash\example.axf]</title></head>
<body><HR>
<H1>Static Call Graph for image .\__flash\example.axf</H1><HR>
<BR><P>#&#060CALLGRAPH&#062# ARM Linker, 4.1 [Build 894]: Last Updated: Sat Jul 07 14:28:45 2012
<BR><P>
<H3>Maximum Stack Usage =        512 bytes + Unknown(Cycles, Untraceable Function Pointers)</H3><H3>
Call chain for Maximum Stack Depth:</H3>
ethernet_input &rArr; ip_input &rArr; tcp_input &rArr; tcp_listen_input &rArr; tcp_alloc &rArr; tcp_abort &rArr; tcp_abandon &rArr; tcp_pcb_remove &rArr; tcp_output &rArr; tcp_output_segment &rArr; ip_output &rArr; ip_output_if &rArr; ip_frag &rArr; pbuf_alloc &rArr; pbuf_free &rArr; mem_free &rArr; plug_holes
<P>
<H3>
Mutually Recursive functions
</H3> <LI><a href="#[1]">NMI_Handler</a>&nbsp;&nbsp;&nbsp;&rArr;&nbsp;&nbsp;&nbsp;<a href="#[1]">NMI_Handler</a><BR>
 <LI><a href="#[2]">HardFault_Handler</a>&nbsp;&nbsp;&nbsp;&rArr;&nbsp;&nbsp;&nbsp;<a href="#[2]">HardFault_Handler</a><BR>
 <LI><a href="#[3]">MemManage_Handler</a>&nbsp;&nbsp;&nbsp;&rArr;&nbsp;&nbsp;&nbsp;<a href="#[3]">MemManage_Handler</a><BR>
 <LI><a href="#[4]">BusFault_Handler</a>&nbsp;&nbsp;&nbsp;&rArr;&nbsp;&nbsp;&nbsp;<a href="#[4]">BusFault_Handler</a><BR>
 <LI><a href="#[5]">UsageFault_Handler</a>&nbsp;&nbsp;&nbsp;&rArr;&nbsp;&nbsp;&nbsp;<a href="#[5]">UsageFault_Handler</a><BR>
 <LI><a href="#[6]">SVC_Handler</a>&nbsp;&nbsp;&nbsp;&rArr;&nbsp;&nbsp;&nbsp;<a href="#[6]">SVC_Handler</a><BR>
 <LI><a href="#[7]">DebugMon_Handler</a>&nbsp;&nbsp;&nbsp;&rArr;&nbsp;&nbsp;&nbsp;<a href="#[7]">DebugMon_Handler</a><BR>
 <LI><a href="#[8]">PendSV_Handler</a>&nbsp;&nbsp;&nbsp;&rArr;&nbsp;&nbsp;&nbsp;<a href="#[8]">PendSV_Handler</a><BR>
 <LI><a href="#[1b]">ADC0_IRQHandler</a>&nbsp;&nbsp;&nbsp;&rArr;&nbsp;&nbsp;&nbsp;<a href="#[1b]">ADC0_IRQHandler</a><BR>
</UL>
<P>
<H3>
Function Pointers
</H3><UL>
 <LI><a href="#[1b]">ADC0_IRQHandler</a> from startup_hitex4350_m4.o(.text) referenced from startup_hitex4350_m4.o(RESET)
 <LI><a href="#[1f]">ADC1_IRQHandler</a> from startup_hitex4350_m4.o(.text) referenced from startup_hitex4350_m4.o(RESET)
 <LI><a href="#[37]">ATIMER_IRQHandler</a> from startup_hitex4350_m4.o(.text) referenced from startup_hitex4350_m4.o(RESET)
 <LI><a href="#[4]">BusFault_Handler</a> from startup_hitex4350_m4.o(.text) referenced from startup_hitex4350_m4.o(RESET)
 <LI><a href="#[3b]">CAN0_IRQHandler</a> from startup_hitex4350_m4.o(.text) referenced from startup_hitex4350_m4.o(RESET)
 <LI><a href="#[35]">CAN1_IRQHandler</a> from startup_hitex4350_m4.o(.text) referenced from startup_hitex4350_m4.o(RESET)
 <LI><a href="#[a]">DAC_IRQHandler</a> from startup_hitex4350_m4.o(.text) referenced from startup_hitex4350_m4.o(RESET)
 <LI><a href="#[c]">DMA_IRQHandler</a> from startup_hitex4350_m4.o(.text) referenced from startup_hitex4350_m4.o(RESET)
 <LI><a href="#[7]">DebugMon_Handler</a> from startup_hitex4350_m4.o(.text) referenced from startup_hitex4350_m4.o(RESET)
 <LI><a href="#[f]">ETH_IRQHandler</a> from lpc18xx_43xx_emac.o(.text) referenced from startup_hitex4350_m4.o(RESET)
 <LI><a href="#[34]">EVRT_IRQHandler</a> from startup_hitex4350_m4.o(.text) referenced from startup_hitex4350_m4.o(RESET)
 <LI><a href="#[d]">EZH_IRQHandler</a> from startup_hitex4350_m4.o(.text) referenced from startup_hitex4350_m4.o(RESET)
 <LI><a href="#[e]">FLASH_EEPROM_IRQHandler</a> from startup_hitex4350_m4.o(.text) referenced from startup_hitex4350_m4.o(RESET)
 <LI><a href="#[32]">GINT0_IRQHandler</a> from startup_hitex4350_m4.o(.text) referenced from startup_hitex4350_m4.o(RESET)
 <LI><a href="#[33]">GINT1_IRQHandler</a> from startup_hitex4350_m4.o(.text) referenced from startup_hitex4350_m4.o(RESET)
 <LI><a href="#[2a]">GPIO0_IRQHandler</a> from startup_hitex4350_m4.o(.text) referenced from startup_hitex4350_m4.o(RESET)
 <LI><a href="#[2b]">GPIO1_IRQHandler</a> from startup_hitex4350_m4.o(.text) referenced from startup_hitex4350_m4.o(RESET)
 <LI><a href="#[2c]">GPIO2_IRQHandler</a> from startup_hitex4350_m4.o(.text) referenced from startup_hitex4350_m4.o(RESET)
 <LI><a href="#[2d]">GPIO3_IRQHandler</a> from startup_hitex4350_m4.o(.text) referenced from startup_hitex4350_m4.o(RESET)
 <LI><a href="#[2e]">GPIO4_IRQHandler</a> from startup_hitex4350_m4.o(.text) referenced from startup_hitex4350_m4.o(RESET)
 <LI><a href="#[2f]">GPIO5_IRQHandler</a> from startup_hitex4350_m4.o(.text) referenced from startup_hitex4350_m4.o(RESET)
 <LI><a href="#[30]">GPIO6_IRQHandler</a> from startup_hitex4350_m4.o(.text) referenced from startup_hitex4350_m4.o(RESET)
 <LI><a href="#[31]">GPIO7_IRQHandler</a> from startup_hitex4350_m4.o(.text) referenced from startup_hitex4350_m4.o(RESET)
 <LI><a href="#[2]">HardFault_Handler</a> from startup_hitex4350_m4.o(.text) referenced from startup_hitex4350_m4.o(RESET)
 <LI><a href="#[1c]">I2C0_IRQHandler</a> from startup_hitex4350_m4.o(.text) referenced from startup_hitex4350_m4.o(RESET)
 <LI><a href="#[1d]">I2C1_IRQHandler</a> from startup_hitex4350_m4.o(.text) referenced from startup_hitex4350_m4.o(RESET)
 <LI><a href="#[26]">I2S0_IRQHandler</a> from startup_hitex4350_m4.o(.text) referenced from startup_hitex4350_m4.o(RESET)
 <LI><a href="#[27]">I2S1_IRQHandler</a> from startup_hitex4350_m4.o(.text) referenced from startup_hitex4350_m4.o(RESET)
 <LI><a href="#[11]">LCD_IRQHandler</a> from startup_hitex4350_m4.o(.text) referenced from startup_hitex4350_m4.o(RESET)
 <LI><a href="#[b]">M0CORE_IRQHandler</a> from startup_hitex4350_m4.o(.text) referenced from startup_hitex4350_m4.o(RESET)
 <LI><a href="#[3a]">M0s_IRQHandler</a> from startup_hitex4350_m4.o(.text) referenced from startup_hitex4350_m4.o(RESET)
 <LI><a href="#[1a]">MCPWM_IRQHandler</a> from startup_hitex4350_m4.o(.text) referenced from startup_hitex4350_m4.o(RESET)
 <LI><a href="#[3]">MemManage_Handler</a> from startup_hitex4350_m4.o(.text) referenced from startup_hitex4350_m4.o(RESET)
 <LI><a href="#[1]">NMI_Handler</a> from startup_hitex4350_m4.o(.text) referenced from startup_hitex4350_m4.o(RESET)
 <LI><a href="#[8]">PendSV_Handler</a> from startup_hitex4350_m4.o(.text) referenced from startup_hitex4350_m4.o(RESET)
 <LI><a href="#[3c]">QEI_IRQHandler</a> from startup_hitex4350_m4.o(.text) referenced from startup_hitex4350_m4.o(RESET)
 <LI><a href="#[15]">RIT_IRQHandler</a> from startup_hitex4350_m4.o(.text) referenced from startup_hitex4350_m4.o(RESET)
 <LI><a href="#[38]">RTC_IRQHandler</a> from startup_hitex4350_m4.o(.text) referenced from startup_hitex4350_m4.o(RESET)
 <LI><a href="#[0]">Reset_Handler</a> from startup_hitex4350_m4.o(.text) referenced from startup_hitex4350_m4.o(RESET)
 <LI><a href="#[14]">SCT_IRQHandler</a> from startup_hitex4350_m4.o(.text) referenced from startup_hitex4350_m4.o(RESET)
 <LI><a href="#[10]">SDIO_IRQHandler</a> from startup_hitex4350_m4.o(.text) referenced from startup_hitex4350_m4.o(RESET)
 <LI><a href="#[29]">SGPIO_IRQHandler</a> from startup_hitex4350_m4.o(.text) referenced from startup_hitex4350_m4.o(RESET)
 <LI><a href="#[28]">SPIFI_IRQHandler</a> from startup_hitex4350_m4.o(.text) referenced from startup_hitex4350_m4.o(RESET)
 <LI><a href="#[1e]">SPI_IRQHandler</a> from startup_hitex4350_m4.o(.text) referenced from startup_hitex4350_m4.o(RESET)
 <LI><a href="#[20]">SSP0_IRQHandler</a> from startup_hitex4350_m4.o(.text) referenced from startup_hitex4350_m4.o(RESET)
 <LI><a href="#[21]">SSP1_IRQHandler</a> from startup_hitex4350_m4.o(.text) referenced from startup_hitex4350_m4.o(RESET)
 <LI><a href="#[6]">SVC_Handler</a> from startup_hitex4350_m4.o(.text) referenced from startup_hitex4350_m4.o(RESET)
 <LI><a href="#[9]">SysTick_Handler</a> from lpc18xx_43xx_systick_arch.o(.text) referenced from startup_hitex4350_m4.o(RESET)
 <LI><a href="#[16]">TIMER0_IRQHandler</a> from startup_hitex4350_m4.o(.text) referenced from startup_hitex4350_m4.o(RESET)
 <LI><a href="#[17]">TIMER1_IRQHandler</a> from startup_hitex4350_m4.o(.text) referenced from startup_hitex4350_m4.o(RESET)
 <LI><a href="#[18]">TIMER2_IRQHandler</a> from startup_hitex4350_m4.o(.text) referenced from startup_hitex4350_m4.o(RESET)
 <LI><a href="#[19]">TIMER3_IRQHandler</a> from startup_hitex4350_m4.o(.text) referenced from startup_hitex4350_m4.o(RESET)
 <LI><a href="#[22]">UART0_IRQHandler</a> from startup_hitex4350_m4.o(.text) referenced from startup_hitex4350_m4.o(RESET)
 <LI><a href="#[23]">UART1_IRQHandler</a> from startup_hitex4350_m4.o(.text) referenced from startup_hitex4350_m4.o(RESET)
 <LI><a href="#[24]">UART2_IRQHandler</a> from startup_hitex4350_m4.o(.text) referenced from startup_hitex4350_m4.o(RESET)
 <LI><a href="#[25]">UART3_IRQHandler</a> from startup_hitex4350_m4.o(.text) referenced from startup_hitex4350_m4.o(RESET)
 <LI><a href="#[4f]">UARTGetChar</a> from debug_frmwrk.o(.text) referenced from debug_frmwrk.o(.text)
 <LI><a href="#[4d]">UARTPutChar</a> from debug_frmwrk.o(.text) referenced from debug_frmwrk.o(.text)
 <LI><a href="#[53]">UARTPutDec</a> from debug_frmwrk.o(.text) referenced from debug_frmwrk.o(.text)
 <LI><a href="#[54]">UARTPutDec16</a> from debug_frmwrk.o(.text) referenced from debug_frmwrk.o(.text)
 <LI><a href="#[55]">UARTPutDec32</a> from debug_frmwrk.o(.text) referenced from debug_frmwrk.o(.text)
 <LI><a href="#[56]">UARTPutHex</a> from debug_frmwrk.o(.text) referenced from debug_frmwrk.o(.text)
 <LI><a href="#[57]">UARTPutHex16</a> from debug_frmwrk.o(.text) referenced from debug_frmwrk.o(.text)
 <LI><a href="#[58]">UARTPutHex32</a> from debug_frmwrk.o(.text) referenced from debug_frmwrk.o(.text)
 <LI><a href="#[51]">UARTPuts</a> from debug_frmwrk.o(.text) referenced from debug_frmwrk.o(.text)
 <LI><a href="#[52]">UARTPuts_</a> from debug_frmwrk.o(.text) referenced from debug_frmwrk.o(.text)
 <LI><a href="#[12]">USB0_IRQHandler</a> from startup_hitex4350_m4.o(.text) referenced from startup_hitex4350_m4.o(RESET)
 <LI><a href="#[13]">USB1_IRQHandler</a> from startup_hitex4350_m4.o(.text) referenced from startup_hitex4350_m4.o(RESET)
 <LI><a href="#[5]">UsageFault_Handler</a> from startup_hitex4350_m4.o(.text) referenced from startup_hitex4350_m4.o(RESET)
 <LI><a href="#[36]">VADC_IRQHandler</a> from startup_hitex4350_m4.o(.text) referenced from startup_hitex4350_m4.o(RESET)
 <LI><a href="#[39]">WDT_IRQHandler</a> from startup_hitex4350_m4.o(.text) referenced from startup_hitex4350_m4.o(RESET)
 <LI><a href="#[3e]">__main</a> from entry.o(.ARM.Collect$$$$00000000) referenced from startup_hitex4350_m4.o(.text)
 <LI><a href="#[4a]">_sputc</a> from printfa.o(i._sputc) referenced from printfa.o(i.__0vsprintf)
 <LI><a href="#[46]">arp_timer</a> from timers.o(.text) referenced from timers.o(.text)
 <LI><a href="#[42]">dhcp_recv</a> from dhcp.o(.text) referenced from dhcp.o(.text)
 <LI><a href="#[47]">dhcp_timer_coarse</a> from timers.o(.text) referenced from timers.o(.text)
 <LI><a href="#[48]">dhcp_timer_fine</a> from timers.o(.text) referenced from timers.o(.text)
 <LI><a href="#[aa]">echo_accept</a> from echo.o(.text) referenced from echo.o(.text)
 <LI><a href="#[a7]">echo_error</a> from echo.o(.text) referenced from echo.o(.text)
 <LI><a href="#[a5]">echo_poll</a> from echo.o(.text) referenced from echo.o(.text)
 <LI><a href="#[a8]">echo_recv</a> from echo.o(.text) referenced from echo.o(.text)
 <LI><a href="#[a4]">echo_sent</a> from echo.o(.text) referenced 3 times from echo.o(.text)
 <LI><a href="#[40]">ethernet_input</a> from etharp.o(.text) referenced from hitex1850_tcpecho_sa.o(.text)
 <LI><a href="#[45]">ip_reass_timer</a> from timers.o(.text) referenced from timers.o(.text)
 <LI><a href="#[49]">ipfrag_free_pbuf_custom</a> from ip_frag.o(.text) referenced from ip_frag.o(.text)
 <LI><a href="#[41]">lpc_enetif_init</a> from lpc18xx_43xx_emac.o(.text) referenced from hitex1850_tcpecho_sa.o(.text)
 <LI><a href="#[8a]">lpc_etharp_output</a> from lpc18xx_43xx_emac.o(.text) referenced from lpc18xx_43xx_emac.o(.text)
 <LI><a href="#[3f]">lpc_low_level_output</a> from lpc18xx_43xx_emac.o(.text) referenced from lpc18xx_43xx_emac.o(.text)
 <LI><a href="#[3d]">main</a> from hitex1850_tcpecho_sa.o(.text) referenced from entry8.o(.ARM.Collect$$$$00000009)
 <LI><a href="#[43]">tcp_accept_null</a> from tcp.o(.text) referenced from tcp.o(.text)
 <LI><a href="#[117]">tcp_recv_null</a> from tcp.o(.text) referenced from tcp.o(.text)
 <LI><a href="#[44]">tcpip_tcp_timer</a> from timers.o(.text) referenced from timers.o(.text)
</UL>
<P>
<H3>
Global Symbols
</H3>
<P><STRONG><a name="[3e]"></a>__main</STRONG> (Thumb, 0 bytes, Stack size unknown bytes, entry.o(.ARM.Collect$$$$00000000))
<BR>[Address Reference Count : 1]<UL><LI> startup_hitex4350_m4.o(.text)
</UL>
<P><STRONG><a name="[173]"></a>_main_stk</STRONG> (Thumb, 0 bytes, Stack size unknown bytes, entry2.o(.ARM.Collect$$$$00000001))

<P><STRONG><a name="[4b]"></a>_main_scatterload</STRONG> (Thumb, 0 bytes, Stack size unknown bytes, entry5.o(.ARM.Collect$$$$00000004))
<BR><BR>[Calls]<UL><LI><a href="#[4c]">&gt;&gt;</a>&nbsp;&nbsp;&nbsp;__scatterload
</UL>

<P><STRONG><a name="[16b]"></a>__main_after_scatterload</STRONG> (Thumb, 0 bytes, Stack size unknown bytes, entry5.o(.ARM.Collect$$$$00000004))
<BR><BR>[Called By]<UL><LI><a href="#[4c]">&gt;&gt;</a>&nbsp;&nbsp;&nbsp;__scatterload
</UL>

<P><STRONG><a name="[174]"></a>_main_clock</STRONG> (Thumb, 0 bytes, Stack size unknown bytes, entry7b.o(.ARM.Collect$$$$00000008))

<P><STRONG><a name="[175]"></a>_main_init</STRONG> (Thumb, 0 bytes, Stack size unknown bytes, entry8.o(.ARM.Collect$$$$00000009))

<P><STRONG><a name="[b3]"></a>fpuInit</STRONG> (Thumb, 34 bytes, Stack size 0 bytes, fpu_init.o(.text))
<BR><BR>[Called By]<UL><LI><a href="#[3d]">&gt;&gt;</a>&nbsp;&nbsp;&nbsp;main
</UL>

<P><STRONG><a name="[b4]"></a>fpuEnable</STRONG> (Thumb, 34 bytes, Stack size 0 bytes, fpu_enable.o(.text))
<BR><BR>[Called By]<UL><LI><a href="#[3d]">&gt;&gt;</a>&nbsp;&nbsp;&nbsp;main
</UL>

<P><STRONG><a name="[b2]"></a>SystemInit</STRONG> (Thumb, 30 bytes, Stack size 0 bytes, system_lpc43xx.o(.text))
<BR><BR>[Called By]<UL><LI><a href="#[3d]">&gt;&gt;</a>&nbsp;&nbsp;&nbsp;main
</UL>

<P><STRONG><a name="[0]"></a>Reset_Handler</STRONG> (Thumb, 4 bytes, Stack size 0 bytes, startup_hitex4350_m4.o(.text))
<BR>[Address Reference Count : 1]<UL><LI> startup_hitex4350_m4.o(RESET)
</UL>
<P><STRONG><a name="[1]"></a>NMI_Handler</STRONG> (Thumb, 2 bytes, Stack size 0 bytes, startup_hitex4350_m4.o(.text))
<BR><BR>[Calls]<UL><LI><a href="#[1]">&gt;&gt;</a>&nbsp;&nbsp;&nbsp;NMI_Handler
</UL>
<BR>[Called By]<UL><LI><a href="#[1]">&gt;&gt;</a>&nbsp;&nbsp;&nbsp;NMI_Handler
</UL>
<BR>[Address Reference Count : 1]<UL><LI> startup_hitex4350_m4.o(RESET)
</UL>
<P><STRONG><a name="[2]"></a>HardFault_Handler</STRONG> (Thumb, 2 bytes, Stack size 0 bytes, startup_hitex4350_m4.o(.text))
<BR><BR>[Calls]<UL><LI><a href="#[2]">&gt;&gt;</a>&nbsp;&nbsp;&nbsp;HardFault_Handler
</UL>
<BR>[Called By]<UL><LI><a href="#[2]">&gt;&gt;</a>&nbsp;&nbsp;&nbsp;HardFault_Handler
</UL>
<BR>[Address Reference Count : 1]<UL><LI> startup_hitex4350_m4.o(RESET)
</UL>
<P><STRONG><a name="[3]"></a>MemManage_Handler</STRONG> (Thumb, 2 bytes, Stack size 0 bytes, startup_hitex4350_m4.o(.text))
<BR><BR>[Calls]<UL><LI><a href="#[3]">&gt;&gt;</a>&nbsp;&nbsp;&nbsp;MemManage_Handler
</UL>
<BR>[Called By]<UL><LI><a href="#[3]">&gt;&gt;</a>&nbsp;&nbsp;&nbsp;MemManage_Handler
</UL>
<BR>[Address Reference Count : 1]<UL><LI> startup_hitex4350_m4.o(RESET)
</UL>
<P><STRONG><a name="[4]"></a>BusFault_Handler</STRONG> (Thumb, 2 bytes, Stack size 0 bytes, startup_hitex4350_m4.o(.text))
<BR><BR>[Calls]<UL><LI><a href="#[4]">&gt;&gt;</a>&nbsp;&nbsp;&nbsp;BusFault_Handler
</UL>
<BR>[Called By]<UL><LI><a href="#[4]">&gt;&gt;</a>&nbsp;&nbsp;&nbsp;BusFault_Handler
</UL>
<BR>[Address Reference Count : 1]<UL><LI> startup_hitex4350_m4.o(RESET)
</UL>
<P><STRONG><a name="[5]"></a>UsageFault_Handler</STRONG> (Thumb, 2 bytes, Stack size 0 bytes, startup_hitex4350_m4.o(.text))
<BR><BR>[Calls]<UL><LI><a href="#[5]">&gt;&gt;</a>&nbsp;&nbsp;&nbsp;UsageFault_Handler
</UL>
<BR>[Called By]<UL><LI><a href="#[5]">&gt;&gt;</a>&nbsp;&nbsp;&nbsp;UsageFault_Handler
</UL>
<BR>[Address Reference Count : 1]<UL><LI> startup_hitex4350_m4.o(RESET)
</UL>
<P><STRONG><a name="[6]"></a>SVC_Handler</STRONG> (Thumb, 2 bytes, Stack size 0 bytes, startup_hitex4350_m4.o(.text))
<BR><BR>[Calls]<UL><LI><a href="#[6]">&gt;&gt;</a>&nbsp;&nbsp;&nbsp;SVC_Handler
</UL>
<BR>[Called By]<UL><LI><a href="#[6]">&gt;&gt;</a>&nbsp;&nbsp;&nbsp;SVC_Handler
</UL>
<BR>[Address Reference Count : 1]<UL><LI> startup_hitex4350_m4.o(RESET)
</UL>
<P><STRONG><a name="[7]"></a>DebugMon_Handler</STRONG> (Thumb, 2 bytes, Stack size 0 bytes, startup_hitex4350_m4.o(.text))
<BR><BR>[Calls]<UL><LI><a href="#[7]">&gt;&gt;</a>&nbsp;&nbsp;&nbsp;DebugMon_Handler
</UL>
<BR>[Called By]<UL><LI><a href="#[7]">&gt;&gt;</a>&nbsp;&nbsp;&nbsp;DebugMon_Handler
</UL>
<BR>[Address Reference Count : 1]<UL><LI> startup_hitex4350_m4.o(RESET)
</UL>
<P><STRONG><a name="[8]"></a>PendSV_Handler</STRONG> (Thumb, 2 bytes, Stack size 0 bytes, startup_hitex4350_m4.o(.text))
<BR><BR>[Calls]<UL><LI><a href="#[8]">&gt;&gt;</a>&nbsp;&nbsp;&nbsp;PendSV_Handler
</UL>
<BR>[Called By]<UL><LI><a href="#[8]">&gt;&gt;</a>&nbsp;&nbsp;&nbsp;PendSV_Handler
</UL>
<BR>[Address Reference Count : 1]<UL><LI> startup_hitex4350_m4.o(RESET)
</UL>
<P><STRONG><a name="[1b]"></a>ADC0_IRQHandler</STRONG> (Thumb, 0 bytes, Stack size 0 bytes, startup_hitex4350_m4.o(.text))
<BR><BR>[Calls]<UL><LI><a href="#[1b]">&gt;&gt;</a>&nbsp;&nbsp;&nbsp;ADC0_IRQHandler
</UL>
<BR>[Called By]<UL><LI><a href="#[1b]">&gt;&gt;</a>&nbsp;&nbsp;&nbsp;ADC0_IRQHandler
</UL>
<BR>[Address Reference Count : 1]<UL><LI> startup_hitex4350_m4.o(RESET)
</UL>
<P><STRONG><a name="[1f]"></a>ADC1_IRQHandler</STRONG> (Thumb, 0 bytes, Stack size 0 bytes, startup_hitex4350_m4.o(.text))
<BR>[Address Reference Count : 1]<UL><LI> startup_hitex4350_m4.o(RESET)
</UL>
<P><STRONG><a name="[37]"></a>ATIMER_IRQHandler</STRONG> (Thumb, 0 bytes, Stack size 0 bytes, startup_hitex4350_m4.o(.text))
<BR>[Address Reference Count : 1]<UL><LI> startup_hitex4350_m4.o(RESET)
</UL>
<P><STRONG><a name="[3b]"></a>CAN0_IRQHandler</STRONG> (Thumb, 0 bytes, Stack size 0 bytes, startup_hitex4350_m4.o(.text))
<BR>[Address Reference Count : 1]<UL><LI> startup_hitex4350_m4.o(RESET)
</UL>
<P><STRONG><a name="[35]"></a>CAN1_IRQHandler</STRONG> (Thumb, 0 bytes, Stack size 0 bytes, startup_hitex4350_m4.o(.text))
<BR>[Address Reference Count : 1]<UL><LI> startup_hitex4350_m4.o(RESET)
</UL>
<P><STRONG><a name="[a]"></a>DAC_IRQHandler</STRONG> (Thumb, 0 bytes, Stack size 0 bytes, startup_hitex4350_m4.o(.text))
<BR>[Address Reference Count : 1]<UL><LI> startup_hitex4350_m4.o(RESET)
</UL>
<P><STRONG><a name="[c]"></a>DMA_IRQHandler</STRONG> (Thumb, 0 bytes, Stack size 0 bytes, startup_hitex4350_m4.o(.text))
<BR>[Address Reference Count : 1]<UL><LI> startup_hitex4350_m4.o(RESET)
</UL>
<P><STRONG><a name="[34]"></a>EVRT_IRQHandler</STRONG> (Thumb, 0 bytes, Stack size 0 bytes, startup_hitex4350_m4.o(.text))
<BR>[Address Reference Count : 1]<UL><LI> startup_hitex4350_m4.o(RESET)
</UL>
<P><STRONG><a name="[d]"></a>EZH_IRQHandler</STRONG> (Thumb, 0 bytes, Stack size 0 bytes, startup_hitex4350_m4.o(.text))
<BR>[Address Reference Count : 1]<UL><LI> startup_hitex4350_m4.o(RESET)
</UL>
<P><STRONG><a name="[e]"></a>FLASH_EEPROM_IRQHandler</STRONG> (Thumb, 0 bytes, Stack size 0 bytes, startup_hitex4350_m4.o(.text))
<BR>[Address Reference Count : 1]<UL><LI> startup_hitex4350_m4.o(RESET)
</UL>
<P><STRONG><a name="[32]"></a>GINT0_IRQHandler</STRONG> (Thumb, 0 bytes, Stack size 0 bytes, startup_hitex4350_m4.o(.text))
<BR>[Address Reference Count : 1]<UL><LI> startup_hitex4350_m4.o(RESET)
</UL>
<P><STRONG><a name="[33]"></a>GINT1_IRQHandler</STRONG> (Thumb, 0 bytes, Stack size 0 bytes, startup_hitex4350_m4.o(.text))
<BR>[Address Reference Count : 1]<UL><LI> startup_hitex4350_m4.o(RESET)
</UL>
<P><STRONG><a name="[2a]"></a>GPIO0_IRQHandler</STRONG> (Thumb, 0 bytes, Stack size 0 bytes, startup_hitex4350_m4.o(.text))
<BR>[Address Reference Count : 1]<UL><LI> startup_hitex4350_m4.o(RESET)
</UL>
<P><STRONG><a name="[2b]"></a>GPIO1_IRQHandler</STRONG> (Thumb, 0 bytes, Stack size 0 bytes, startup_hitex4350_m4.o(.text))
<BR>[Address Reference Count : 1]<UL><LI> startup_hitex4350_m4.o(RESET)
</UL>
<P><STRONG><a name="[2c]"></a>GPIO2_IRQHandler</STRONG> (Thumb, 0 bytes, Stack size 0 bytes, startup_hitex4350_m4.o(.text))
<BR>[Address Reference Count : 1]<UL><LI> startup_hitex4350_m4.o(RESET)
</UL>
<P><STRONG><a name="[2d]"></a>GPIO3_IRQHandler</STRONG> (Thumb, 0 bytes, Stack size 0 bytes, startup_hitex4350_m4.o(.text))
<BR>[Address Reference Count : 1]<UL><LI> startup_hitex4350_m4.o(RESET)
</UL>
<P><STRONG><a name="[2e]"></a>GPIO4_IRQHandler</STRONG> (Thumb, 0 bytes, Stack size 0 bytes, startup_hitex4350_m4.o(.text))
<BR>[Address Reference Count : 1]<UL><LI> startup_hitex4350_m4.o(RESET)
</UL>
<P><STRONG><a name="[2f]"></a>GPIO5_IRQHandler</STRONG> (Thumb, 0 bytes, Stack size 0 bytes, startup_hitex4350_m4.o(.text))
<BR>[Address Reference Count : 1]<UL><LI> startup_hitex4350_m4.o(RESET)
</UL>
<P><STRONG><a name="[30]"></a>GPIO6_IRQHandler</STRONG> (Thumb, 0 bytes, Stack size 0 bytes, startup_hitex4350_m4.o(.text))
<BR>[Address Reference Count : 1]<UL><LI> startup_hitex4350_m4.o(RESET)
</UL>
<P><STRONG><a name="[31]"></a>GPIO7_IRQHandler</STRONG> (Thumb, 0 bytes, Stack size 0 bytes, startup_hitex4350_m4.o(.text))
<BR>[Address Reference Count : 1]<UL><LI> startup_hitex4350_m4.o(RESET)
</UL>
<P><STRONG><a name="[1c]"></a>I2C0_IRQHandler</STRONG> (Thumb, 0 bytes, Stack size 0 bytes, startup_hitex4350_m4.o(.text))
<BR>[Address Reference Count : 1]<UL><LI> startup_hitex4350_m4.o(RESET)
</UL>
<P><STRONG><a name="[1d]"></a>I2C1_IRQHandler</STRONG> (Thumb, 0 bytes, Stack size 0 bytes, startup_hitex4350_m4.o(.text))
<BR>[Address Reference Count : 1]<UL><LI> startup_hitex4350_m4.o(RESET)
</UL>
<P><STRONG><a name="[26]"></a>I2S0_IRQHandler</STRONG> (Thumb, 0 bytes, Stack size 0 bytes, startup_hitex4350_m4.o(.text))
<BR>[Address Reference Count : 1]<UL><LI> startup_hitex4350_m4.o(RESET)
</UL>
<P><STRONG><a name="[27]"></a>I2S1_IRQHandler</STRONG> (Thumb, 0 bytes, Stack size 0 bytes, startup_hitex4350_m4.o(.text))
<BR>[Address Reference Count : 1]<UL><LI> startup_hitex4350_m4.o(RESET)
</UL>
<P><STRONG><a name="[11]"></a>LCD_IRQHandler</STRONG> (Thumb, 0 bytes, Stack size 0 bytes, startup_hitex4350_m4.o(.text))
<BR>[Address Reference Count : 1]<UL><LI> startup_hitex4350_m4.o(RESET)
</UL>
<P><STRONG><a name="[b]"></a>M0CORE_IRQHandler</STRONG> (Thumb, 0 bytes, Stack size 0 bytes, startup_hitex4350_m4.o(.text))
<BR>[Address Reference Count : 1]<UL><LI> startup_hitex4350_m4.o(RESET)
</UL>
<P><STRONG><a name="[3a]"></a>M0s_IRQHandler</STRONG> (Thumb, 0 bytes, Stack size 0 bytes, startup_hitex4350_m4.o(.text))
<BR>[Address Reference Count : 1]<UL><LI> startup_hitex4350_m4.o(RESET)
</UL>
<P><STRONG><a name="[1a]"></a>MCPWM_IRQHandler</STRONG> (Thumb, 0 bytes, Stack size 0 bytes, startup_hitex4350_m4.o(.text))
<BR>[Address Reference Count : 1]<UL><LI> startup_hitex4350_m4.o(RESET)
</UL>
<P><STRONG><a name="[3c]"></a>QEI_IRQHandler</STRONG> (Thumb, 0 bytes, Stack size 0 bytes, startup_hitex4350_m4.o(.text))
<BR>[Address Reference Count : 1]<UL><LI> startup_hitex4350_m4.o(RESET)
</UL>
<P><STRONG><a name="[15]"></a>RIT_IRQHandler</STRONG> (Thumb, 0 bytes, Stack size 0 bytes, startup_hitex4350_m4.o(.text))
<BR>[Address Reference Count : 1]<UL><LI> startup_hitex4350_m4.o(RESET)
</UL>
<P><STRONG><a name="[38]"></a>RTC_IRQHandler</STRONG> (Thumb, 0 bytes, Stack size 0 bytes, startup_hitex4350_m4.o(.text))
<BR>[Address Reference Count : 1]<UL><LI> startup_hitex4350_m4.o(RESET)
</UL>
<P><STRONG><a name="[14]"></a>SCT_IRQHandler</STRONG> (Thumb, 0 bytes, Stack size 0 bytes, startup_hitex4350_m4.o(.text))
<BR>[Address Reference Count : 1]<UL><LI> startup_hitex4350_m4.o(RESET)
</UL>
<P><STRONG><a name="[10]"></a>SDIO_IRQHandler</STRONG> (Thumb, 0 bytes, Stack size 0 bytes, startup_hitex4350_m4.o(.text))
<BR>[Address Reference Count : 1]<UL><LI> startup_hitex4350_m4.o(RESET)
</UL>
<P><STRONG><a name="[29]"></a>SGPIO_IRQHandler</STRONG> (Thumb, 0 bytes, Stack size 0 bytes, startup_hitex4350_m4.o(.text))
<BR>[Address Reference Count : 1]<UL><LI> startup_hitex4350_m4.o(RESET)
</UL>
<P><STRONG><a name="[28]"></a>SPIFI_IRQHandler</STRONG> (Thumb, 0 bytes, Stack size 0 bytes, startup_hitex4350_m4.o(.text))
<BR>[Address Reference Count : 1]<UL><LI> startup_hitex4350_m4.o(RESET)
</UL>
<P><STRONG><a name="[1e]"></a>SPI_IRQHandler</STRONG> (Thumb, 0 bytes, Stack size 0 bytes, startup_hitex4350_m4.o(.text))
<BR>[Address Reference Count : 1]<UL><LI> startup_hitex4350_m4.o(RESET)
</UL>
<P><STRONG><a name="[20]"></a>SSP0_IRQHandler</STRONG> (Thumb, 0 bytes, Stack size 0 bytes, startup_hitex4350_m4.o(.text))
<BR>[Address Reference Count : 1]<UL><LI> startup_hitex4350_m4.o(RESET)
</UL>
<P><STRONG><a name="[21]"></a>SSP1_IRQHandler</STRONG> (Thumb, 0 bytes, Stack size 0 bytes, startup_hitex4350_m4.o(.text))
<BR>[Address Reference Count : 1]<UL><LI> startup_hitex4350_m4.o(RESET)
</UL>
<P><STRONG><a name="[16]"></a>TIMER0_IRQHandler</STRONG> (Thumb, 0 bytes, Stack size 0 bytes, startup_hitex4350_m4.o(.text))
<BR>[Address Reference Count : 1]<UL><LI> startup_hitex4350_m4.o(RESET)
</UL>
<P><STRONG><a name="[17]"></a>TIMER1_IRQHandler</STRONG> (Thumb, 0 bytes, Stack size 0 bytes, startup_hitex4350_m4.o(.text))
<BR>[Address Reference Count : 1]<UL><LI> startup_hitex4350_m4.o(RESET)
</UL>
<P><STRONG><a name="[18]"></a>TIMER2_IRQHandler</STRONG> (Thumb, 0 bytes, Stack size 0 bytes, startup_hitex4350_m4.o(.text))
<BR>[Address Reference Count : 1]<UL><LI> startup_hitex4350_m4.o(RESET)
</UL>
<P><STRONG><a name="[19]"></a>TIMER3_IRQHandler</STRONG> (Thumb, 0 bytes, Stack size 0 bytes, startup_hitex4350_m4.o(.text))
<BR>[Address Reference Count : 1]<UL><LI> startup_hitex4350_m4.o(RESET)
</UL>
<P><STRONG><a name="[22]"></a>UART0_IRQHandler</STRONG> (Thumb, 0 bytes, Stack size 0 bytes, startup_hitex4350_m4.o(.text))
<BR>[Address Reference Count : 1]<UL><LI> startup_hitex4350_m4.o(RESET)
</UL>
<P><STRONG><a name="[23]"></a>UART1_IRQHandler</STRONG> (Thumb, 0 bytes, Stack size 0 bytes, startup_hitex4350_m4.o(.text))
<BR>[Address Reference Count : 1]<UL><LI> startup_hitex4350_m4.o(RESET)
</UL>
<P><STRONG><a name="[24]"></a>UART2_IRQHandler</STRONG> (Thumb, 0 bytes, Stack size 0 bytes, startup_hitex4350_m4.o(.text))
<BR>[Address Reference Count : 1]<UL><LI> startup_hitex4350_m4.o(RESET)
</UL>
<P><STRONG><a name="[25]"></a>UART3_IRQHandler</STRONG> (Thumb, 0 bytes, Stack size 0 bytes, startup_hitex4350_m4.o(.text))
<BR>[Address Reference Count : 1]<UL><LI> startup_hitex4350_m4.o(RESET)
</UL>
<P><STRONG><a name="[12]"></a>USB0_IRQHandler</STRONG> (Thumb, 0 bytes, Stack size 0 bytes, startup_hitex4350_m4.o(.text))
<BR>[Address Reference Count : 1]<UL><LI> startup_hitex4350_m4.o(RESET)
</UL>
<P><STRONG><a name="[13]"></a>USB1_IRQHandler</STRONG> (Thumb, 0 bytes, Stack size 0 bytes, startup_hitex4350_m4.o(.text))
<BR>[Address Reference Count : 1]<UL><LI> startup_hitex4350_m4.o(RESET)
</UL>
<P><STRONG><a name="[36]"></a>VADC_IRQHandler</STRONG> (Thumb, 0 bytes, Stack size 0 bytes, startup_hitex4350_m4.o(.text))
<BR>[Address Reference Count : 1]<UL><LI> startup_hitex4350_m4.o(RESET)
</UL>
<P><STRONG><a name="[39]"></a>WDT_IRQHandler</STRONG> (Thumb, 0 bytes, Stack size 0 bytes, startup_hitex4350_m4.o(.text))
<BR>[Address Reference Count : 1]<UL><LI> startup_hitex4350_m4.o(RESET)
</UL>
<P><STRONG><a name="[176]"></a>getPC</STRONG> (Thumb, 4 bytes, Stack size 0 bytes, startup_hitex4350_m4.o(.text), UNUSED)

<P><STRONG><a name="[4d]"></a>UARTPutChar</STRONG> (Thumb, 14 bytes, Stack size 16 bytes, debug_frmwrk.o(.text))
<BR><BR>[Stack]<UL><LI>Max Depth = 36<LI>Call Chain = UARTPutChar &rArr; UART_Send
</UL>
<BR>[Calls]<UL><LI><a href="#[4e]">&gt;&gt;</a>&nbsp;&nbsp;&nbsp;UART_Send
</UL>
<BR>[Called By]<UL><LI><a href="#[58]">&gt;&gt;</a>&nbsp;&nbsp;&nbsp;UARTPutHex32
<LI><a href="#[57]">&gt;&gt;</a>&nbsp;&nbsp;&nbsp;UARTPutHex16
<LI><a href="#[56]">&gt;&gt;</a>&nbsp;&nbsp;&nbsp;UARTPutHex
<LI><a href="#[55]">&gt;&gt;</a>&nbsp;&nbsp;&nbsp;UARTPutDec32
<LI><a href="#[54]">&gt;&gt;</a>&nbsp;&nbsp;&nbsp;UARTPutDec16
<LI><a href="#[53]">&gt;&gt;</a>&nbsp;&nbsp;&nbsp;UARTPutDec
<LI><a href="#[51]">&gt;&gt;</a>&nbsp;&nbsp;&nbsp;UARTPuts
</UL>
<BR>[Address Reference Count : 1]<UL><LI> debug_frmwrk.o(.text)
</UL>
<P><STRONG><a name="[4f]"></a>UARTGetChar</STRONG> (Thumb, 24 bytes, Stack size 8 bytes, debug_frmwrk.o(.text))
<BR><BR>[Stack]<UL><LI>Max Depth = 24<LI>Call Chain = UARTGetChar &rArr; UART_Receive
</UL>
<BR>[Calls]<UL><LI><a href="#[50]">&gt;&gt;</a>&nbsp;&nbsp;&nbsp;UART_Receive
</UL>
<BR>[Address Reference Count : 1]<UL><LI> debug_frmwrk.o(.text)
</UL>
<P><STRONG><a name="[51]"></a>UARTPuts</STRONG> (Thumb, 24 bytes, Stack size 16 bytes, debug_frmwrk.o(.text))
<BR><BR>[Stack]<UL><LI>Max Depth = 52<LI>Call Chain = UARTPuts &rArr; UARTPutChar &rArr; UART_Send
</UL>
<BR>[Calls]<UL><LI><a href="#[4d]">&gt;&gt;</a>&nbsp;&nbsp;&nbsp;UARTPutChar
</UL>
<BR>[Called By]<UL><LI><a href="#[58]">&gt;&gt;</a>&nbsp;&nbsp;&nbsp;UARTPutHex32
<LI><a href="#[57]">&gt;&gt;</a>&nbsp;&nbsp;&nbsp;UARTPutHex16
<LI><a href="#[56]">&gt;&gt;</a>&nbsp;&nbsp;&nbsp;UARTPutHex
<LI><a href="#[52]">&gt;&gt;</a>&nbsp;&nbsp;&nbsp;UARTPuts_
</UL>
<BR>[Address Reference Count : 1]<UL><LI> debug_frmwrk.o(.text)
</UL>
<P><STRONG><a name="[52]"></a>UARTPuts_</STRONG> (Thumb, 18 bytes, Stack size 8 bytes, debug_frmwrk.o(.text))
<BR><BR>[Stack]<UL><LI>Max Depth = 60<LI>Call Chain = UARTPuts_ &rArr; UARTPuts &rArr; UARTPutChar &rArr; UART_Send
</UL>
<BR>[Calls]<UL><LI><a href="#[51]">&gt;&gt;</a>&nbsp;&nbsp;&nbsp;UARTPuts
</UL>
<BR>[Address Reference Count : 1]<UL><LI> debug_frmwrk.o(.text)
</UL>
<P><STRONG><a name="[53]"></a>UARTPutDec</STRONG> (Thumb, 68 bytes, Stack size 16 bytes, debug_frmwrk.o(.text))
<BR><BR>[Stack]<UL><LI>Max Depth = 52<LI>Call Chain = UARTPutDec &rArr; UARTPutChar &rArr; UART_Send
</UL>
<BR>[Calls]<UL><LI><a href="#[4d]">&gt;&gt;</a>&nbsp;&nbsp;&nbsp;UARTPutChar
</UL>
<BR>[Address Reference Count : 1]<UL><LI> debug_frmwrk.o(.text)
</UL>
<P><STRONG><a name="[54]"></a>UARTPutDec16</STRONG> (Thumb, 122 bytes, Stack size 24 bytes, debug_frmwrk.o(.text))
<BR><BR>[Stack]<UL><LI>Max Depth = 60<LI>Call Chain = UARTPutDec16 &rArr; UARTPutChar &rArr; UART_Send
</UL>
<BR>[Calls]<UL><LI><a href="#[4d]">&gt;&gt;</a>&nbsp;&nbsp;&nbsp;UARTPutChar
</UL>
<BR>[Address Reference Count : 1]<UL><LI> debug_frmwrk.o(.text)
</UL>
<P><STRONG><a name="[55]"></a>UARTPutDec32</STRONG> (Thumb, 264 bytes, Stack size 48 bytes, debug_frmwrk.o(.text))
<BR><BR>[Stack]<UL><LI>Max Depth = 84<LI>Call Chain = UARTPutDec32 &rArr; UARTPutChar &rArr; UART_Send
</UL>
<BR>[Calls]<UL><LI><a href="#[4d]">&gt;&gt;</a>&nbsp;&nbsp;&nbsp;UARTPutChar
</UL>
<BR>[Address Reference Count : 1]<UL><LI> debug_frmwrk.o(.text)
</UL>
<P><STRONG><a name="[56]"></a>UARTPutHex</STRONG> (Thumb, 54 bytes, Stack size 16 bytes, debug_frmwrk.o(.text))
<BR><BR>[Stack]<UL><LI>Max Depth = 68<LI>Call Chain = UARTPutHex &rArr; UARTPuts &rArr; UARTPutChar &rArr; UART_Send
</UL>
<BR>[Calls]<UL><LI><a href="#[51]">&gt;&gt;</a>&nbsp;&nbsp;&nbsp;UARTPuts
<LI><a href="#[4d]">&gt;&gt;</a>&nbsp;&nbsp;&nbsp;UARTPutChar
</UL>
<BR>[Address Reference Count : 1]<UL><LI> debug_frmwrk.o(.text)
</UL>
<P><STRONG><a name="[57]"></a>UARTPutHex16</STRONG> (Thumb, 54 bytes, Stack size 16 bytes, debug_frmwrk.o(.text))
<BR><BR>[Stack]<UL><LI>Max Depth = 68<LI>Call Chain = UARTPutHex16 &rArr; UARTPuts &rArr; UARTPutChar &rArr; UART_Send
</UL>
<BR>[Calls]<UL><LI><a href="#[51]">&gt;&gt;</a>&nbsp;&nbsp;&nbsp;UARTPuts
<LI><a href="#[4d]">&gt;&gt;</a>&nbsp;&nbsp;&nbsp;UARTPutChar
</UL>
<BR>[Address Reference Count : 1]<UL><LI> debug_frmwrk.o(.text)
</UL>
<P><STRONG><a name="[58]"></a>UARTPutHex32</STRONG> (Thumb, 54 bytes, Stack size 16 bytes, debug_frmwrk.o(.text))
<BR><BR>[Stack]<UL><LI>Max Depth = 68<LI>Call Chain = UARTPutHex32 &rArr; UARTPuts &rArr; UARTPutChar &rArr; UART_Send
</UL>
<BR>[Calls]<UL><LI><a href="#[51]">&gt;&gt;</a>&nbsp;&nbsp;&nbsp;UARTPuts
<LI><a href="#[4d]">&gt;&gt;</a>&nbsp;&nbsp;&nbsp;UARTPutChar
</UL>
<BR>[Address Reference Count : 1]<UL><LI> debug_frmwrk.o(.text)
</UL>
<P><STRONG><a name="[59]"></a>lpc_printf</STRONG> (Thumb, 36 bytes, Stack size 536 bytes, debug_frmwrk.o(.text), UNUSED)
<BR><BR>[Calls]<UL><LI><a href="#[5a]">&gt;&gt;</a>&nbsp;&nbsp;&nbsp;__c89vsprintf
</UL>

<P><STRONG><a name="[5b]"></a>debug_frmwrk_init_clk</STRONG> (Thumb, 124 bytes, Stack size 24 bytes, debug_frmwrk.o(.text))
<BR><BR>[Stack]<UL><LI>Max Depth = 184<LI>Call Chain = debug_frmwrk_init_clk &rArr; UART_Init &rArr; uart_set_divisors &rArr; __aeabi_uldivmod
</UL>
<BR>[Calls]<UL><LI><a href="#[5c]">&gt;&gt;</a>&nbsp;&nbsp;&nbsp;scu_pinmux
<LI><a href="#[5f]">&gt;&gt;</a>&nbsp;&nbsp;&nbsp;UART_TxCmd
<LI><a href="#[5e]">&gt;&gt;</a>&nbsp;&nbsp;&nbsp;UART_Init
<LI><a href="#[5d]">&gt;&gt;</a>&nbsp;&nbsp;&nbsp;UART_ConfigStructInit
</UL>
<BR>[Called By]<UL><LI><a href="#[3d]">&gt;&gt;</a>&nbsp;&nbsp;&nbsp;main
</UL>

<P><STRONG><a name="[65]"></a>CGU_UpdateClock</STRONG> (Thumb, 132 bytes, Stack size 16 bytes, lpc43xx_cgu.o(.text))
<BR><BR>[Stack]<UL><LI>Max Depth = 16<LI>Call Chain = CGU_UpdateClock
</UL>
<BR>[Called By]<UL><LI><a href="#[61]">&gt;&gt;</a>&nbsp;&nbsp;&nbsp;CGU_Init
</UL>

<P><STRONG><a name="[63]"></a>CGU_EntityConnect</STRONG> (Thumb, 102 bytes, Stack size 12 bytes, lpc43xx_cgu.o(.text))
<BR><BR>[Stack]<UL><LI>Max Depth = 12<LI>Call Chain = CGU_EntityConnect
</UL>
<BR>[Called By]<UL><LI><a href="#[86]">&gt;&gt;</a>&nbsp;&nbsp;&nbsp;low_level_init
<LI><a href="#[61]">&gt;&gt;</a>&nbsp;&nbsp;&nbsp;CGU_Init
<LI><a href="#[5e]">&gt;&gt;</a>&nbsp;&nbsp;&nbsp;UART_Init
</UL>

<P><STRONG><a name="[60]"></a>CGU_EnableEntity</STRONG> (Thumb, 212 bytes, Stack size 8 bytes, lpc43xx_cgu.o(.text))
<BR><BR>[Stack]<UL><LI>Max Depth = 16<LI>Call Chain = CGU_EnableEntity &rArr; scu_pinmux
</UL>
<BR>[Calls]<UL><LI><a href="#[5c]">&gt;&gt;</a>&nbsp;&nbsp;&nbsp;scu_pinmux
</UL>
<BR>[Called By]<UL><LI><a href="#[66]">&gt;&gt;</a>&nbsp;&nbsp;&nbsp;CGU_ConfigPWR
<LI><a href="#[61]">&gt;&gt;</a>&nbsp;&nbsp;&nbsp;CGU_Init
</UL>

<P><STRONG><a name="[64]"></a>CGU_SetPLL1</STRONG> (Thumb, 100 bytes, Stack size 20 bytes, lpc43xx_cgu.o(.text))
<BR><BR>[Stack]<UL><LI>Max Depth = 20<LI>Call Chain = CGU_SetPLL1
</UL>
<BR>[Called By]<UL><LI><a href="#[61]">&gt;&gt;</a>&nbsp;&nbsp;&nbsp;CGU_Init
</UL>

<P><STRONG><a name="[62]"></a>CGU_SetXTALOSC</STRONG> (Thumb, 42 bytes, Stack size 0 bytes, lpc43xx_cgu.o(.text))
<BR><BR>[Called By]<UL><LI><a href="#[61]">&gt;&gt;</a>&nbsp;&nbsp;&nbsp;CGU_Init
</UL>

<P><STRONG><a name="[61]"></a>CGU_Init</STRONG> (Thumb, 54 bytes, Stack size 8 bytes, lpc43xx_cgu.o(.text))
<BR><BR>[Stack]<UL><LI>Max Depth = 28<LI>Call Chain = CGU_Init &rArr; CGU_SetPLL1
</UL>
<BR>[Calls]<UL><LI><a href="#[62]">&gt;&gt;</a>&nbsp;&nbsp;&nbsp;CGU_SetXTALOSC
<LI><a href="#[64]">&gt;&gt;</a>&nbsp;&nbsp;&nbsp;CGU_SetPLL1
<LI><a href="#[60]">&gt;&gt;</a>&nbsp;&nbsp;&nbsp;CGU_EnableEntity
<LI><a href="#[63]">&gt;&gt;</a>&nbsp;&nbsp;&nbsp;CGU_EntityConnect
<LI><a href="#[65]">&gt;&gt;</a>&nbsp;&nbsp;&nbsp;CGU_UpdateClock
</UL>
<BR>[Called By]<UL><LI><a href="#[3d]">&gt;&gt;</a>&nbsp;&nbsp;&nbsp;main
</UL>

<P><STRONG><a name="[67]"></a>CGU_GetBaseStatus</STRONG> (Thumb, 126 bytes, Stack size 0 bytes, lpc43xx_cgu.o(.text), UNUSED)
<BR><BR>[Called By]<UL><LI><a href="#[66]">&gt;&gt;</a>&nbsp;&nbsp;&nbsp;CGU_ConfigPWR
</UL>

<P><STRONG><a name="[66]"></a>CGU_ConfigPWR</STRONG> (Thumb, 318 bytes, Stack size 24 bytes, lpc43xx_cgu.o(.text), UNUSED)
<BR><BR>[Calls]<UL><LI><a href="#[66]">&gt;&gt;</a>&nbsp;&nbsp;&nbsp;CGU_ConfigPWR
<LI><a href="#[67]">&gt;&gt;</a>&nbsp;&nbsp;&nbsp;CGU_GetBaseStatus
<LI><a href="#[60]">&gt;&gt;</a>&nbsp;&nbsp;&nbsp;CGU_EnableEntity
</UL>
<BR>[Called By]<UL><LI><a href="#[66]">&gt;&gt;</a>&nbsp;&nbsp;&nbsp;CGU_ConfigPWR
</UL>

<P><STRONG><a name="[6d]"></a>CGU_GetPCLKFrequency</STRONG> (Thumb, 88 bytes, Stack size 8 bytes, lpc43xx_cgu.o(.text))
<BR><BR>[Stack]<UL><LI>Max Depth = 8<LI>Call Chain = CGU_GetPCLKFrequency
</UL>
<BR>[Called By]<UL><LI><a href="#[b5]">&gt;&gt;</a>&nbsp;&nbsp;&nbsp;SysTick_Enable
<LI><a href="#[6c]">&gt;&gt;</a>&nbsp;&nbsp;&nbsp;uart_set_divisors
</UL>

<P><STRONG><a name="[177]"></a>CGU_SetDIV</STRONG> (Thumb, 46 bytes, Stack size 0 bytes, lpc43xx_cgu.o(.text), UNUSED)

<P><STRONG><a name="[178]"></a>CGU_SetPLL0</STRONG> (Thumb, 26 bytes, Stack size 0 bytes, lpc43xx_cgu.o(.text), UNUSED)

<P><STRONG><a name="[179]"></a>CGU_SetPLL0audio</STRONG> (Thumb, 30 bytes, Stack size 0 bytes, lpc43xx_cgu.o(.text), UNUSED)

<P><STRONG><a name="[69]"></a>CGU_FrequencyMonitor</STRONG> (Thumb, 120 bytes, Stack size 20 bytes, lpc43xx_cgu.o(.text), UNUSED)
<BR><BR>[Called By]<UL><LI><a href="#[68]">&gt;&gt;</a>&nbsp;&nbsp;&nbsp;CGU_RealFrequencyCompare
</UL>

<P><STRONG><a name="[68]"></a>CGU_RealFrequencyCompare</STRONG> (Thumb, 62 bytes, Stack size 28 bytes, lpc43xx_cgu.o(.text), UNUSED)
<BR><BR>[Calls]<UL><LI><a href="#[69]">&gt;&gt;</a>&nbsp;&nbsp;&nbsp;CGU_FrequencyMonitor
</UL>

<P><STRONG><a name="[6b]"></a>GPIO_SetDir</STRONG> (Thumb, 22 bytes, Stack size 0 bytes, lpc43xx_gpio.o(.text))
<BR><BR>[Called By]<UL><LI><a href="#[8f]">&gt;&gt;</a>&nbsp;&nbsp;&nbsp;board_setup
<LI><a href="#[8e]">&gt;&gt;</a>&nbsp;&nbsp;&nbsp;led_set
<LI><a href="#[6a]">&gt;&gt;</a>&nbsp;&nbsp;&nbsp;FIO_SetDir
</UL>

<P><STRONG><a name="[17a]"></a>GPIO_SetValue</STRONG> (Thumb, 12 bytes, Stack size 0 bytes, lpc43xx_gpio.o(.text), UNUSED)

<P><STRONG><a name="[90]"></a>GPIO_ClearValue</STRONG> (Thumb, 12 bytes, Stack size 0 bytes, lpc43xx_gpio.o(.text))
<BR><BR>[Called By]<UL><LI><a href="#[8f]">&gt;&gt;</a>&nbsp;&nbsp;&nbsp;board_setup
</UL>

<P><STRONG><a name="[17b]"></a>GPIO_ReadValue</STRONG> (Thumb, 12 bytes, Stack size 0 bytes, lpc43xx_gpio.o(.text), UNUSED)

<P><STRONG><a name="[6a]"></a>FIO_SetDir</STRONG> (Thumb, 2 bytes, Stack size 0 bytes, lpc43xx_gpio.o(.text), UNUSED)
<BR><BR>[Calls]<UL><LI><a href="#[6b]">&gt;&gt;</a>&nbsp;&nbsp;&nbsp;GPIO_SetDir
</UL>

<P><STRONG><a name="[17c]"></a>FIO_SetValue</STRONG> (Thumb, 12 bytes, Stack size 0 bytes, lpc43xx_gpio.o(.text), UNUSED)

<P><STRONG><a name="[17d]"></a>FIO_ClearValue</STRONG> (Thumb, 12 bytes, Stack size 0 bytes, lpc43xx_gpio.o(.text), UNUSED)

<P><STRONG><a name="[17e]"></a>FIO_ReadValue</STRONG> (Thumb, 12 bytes, Stack size 0 bytes, lpc43xx_gpio.o(.text), UNUSED)

<P><STRONG><a name="[17f]"></a>FIO_SetMask</STRONG> (Thumb, 24 bytes, Stack size 0 bytes, lpc43xx_gpio.o(.text), UNUSED)

<P><STRONG><a name="[5c]"></a>scu_pinmux</STRONG> (Thumb, 16 bytes, Stack size 8 bytes, lpc43xx_scu.o(.text))
<BR><BR>[Stack]<UL><LI>Max Depth = 8<LI>Call Chain = scu_pinmux
</UL>
<BR>[Called By]<UL><LI><a href="#[8f]">&gt;&gt;</a>&nbsp;&nbsp;&nbsp;board_setup
<LI><a href="#[60]">&gt;&gt;</a>&nbsp;&nbsp;&nbsp;CGU_EnableEntity
<LI><a href="#[5b]">&gt;&gt;</a>&nbsp;&nbsp;&nbsp;debug_frmwrk_init_clk
</UL>

<P><STRONG><a name="[5e]"></a>UART_Init</STRONG> (Thumb, 292 bytes, Stack size 32 bytes, lpc43xx_uart.o(.text))
<BR><BR>[Stack]<UL><LI>Max Depth = 160<LI>Call Chain = UART_Init &rArr; uart_set_divisors &rArr; __aeabi_uldivmod
</UL>
<BR>[Calls]<UL><LI><a href="#[6c]">&gt;&gt;</a>&nbsp;&nbsp;&nbsp;uart_set_divisors
<LI><a href="#[63]">&gt;&gt;</a>&nbsp;&nbsp;&nbsp;CGU_EntityConnect
</UL>
<BR>[Called By]<UL><LI><a href="#[5b]">&gt;&gt;</a>&nbsp;&nbsp;&nbsp;debug_frmwrk_init_clk
</UL>

<P><STRONG><a name="[5f]"></a>UART_TxCmd</STRONG> (Thumb, 44 bytes, Stack size 0 bytes, lpc43xx_uart.o(.text))
<BR><BR>[Called By]<UL><LI><a href="#[6f]">&gt;&gt;</a>&nbsp;&nbsp;&nbsp;UART_DeInit
<LI><a href="#[5b]">&gt;&gt;</a>&nbsp;&nbsp;&nbsp;debug_frmwrk_init_clk
</UL>

<P><STRONG><a name="[6f]"></a>UART_DeInit</STRONG> (Thumb, 4 bytes, Stack size 0 bytes, lpc43xx_uart.o(.text), UNUSED)
<BR><BR>[Calls]<UL><LI><a href="#[5f]">&gt;&gt;</a>&nbsp;&nbsp;&nbsp;UART_TxCmd
</UL>

<P><STRONG><a name="[5d]"></a>UART_ConfigStructInit</STRONG> (Thumb, 20 bytes, Stack size 0 bytes, lpc43xx_uart.o(.text))
<BR><BR>[Called By]<UL><LI><a href="#[5b]">&gt;&gt;</a>&nbsp;&nbsp;&nbsp;debug_frmwrk_init_clk
</UL>

<P><STRONG><a name="[70]"></a>UART_SendByte</STRONG> (Thumb, 6 bytes, Stack size 0 bytes, lpc43xx_uart.o(.text))
<BR><BR>[Called By]<UL><LI><a href="#[4e]">&gt;&gt;</a>&nbsp;&nbsp;&nbsp;UART_Send
</UL>

<P><STRONG><a name="[71]"></a>UART_ReceiveByte</STRONG> (Thumb, 8 bytes, Stack size 0 bytes, lpc43xx_uart.o(.text))
<BR><BR>[Called By]<UL><LI><a href="#[50]">&gt;&gt;</a>&nbsp;&nbsp;&nbsp;UART_Receive
</UL>

<P><STRONG><a name="[4e]"></a>UART_Send</STRONG> (Thumb, 126 bytes, Stack size 20 bytes, lpc43xx_uart.o(.text))
<BR><BR>[Stack]<UL><LI>Max Depth = 20<LI>Call Chain = UART_Send
</UL>
<BR>[Calls]<UL><LI><a href="#[70]">&gt;&gt;</a>&nbsp;&nbsp;&nbsp;UART_SendByte
</UL>
<BR>[Called By]<UL><LI><a href="#[72]">&gt;&gt;</a>&nbsp;&nbsp;&nbsp;UART_RS485Send
<LI><a href="#[4d]">&gt;&gt;</a>&nbsp;&nbsp;&nbsp;UARTPutChar
</UL>

<P><STRONG><a name="[50]"></a>UART_Receive</STRONG> (Thumb, 82 bytes, Stack size 16 bytes, lpc43xx_uart.o(.text))
<BR><BR>[Stack]<UL><LI>Max Depth = 16<LI>Call Chain = UART_Receive
</UL>
<BR>[Calls]<UL><LI><a href="#[71]">&gt;&gt;</a>&nbsp;&nbsp;&nbsp;UART_ReceiveByte
</UL>
<BR>[Called By]<UL><LI><a href="#[4f]">&gt;&gt;</a>&nbsp;&nbsp;&nbsp;UARTGetChar
</UL>

<P><STRONG><a name="[180]"></a>UART_ForceBreak</STRONG> (Thumb, 12 bytes, Stack size 0 bytes, lpc43xx_uart.o(.text), UNUSED)

<P><STRONG><a name="[181]"></a>UART_IntConfig</STRONG> (Thumb, 102 bytes, Stack size 8 bytes, lpc43xx_uart.o(.text), UNUSED)

<P><STRONG><a name="[182]"></a>UART_GetLineStatus</STRONG> (Thumb, 16 bytes, Stack size 0 bytes, lpc43xx_uart.o(.text), UNUSED)

<P><STRONG><a name="[183]"></a>UART_CheckBusy</STRONG> (Thumb, 14 bytes, Stack size 0 bytes, lpc43xx_uart.o(.text), UNUSED)

<P><STRONG><a name="[184]"></a>UART_FIFOConfig</STRONG> (Thumb, 64 bytes, Stack size 0 bytes, lpc43xx_uart.o(.text), UNUSED)

<P><STRONG><a name="[185]"></a>UART_FIFOConfigStructInit</STRONG> (Thumb, 14 bytes, Stack size 0 bytes, lpc43xx_uart.o(.text), UNUSED)

<P><STRONG><a name="[186]"></a>UART_ABCmd</STRONG> (Thumb, 68 bytes, Stack size 12 bytes, lpc43xx_uart.o(.text), UNUSED)

<P><STRONG><a name="[187]"></a>UART_IrDAInvtInputCmd</STRONG> (Thumb, 26 bytes, Stack size 0 bytes, lpc43xx_uart.o(.text), UNUSED)

<P><STRONG><a name="[188]"></a>UART_IrDACmd</STRONG> (Thumb, 20 bytes, Stack size 0 bytes, lpc43xx_uart.o(.text), UNUSED)

<P><STRONG><a name="[189]"></a>UART_IrDAPulseDivConfig</STRONG> (Thumb, 22 bytes, Stack size 0 bytes, lpc43xx_uart.o(.text), UNUSED)

<P><STRONG><a name="[18a]"></a>UART_FullModemForcePinState</STRONG> (Thumb, 36 bytes, Stack size 0 bytes, lpc43xx_uart.o(.text), UNUSED)

<P><STRONG><a name="[18b]"></a>UART_FullModemConfigMode</STRONG> (Thumb, 44 bytes, Stack size 0 bytes, lpc43xx_uart.o(.text), UNUSED)

<P><STRONG><a name="[18c]"></a>UART_FullModemGetStatus</STRONG> (Thumb, 6 bytes, Stack size 0 bytes, lpc43xx_uart.o(.text), UNUSED)

<P><STRONG><a name="[18d]"></a>UART_RS485Config</STRONG> (Thumb, 84 bytes, Stack size 8 bytes, lpc43xx_uart.o(.text), UNUSED)

<P><STRONG><a name="[18e]"></a>UART_RS485ReceiverCmd</STRONG> (Thumb, 22 bytes, Stack size 0 bytes, lpc43xx_uart.o(.text), UNUSED)

<P><STRONG><a name="[72]"></a>UART_RS485Send</STRONG> (Thumb, 100 bytes, Stack size 12 bytes, lpc43xx_uart.o(.text), UNUSED)
<BR><BR>[Calls]<UL><LI><a href="#[4e]">&gt;&gt;</a>&nbsp;&nbsp;&nbsp;UART_Send
</UL>
<BR>[Called By]<UL><LI><a href="#[74]">&gt;&gt;</a>&nbsp;&nbsp;&nbsp;UART_RS485SendData
<LI><a href="#[73]">&gt;&gt;</a>&nbsp;&nbsp;&nbsp;UART_RS485SendSlvAddr
</UL>

<P><STRONG><a name="[73]"></a>UART_RS485SendSlvAddr</STRONG> (Thumb, 14 bytes, Stack size 12 bytes, lpc43xx_uart.o(.text), UNUSED)
<BR><BR>[Calls]<UL><LI><a href="#[72]">&gt;&gt;</a>&nbsp;&nbsp;&nbsp;UART_RS485Send
</UL>

<P><STRONG><a name="[74]"></a>UART_RS485SendData</STRONG> (Thumb, 4 bytes, Stack size 0 bytes, lpc43xx_uart.o(.text), UNUSED)
<BR><BR>[Calls]<UL><LI><a href="#[72]">&gt;&gt;</a>&nbsp;&nbsp;&nbsp;UART_RS485Send
</UL>

<P><STRONG><a name="[75]"></a>sys_now</STRONG> (Thumb, 4 bytes, Stack size 0 bytes, sys_arch.o(.text))
<BR><BR>[Calls]<UL><LI><a href="#[76]">&gt;&gt;</a>&nbsp;&nbsp;&nbsp;SysTick_GetMS
</UL>
<BR>[Called By]<UL><LI><a href="#[bb]">&gt;&gt;</a>&nbsp;&nbsp;&nbsp;sys_check_timeouts
<LI><a href="#[13c]">&gt;&gt;</a>&nbsp;&nbsp;&nbsp;sys_restart_timeouts
<LI><a href="#[eb]">&gt;&gt;</a>&nbsp;&nbsp;&nbsp;sys_timeouts_init
</UL>

<P><STRONG><a name="[78]"></a>lpc_mii_write_noblock</STRONG> (Thumb, 24 bytes, Stack size 0 bytes, lpc18xx_43xx_emac.o(.text))
<BR><BR>[Called By]<UL><LI><a href="#[77]">&gt;&gt;</a>&nbsp;&nbsp;&nbsp;lpc_mii_write
</UL>

<P><STRONG><a name="[77]"></a>lpc_mii_write</STRONG> (Thumb, 38 bytes, Stack size 16 bytes, lpc18xx_43xx_emac.o(.text))
<BR><BR>[Stack]<UL><LI>Max Depth = 16<LI>Call Chain = lpc_mii_write
</UL>
<BR>[Calls]<UL><LI><a href="#[79]">&gt;&gt;</a>&nbsp;&nbsp;&nbsp;msDelay
<LI><a href="#[78]">&gt;&gt;</a>&nbsp;&nbsp;&nbsp;lpc_mii_write_noblock
</UL>
<BR>[Called By]<UL><LI><a href="#[87]">&gt;&gt;</a>&nbsp;&nbsp;&nbsp;lpc_phy_init
</UL>

<P><STRONG><a name="[97]"></a>lpc_mii_is_busy</STRONG> (Thumb, 10 bytes, Stack size 0 bytes, lpc18xx_43xx_emac.o(.text))
<BR><BR>[Called By]<UL><LI><a href="#[96]">&gt;&gt;</a>&nbsp;&nbsp;&nbsp;lpc_phy_sts_sm
</UL>

<P><STRONG><a name="[98]"></a>lpc_mii_read_data</STRONG> (Thumb, 6 bytes, Stack size 0 bytes, lpc18xx_43xx_emac.o(.text))
<BR><BR>[Called By]<UL><LI><a href="#[96]">&gt;&gt;</a>&nbsp;&nbsp;&nbsp;lpc_phy_sts_sm
</UL>

<P><STRONG><a name="[7b]"></a>lpc_mii_read_noblock</STRONG> (Thumb, 22 bytes, Stack size 0 bytes, lpc18xx_43xx_emac.o(.text))
<BR><BR>[Called By]<UL><LI><a href="#[96]">&gt;&gt;</a>&nbsp;&nbsp;&nbsp;lpc_phy_sts_sm
<LI><a href="#[7a]">&gt;&gt;</a>&nbsp;&nbsp;&nbsp;lpc_mii_read
</UL>

<P><STRONG><a name="[7a]"></a>lpc_mii_read</STRONG> (Thumb, 50 bytes, Stack size 24 bytes, lpc18xx_43xx_emac.o(.text))
<BR><BR>[Stack]<UL><LI>Max Depth = 24<LI>Call Chain = lpc_mii_read
</UL>
<BR>[Calls]<UL><LI><a href="#[79]">&gt;&gt;</a>&nbsp;&nbsp;&nbsp;msDelay
<LI><a href="#[7b]">&gt;&gt;</a>&nbsp;&nbsp;&nbsp;lpc_mii_read_noblock
</UL>
<BR>[Called By]<UL><LI><a href="#[87]">&gt;&gt;</a>&nbsp;&nbsp;&nbsp;lpc_phy_init
</UL>

<P><STRONG><a name="[7c]"></a>lpc_rx_queue</STRONG> (Thumb, 60 bytes, Stack size 24 bytes, lpc18xx_43xx_emac.o(.text))
<BR><BR>[Stack]<UL><LI>Max Depth = 96<LI>Call Chain = lpc_rx_queue &rArr; pbuf_alloc &rArr; pbuf_free &rArr; mem_free &rArr; plug_holes
</UL>
<BR>[Calls]<UL><LI><a href="#[7e]">&gt;&gt;</a>&nbsp;&nbsp;&nbsp;pbuf_clen
<LI><a href="#[7d]">&gt;&gt;</a>&nbsp;&nbsp;&nbsp;pbuf_alloc
<LI><a href="#[7f]">&gt;&gt;</a>&nbsp;&nbsp;&nbsp;lpc_rxqueue_pbuf
</UL>
<BR>[Called By]<UL><LI><a href="#[81]">&gt;&gt;</a>&nbsp;&nbsp;&nbsp;lpc_low_level_input
<LI><a href="#[86]">&gt;&gt;</a>&nbsp;&nbsp;&nbsp;low_level_init
</UL>

<P><STRONG><a name="[80]"></a>lpc_enetif_input</STRONG> (Thumb, 58 bytes, Stack size 16 bytes, lpc18xx_43xx_emac.o(.text))
<BR><BR>[Stack]<UL><LI>Max Depth = 136<LI>Call Chain = lpc_enetif_input &rArr; lpc_low_level_input &rArr; lpc_rx_queue &rArr; pbuf_alloc &rArr; pbuf_free &rArr; mem_free &rArr; plug_holes
</UL>
<BR>[Calls]<UL><LI><a href="#[83]">&gt;&gt;</a>&nbsp;&nbsp;&nbsp;pbuf_free
<LI><a href="#[82]">&gt;&gt;</a>&nbsp;&nbsp;&nbsp;lwip_htons
<LI><a href="#[81]">&gt;&gt;</a>&nbsp;&nbsp;&nbsp;lpc_low_level_input
</UL>
<BR>[Called By]<UL><LI><a href="#[3d]">&gt;&gt;</a>&nbsp;&nbsp;&nbsp;main
</UL>

<P><STRONG><a name="[84]"></a>lpc_tx_reclaim</STRONG> (Thumb, 92 bytes, Stack size 16 bytes, lpc18xx_43xx_emac.o(.text))
<BR><BR>[Stack]<UL><LI>Max Depth = 48<LI>Call Chain = lpc_tx_reclaim &rArr; pbuf_free &rArr; mem_free &rArr; plug_holes
</UL>
<BR>[Calls]<UL><LI><a href="#[83]">&gt;&gt;</a>&nbsp;&nbsp;&nbsp;pbuf_free
</UL>
<BR>[Called By]<UL><LI><a href="#[3d]">&gt;&gt;</a>&nbsp;&nbsp;&nbsp;main
</UL>

<P><STRONG><a name="[18f]"></a>lpc_tx_ready</STRONG> (Thumb, 8 bytes, Stack size 0 bytes, lpc18xx_43xx_emac.o(.text), UNUSED)

<P><STRONG><a name="[f]"></a>ETH_IRQHandler</STRONG> (Thumb, 8 bytes, Stack size 0 bytes, lpc18xx_43xx_emac.o(.text))
<BR>[Address Reference Count : 1]<UL><LI> startup_hitex4350_m4.o(RESET)
</UL>
<P><STRONG><a name="[93]"></a>lpc_emac_set_duplex</STRONG> (Thumb, 22 bytes, Stack size 0 bytes, lpc18xx_43xx_emac.o(.text))
<BR><BR>[Called By]<UL><LI><a href="#[91]">&gt;&gt;</a>&nbsp;&nbsp;&nbsp;lpc_update_phy_sts
</UL>

<P><STRONG><a name="[92]"></a>lpc_emac_set_speed</STRONG> (Thumb, 56 bytes, Stack size 0 bytes, lpc18xx_43xx_emac.o(.text))
<BR><BR>[Called By]<UL><LI><a href="#[91]">&gt;&gt;</a>&nbsp;&nbsp;&nbsp;lpc_update_phy_sts
</UL>

<P><STRONG><a name="[8a]"></a>lpc_etharp_output</STRONG> (Thumb, 18 bytes, Stack size 0 bytes, lpc18xx_43xx_emac.o(.text))
<BR><BR>[Stack]<UL><LI>Max Depth = 200<LI>Call Chain = lpc_etharp_output &rArr; etharp_output &rArr; etharp_query &rArr; etharp_request &rArr; etharp_raw &rArr; pbuf_alloc &rArr; pbuf_free &rArr; mem_free &rArr; plug_holes
</UL>
<BR>[Calls]<UL><LI><a href="#[8b]">&gt;&gt;</a>&nbsp;&nbsp;&nbsp;etharp_output
</UL>
<BR>[Address Reference Count : 1]<UL><LI> lpc18xx_43xx_emac.o(.text)
</UL>
<P><STRONG><a name="[41]"></a>lpc_enetif_init</STRONG> (Thumb, 86 bytes, Stack size 16 bytes, lpc18xx_43xx_emac.o(.text))
<BR><BR>[Stack]<UL><LI>Max Depth = 144<LI>Call Chain = lpc_enetif_init &rArr; low_level_init &rArr; lpc_rx_queue &rArr; pbuf_alloc &rArr; pbuf_free &rArr; mem_free &rArr; plug_holes
</UL>
<BR>[Calls]<UL><LI><a href="#[8c]">&gt;&gt;</a>&nbsp;&nbsp;&nbsp;board_get_macaddr
<LI><a href="#[86]">&gt;&gt;</a>&nbsp;&nbsp;&nbsp;low_level_init
</UL>
<BR>[Address Reference Count : 1]<UL><LI> hitex1850_tcpecho_sa.o(.text)
</UL>
<P><STRONG><a name="[8e]"></a>led_set</STRONG> (Thumb, 16 bytes, Stack size 0 bytes, hitex4350_board.o(.text))
<BR><BR>[Calls]<UL><LI><a href="#[6b]">&gt;&gt;</a>&nbsp;&nbsp;&nbsp;GPIO_SetDir
</UL>
<BR>[Called By]<UL><LI><a href="#[3d]">&gt;&gt;</a>&nbsp;&nbsp;&nbsp;main
</UL>

<P><STRONG><a name="[8f]"></a>board_setup</STRONG> (Thumb, 334 bytes, Stack size 8 bytes, hitex4350_board.o(.text))
<BR><BR>[Stack]<UL><LI>Max Depth = 16<LI>Call Chain = board_setup &rArr; scu_pinmux
</UL>
<BR>[Calls]<UL><LI><a href="#[90]">&gt;&gt;</a>&nbsp;&nbsp;&nbsp;GPIO_ClearValue
<LI><a href="#[6b]">&gt;&gt;</a>&nbsp;&nbsp;&nbsp;GPIO_SetDir
<LI><a href="#[5c]">&gt;&gt;</a>&nbsp;&nbsp;&nbsp;scu_pinmux
</UL>
<BR>[Called By]<UL><LI><a href="#[3d]">&gt;&gt;</a>&nbsp;&nbsp;&nbsp;main
</UL>

<P><STRONG><a name="[8c]"></a>board_get_macaddr</STRONG> (Thumb, 26 bytes, Stack size 0 bytes, hitex4350_board.o(.text))
<BR><BR>[Called By]<UL><LI><a href="#[41]">&gt;&gt;</a>&nbsp;&nbsp;&nbsp;lpc_enetif_init
</UL>

<P><STRONG><a name="[87]"></a>lpc_phy_init</STRONG> (Thumb, 136 bytes, Stack size 24 bytes, lpc_phy_dp83848.o(.text))
<BR><BR>[Stack]<UL><LI>Max Depth = 48<LI>Call Chain = lpc_phy_init &rArr; lpc_mii_read
</UL>
<BR>[Calls]<UL><LI><a href="#[79]">&gt;&gt;</a>&nbsp;&nbsp;&nbsp;msDelay
<LI><a href="#[7a]">&gt;&gt;</a>&nbsp;&nbsp;&nbsp;lpc_mii_read
<LI><a href="#[77]">&gt;&gt;</a>&nbsp;&nbsp;&nbsp;lpc_mii_write
</UL>
<BR>[Called By]<UL><LI><a href="#[86]">&gt;&gt;</a>&nbsp;&nbsp;&nbsp;low_level_init
</UL>

<P><STRONG><a name="[96]"></a>lpc_phy_sts_sm</STRONG> (Thumb, 52 bytes, Stack size 16 bytes, lpc_phy_dp83848.o(.text))
<BR><BR>[Stack]<UL><LI>Max Depth = 360<LI>Call Chain = lpc_phy_sts_sm &rArr; lpc_update_phy_sts &rArr; netif_set_link_up &rArr; dhcp_network_changed &rArr; dhcp_reboot &rArr; udp_sendto_if &rArr; udp_sendto_if_chksum &rArr; ip_output_if &rArr; ip_frag &rArr; pbuf_alloc &rArr; pbuf_free &rArr; mem_free &rArr; plug_holes
</UL>
<BR>[Calls]<UL><LI><a href="#[91]">&gt;&gt;</a>&nbsp;&nbsp;&nbsp;lpc_update_phy_sts
<LI><a href="#[7b]">&gt;&gt;</a>&nbsp;&nbsp;&nbsp;lpc_mii_read_noblock
<LI><a href="#[98]">&gt;&gt;</a>&nbsp;&nbsp;&nbsp;lpc_mii_read_data
<LI><a href="#[97]">&gt;&gt;</a>&nbsp;&nbsp;&nbsp;lpc_mii_is_busy
</UL>
<BR>[Called By]<UL><LI><a href="#[3d]">&gt;&gt;</a>&nbsp;&nbsp;&nbsp;main
</UL>

<P><STRONG><a name="[99]"></a>echo_close</STRONG> (Thumb, 64 bytes, Stack size 16 bytes, echo.o(.text))
<BR><BR>[Stack]<UL><LI>Max Depth = 360<LI>Call Chain = echo_close &rArr; tcp_close &rArr; tcp_close_shutdown &rArr; tcp_pcb_remove &rArr; tcp_output &rArr; tcp_output_segment &rArr; ip_output &rArr; ip_output_if &rArr; ip_frag &rArr; pbuf_alloc &rArr; pbuf_free &rArr; mem_free &rArr; plug_holes
</UL>
<BR>[Calls]<UL><LI><a href="#[9b]">&gt;&gt;</a>&nbsp;&nbsp;&nbsp;tcp_sent
<LI><a href="#[9c]">&gt;&gt;</a>&nbsp;&nbsp;&nbsp;tcp_recv
<LI><a href="#[9e]">&gt;&gt;</a>&nbsp;&nbsp;&nbsp;tcp_poll
<LI><a href="#[9d]">&gt;&gt;</a>&nbsp;&nbsp;&nbsp;tcp_err
<LI><a href="#[a0]">&gt;&gt;</a>&nbsp;&nbsp;&nbsp;tcp_close
<LI><a href="#[9a]">&gt;&gt;</a>&nbsp;&nbsp;&nbsp;tcp_arg
<LI><a href="#[9f]">&gt;&gt;</a>&nbsp;&nbsp;&nbsp;mem_free
</UL>
<BR>[Called By]<UL><LI><a href="#[a8]">&gt;&gt;</a>&nbsp;&nbsp;&nbsp;echo_recv
<LI><a href="#[a5]">&gt;&gt;</a>&nbsp;&nbsp;&nbsp;echo_poll
<LI><a href="#[a4]">&gt;&gt;</a>&nbsp;&nbsp;&nbsp;echo_sent
</UL>

<P><STRONG><a name="[a1]"></a>echo_send</STRONG> (Thumb, 80 bytes, Stack size 24 bytes, echo.o(.text))
<BR><BR>[Stack]<UL><LI>Max Depth = 328<LI>Call Chain = echo_send &rArr; tcp_recved &rArr; tcp_output &rArr; tcp_output_segment &rArr; ip_output &rArr; ip_output_if &rArr; ip_frag &rArr; pbuf_alloc &rArr; pbuf_free &rArr; mem_free &rArr; plug_holes
</UL>
<BR>[Calls]<UL><LI><a href="#[a2]">&gt;&gt;</a>&nbsp;&nbsp;&nbsp;tcp_write
<LI><a href="#[a3]">&gt;&gt;</a>&nbsp;&nbsp;&nbsp;tcp_recved
<LI><a href="#[85]">&gt;&gt;</a>&nbsp;&nbsp;&nbsp;pbuf_ref
<LI><a href="#[83]">&gt;&gt;</a>&nbsp;&nbsp;&nbsp;pbuf_free
</UL>
<BR>[Called By]<UL><LI><a href="#[a8]">&gt;&gt;</a>&nbsp;&nbsp;&nbsp;echo_recv
<LI><a href="#[a5]">&gt;&gt;</a>&nbsp;&nbsp;&nbsp;echo_poll
<LI><a href="#[a4]">&gt;&gt;</a>&nbsp;&nbsp;&nbsp;echo_sent
</UL>

<P><STRONG><a name="[a4]"></a>echo_sent</STRONG> (Thumb, 52 bytes, Stack size 16 bytes, echo.o(.text))
<BR><BR>[Stack]<UL><LI>Max Depth = 376<LI>Call Chain = echo_sent &rArr; echo_close &rArr; tcp_close &rArr; tcp_close_shutdown &rArr; tcp_pcb_remove &rArr; tcp_output &rArr; tcp_output_segment &rArr; ip_output &rArr; ip_output_if &rArr; ip_frag &rArr; pbuf_alloc &rArr; pbuf_free &rArr; mem_free &rArr; plug_holes
</UL>
<BR>[Calls]<UL><LI><a href="#[9b]">&gt;&gt;</a>&nbsp;&nbsp;&nbsp;tcp_sent
<LI><a href="#[a1]">&gt;&gt;</a>&nbsp;&nbsp;&nbsp;echo_send
<LI><a href="#[99]">&gt;&gt;</a>&nbsp;&nbsp;&nbsp;echo_close
</UL>
<BR>[Address Reference Count : 1]<UL><LI> echo.o(.text)
</UL>
<P><STRONG><a name="[a5]"></a>echo_poll</STRONG> (Thumb, 62 bytes, Stack size 16 bytes, echo.o(.text))
<BR><BR>[Stack]<UL><LI>Max Depth = 384<LI>Call Chain = echo_poll &rArr; tcp_abort &rArr; tcp_abandon &rArr; tcp_pcb_remove &rArr; tcp_output &rArr; tcp_output_segment &rArr; ip_output &rArr; ip_output_if &rArr; ip_frag &rArr; pbuf_alloc &rArr; pbuf_free &rArr; mem_free &rArr; plug_holes
</UL>
<BR>[Calls]<UL><LI><a href="#[9b]">&gt;&gt;</a>&nbsp;&nbsp;&nbsp;tcp_sent
<LI><a href="#[a6]">&gt;&gt;</a>&nbsp;&nbsp;&nbsp;tcp_abort
<LI><a href="#[a1]">&gt;&gt;</a>&nbsp;&nbsp;&nbsp;echo_send
<LI><a href="#[99]">&gt;&gt;</a>&nbsp;&nbsp;&nbsp;echo_close
</UL>
<BR>[Address Reference Count : 1]<UL><LI> echo.o(.text)
</UL>
<P><STRONG><a name="[a7]"></a>echo_error</STRONG> (Thumb, 10 bytes, Stack size 0 bytes, echo.o(.text))
<BR><BR>[Stack]<UL><LI>Max Depth = 16<LI>Call Chain = echo_error &rArr; mem_free &rArr; plug_holes
</UL>
<BR>[Calls]<UL><LI><a href="#[9f]">&gt;&gt;</a>&nbsp;&nbsp;&nbsp;mem_free
</UL>
<BR>[Address Reference Count : 1]<UL><LI> echo.o(.text)
</UL>
<P><STRONG><a name="[a8]"></a>echo_recv</STRONG> (Thumb, 124 bytes, Stack size 24 bytes, echo.o(.text))
<BR><BR>[Stack]<UL><LI>Max Depth = 384<LI>Call Chain = echo_recv &rArr; echo_close &rArr; tcp_close &rArr; tcp_close_shutdown &rArr; tcp_pcb_remove &rArr; tcp_output &rArr; tcp_output_segment &rArr; ip_output &rArr; ip_output_if &rArr; ip_frag &rArr; pbuf_alloc &rArr; pbuf_free &rArr; mem_free &rArr; plug_holes
</UL>
<BR>[Calls]<UL><LI><a href="#[9b]">&gt;&gt;</a>&nbsp;&nbsp;&nbsp;tcp_sent
<LI><a href="#[a3]">&gt;&gt;</a>&nbsp;&nbsp;&nbsp;tcp_recved
<LI><a href="#[a9]">&gt;&gt;</a>&nbsp;&nbsp;&nbsp;pbuf_chain
<LI><a href="#[a1]">&gt;&gt;</a>&nbsp;&nbsp;&nbsp;echo_send
<LI><a href="#[99]">&gt;&gt;</a>&nbsp;&nbsp;&nbsp;echo_close
<LI><a href="#[83]">&gt;&gt;</a>&nbsp;&nbsp;&nbsp;pbuf_free
</UL>
<BR>[Address Reference Count : 1]<UL><LI> echo.o(.text)
</UL>
<P><STRONG><a name="[aa]"></a>echo_accept</STRONG> (Thumb, 82 bytes, Stack size 8 bytes, echo.o(.text))
<BR><BR>[Stack]<UL><LI>Max Depth = 36<LI>Call Chain = echo_accept &rArr; mem_malloc
</UL>
<BR>[Calls]<UL><LI><a href="#[ab]">&gt;&gt;</a>&nbsp;&nbsp;&nbsp;tcp_setprio
<LI><a href="#[9c]">&gt;&gt;</a>&nbsp;&nbsp;&nbsp;tcp_recv
<LI><a href="#[9e]">&gt;&gt;</a>&nbsp;&nbsp;&nbsp;tcp_poll
<LI><a href="#[9d]">&gt;&gt;</a>&nbsp;&nbsp;&nbsp;tcp_err
<LI><a href="#[9a]">&gt;&gt;</a>&nbsp;&nbsp;&nbsp;tcp_arg
<LI><a href="#[ac]">&gt;&gt;</a>&nbsp;&nbsp;&nbsp;mem_malloc
</UL>
<BR>[Address Reference Count : 1]<UL><LI> echo.o(.text)
</UL>
<P><STRONG><a name="[ad]"></a>echo_init</STRONG> (Thumb, 50 bytes, Stack size 8 bytes, echo.o(.text))
<BR><BR>[Stack]<UL><LI>Max Depth = 400<LI>Call Chain = echo_init &rArr; tcp_new &rArr; tcp_alloc &rArr; tcp_abort &rArr; tcp_abandon &rArr; tcp_pcb_remove &rArr; tcp_output &rArr; tcp_output_segment &rArr; ip_output &rArr; ip_output_if &rArr; ip_frag &rArr; pbuf_alloc &rArr; pbuf_free &rArr; mem_free &rArr; plug_holes
</UL>
<BR>[Calls]<UL><LI><a href="#[ae]">&gt;&gt;</a>&nbsp;&nbsp;&nbsp;tcp_new
<LI><a href="#[b0]">&gt;&gt;</a>&nbsp;&nbsp;&nbsp;tcp_listen_with_backlog
<LI><a href="#[af]">&gt;&gt;</a>&nbsp;&nbsp;&nbsp;tcp_bind
<LI><a href="#[b1]">&gt;&gt;</a>&nbsp;&nbsp;&nbsp;tcp_accept
</UL>
<BR>[Called By]<UL><LI><a href="#[3d]">&gt;&gt;</a>&nbsp;&nbsp;&nbsp;main
</UL>

<P><STRONG><a name="[3d]"></a>main</STRONG> (Thumb, 142 bytes, Stack size 24 bytes, hitex1850_tcpecho_sa.o(.text))
<BR><BR>[Stack]<UL><LI>Max Depth = 440<LI>Call Chain = main &rArr; netif_add &rArr; netif_set_addr &rArr; netif_set_ipaddr &rArr; tcp_abort &rArr; tcp_abandon &rArr; tcp_pcb_remove &rArr; tcp_output &rArr; tcp_output_segment &rArr; ip_output &rArr; ip_output_if &rArr; ip_frag &rArr; pbuf_alloc &rArr; pbuf_free &rArr; mem_free &rArr; plug_holes
</UL>
<BR>[Calls]<UL><LI><a href="#[bb]">&gt;&gt;</a>&nbsp;&nbsp;&nbsp;sys_check_timeouts
<LI><a href="#[b9]">&gt;&gt;</a>&nbsp;&nbsp;&nbsp;netif_set_up
<LI><a href="#[b8]">&gt;&gt;</a>&nbsp;&nbsp;&nbsp;netif_set_default
<LI><a href="#[b7]">&gt;&gt;</a>&nbsp;&nbsp;&nbsp;netif_add
<LI><a href="#[b6]">&gt;&gt;</a>&nbsp;&nbsp;&nbsp;lwip_init
<LI><a href="#[ba]">&gt;&gt;</a>&nbsp;&nbsp;&nbsp;dhcp_start
<LI><a href="#[b5]">&gt;&gt;</a>&nbsp;&nbsp;&nbsp;SysTick_Enable
<LI><a href="#[ad]">&gt;&gt;</a>&nbsp;&nbsp;&nbsp;echo_init
<LI><a href="#[96]">&gt;&gt;</a>&nbsp;&nbsp;&nbsp;lpc_phy_sts_sm
<LI><a href="#[8f]">&gt;&gt;</a>&nbsp;&nbsp;&nbsp;board_setup
<LI><a href="#[8e]">&gt;&gt;</a>&nbsp;&nbsp;&nbsp;led_set
<LI><a href="#[84]">&gt;&gt;</a>&nbsp;&nbsp;&nbsp;lpc_tx_reclaim
<LI><a href="#[80]">&gt;&gt;</a>&nbsp;&nbsp;&nbsp;lpc_enetif_input
<LI><a href="#[61]">&gt;&gt;</a>&nbsp;&nbsp;&nbsp;CGU_Init
<LI><a href="#[5b]">&gt;&gt;</a>&nbsp;&nbsp;&nbsp;debug_frmwrk_init_clk
<LI><a href="#[b2]">&gt;&gt;</a>&nbsp;&nbsp;&nbsp;SystemInit
<LI><a href="#[b4]">&gt;&gt;</a>&nbsp;&nbsp;&nbsp;fpuEnable
<LI><a href="#[b3]">&gt;&gt;</a>&nbsp;&nbsp;&nbsp;fpuInit
</UL>
<BR>[Address Reference Count : 1]<UL><LI> entry8.o(.ARM.Collect$$$$00000009)
</UL>
<P><STRONG><a name="[b5]"></a>SysTick_Enable</STRONG> (Thumb, 60 bytes, Stack size 8 bytes, lpc18xx_43xx_systick_arch.o(.text))
<BR><BR>[Stack]<UL><LI>Max Depth = 16<LI>Call Chain = SysTick_Enable &rArr; CGU_GetPCLKFrequency
</UL>
<BR>[Calls]<UL><LI><a href="#[6d]">&gt;&gt;</a>&nbsp;&nbsp;&nbsp;CGU_GetPCLKFrequency
</UL>
<BR>[Called By]<UL><LI><a href="#[3d]">&gt;&gt;</a>&nbsp;&nbsp;&nbsp;main
</UL>

<P><STRONG><a name="[190]"></a>SysTick_Disable</STRONG> (Thumb, 14 bytes, Stack size 0 bytes, lpc18xx_43xx_systick_arch.o(.text), UNUSED)

<P><STRONG><a name="[9]"></a>SysTick_Handler</STRONG> (Thumb, 12 bytes, Stack size 0 bytes, lpc18xx_43xx_systick_arch.o(.text))
<BR>[Address Reference Count : 1]<UL><LI> startup_hitex4350_m4.o(RESET)
</UL>
<P><STRONG><a name="[76]"></a>SysTick_GetMS</STRONG> (Thumb, 6 bytes, Stack size 0 bytes, lpc18xx_43xx_systick_arch.o(.text))
<BR><BR>[Called By]<UL><LI><a href="#[75]">&gt;&gt;</a>&nbsp;&nbsp;&nbsp;sys_now
</UL>

<P><STRONG><a name="[79]"></a>msDelay</STRONG> (Thumb, 14 bytes, Stack size 0 bytes, lpc18xx_43xx_systick_arch.o(.text))
<BR><BR>[Called By]<UL><LI><a href="#[87]">&gt;&gt;</a>&nbsp;&nbsp;&nbsp;lpc_phy_init
<LI><a href="#[7a]">&gt;&gt;</a>&nbsp;&nbsp;&nbsp;lpc_mii_read
<LI><a href="#[77]">&gt;&gt;</a>&nbsp;&nbsp;&nbsp;lpc_mii_write
<LI><a href="#[86]">&gt;&gt;</a>&nbsp;&nbsp;&nbsp;low_level_init
<LI><a href="#[3f]">&gt;&gt;</a>&nbsp;&nbsp;&nbsp;lpc_low_level_output
</UL>

<P><STRONG><a name="[82]"></a>lwip_htons</STRONG> (Thumb, 4 bytes, Stack size 0 bytes, def.o(.text))
<BR><BR>[Called By]<UL><LI><a href="#[a2]">&gt;&gt;</a>&nbsp;&nbsp;&nbsp;tcp_write
<LI><a href="#[80]">&gt;&gt;</a>&nbsp;&nbsp;&nbsp;lpc_enetif_input
<LI><a href="#[15c]">&gt;&gt;</a>&nbsp;&nbsp;&nbsp;etharp_raw
<LI><a href="#[15a]">&gt;&gt;</a>&nbsp;&nbsp;&nbsp;etharp_arp_input
<LI><a href="#[14a]">&gt;&gt;</a>&nbsp;&nbsp;&nbsp;ip_reass
<LI><a href="#[14b]">&gt;&gt;</a>&nbsp;&nbsp;&nbsp;ip_frag
<LI><a href="#[148]">&gt;&gt;</a>&nbsp;&nbsp;&nbsp;lwip_standard_chksum
<LI><a href="#[13f]">&gt;&gt;</a>&nbsp;&nbsp;&nbsp;udp_sendto_if_chksum
<LI><a href="#[137]">&gt;&gt;</a>&nbsp;&nbsp;&nbsp;inet_chksum_pseudo_partial
<LI><a href="#[136]">&gt;&gt;</a>&nbsp;&nbsp;&nbsp;tcp_output_segment
<LI><a href="#[131]">&gt;&gt;</a>&nbsp;&nbsp;&nbsp;tcp_create_segment
<LI><a href="#[130]">&gt;&gt;</a>&nbsp;&nbsp;&nbsp;tcp_output_alloc_header
<LI><a href="#[12e]">&gt;&gt;</a>&nbsp;&nbsp;&nbsp;inet_chksum_pseudo
<LI><a href="#[126]">&gt;&gt;</a>&nbsp;&nbsp;&nbsp;tcp_receive
<LI><a href="#[124]">&gt;&gt;</a>&nbsp;&nbsp;&nbsp;tcp_oos_insert_segment
<LI><a href="#[10d]">&gt;&gt;</a>&nbsp;&nbsp;&nbsp;tcp_zero_window_probe
<LI><a href="#[115]">&gt;&gt;</a>&nbsp;&nbsp;&nbsp;tcp_send_fin
<LI><a href="#[110]">&gt;&gt;</a>&nbsp;&nbsp;&nbsp;tcp_rst
<LI><a href="#[111]">&gt;&gt;</a>&nbsp;&nbsp;&nbsp;tcp_output
<LI><a href="#[105]">&gt;&gt;</a>&nbsp;&nbsp;&nbsp;ip_output_if
</UL>

<P><STRONG><a name="[125]"></a>lwip_ntohs</STRONG> (Thumb, 4 bytes, Stack size 0 bytes, def.o(.text))
<BR><BR>[Called By]<UL><LI><a href="#[154]">&gt;&gt;</a>&nbsp;&nbsp;&nbsp;ip_reass_chain_frag_into_datagram_and_validate
<LI><a href="#[14a]">&gt;&gt;</a>&nbsp;&nbsp;&nbsp;ip_reass
<LI><a href="#[14b]">&gt;&gt;</a>&nbsp;&nbsp;&nbsp;ip_frag
<LI><a href="#[149]">&gt;&gt;</a>&nbsp;&nbsp;&nbsp;ip_input
<LI><a href="#[144]">&gt;&gt;</a>&nbsp;&nbsp;&nbsp;icmp_input
<LI><a href="#[13d]">&gt;&gt;</a>&nbsp;&nbsp;&nbsp;udp_input
<LI><a href="#[136]">&gt;&gt;</a>&nbsp;&nbsp;&nbsp;tcp_output_segment
<LI><a href="#[12d]">&gt;&gt;</a>&nbsp;&nbsp;&nbsp;tcp_input
<LI><a href="#[129]">&gt;&gt;</a>&nbsp;&nbsp;&nbsp;tcp_parseopt
<LI><a href="#[126]">&gt;&gt;</a>&nbsp;&nbsp;&nbsp;tcp_receive
<LI><a href="#[124]">&gt;&gt;</a>&nbsp;&nbsp;&nbsp;tcp_oos_insert_segment
<LI><a href="#[10d]">&gt;&gt;</a>&nbsp;&nbsp;&nbsp;tcp_zero_window_probe
<LI><a href="#[115]">&gt;&gt;</a>&nbsp;&nbsp;&nbsp;tcp_send_fin
<LI><a href="#[111]">&gt;&gt;</a>&nbsp;&nbsp;&nbsp;tcp_output
</UL>

<P><STRONG><a name="[bd]"></a>lwip_htonl</STRONG> (Thumb, 4 bytes, Stack size 0 bytes, def.o(.text))
<BR><BR>[Called By]<UL><LI><a href="#[42]">&gt;&gt;</a>&nbsp;&nbsp;&nbsp;dhcp_recv
<LI><a href="#[dd]">&gt;&gt;</a>&nbsp;&nbsp;&nbsp;dhcp_parse_reply
<LI><a href="#[bc]">&gt;&gt;</a>&nbsp;&nbsp;&nbsp;dhcp_create_msg
<LI><a href="#[14d]">&gt;&gt;</a>&nbsp;&nbsp;&nbsp;ipaddr_aton
<LI><a href="#[14c]">&gt;&gt;</a>&nbsp;&nbsp;&nbsp;ip4_addr_netmask_valid
<LI><a href="#[136]">&gt;&gt;</a>&nbsp;&nbsp;&nbsp;tcp_output_segment
<LI><a href="#[131]">&gt;&gt;</a>&nbsp;&nbsp;&nbsp;tcp_create_segment
<LI><a href="#[130]">&gt;&gt;</a>&nbsp;&nbsp;&nbsp;tcp_output_alloc_header
<LI><a href="#[128]">&gt;&gt;</a>&nbsp;&nbsp;&nbsp;tcp_send_empty_ack
<LI><a href="#[110]">&gt;&gt;</a>&nbsp;&nbsp;&nbsp;tcp_rst
<LI><a href="#[10f]">&gt;&gt;</a>&nbsp;&nbsp;&nbsp;tcp_keepalive
<LI><a href="#[df]">&gt;&gt;</a>&nbsp;&nbsp;&nbsp;dhcp_handle_ack
</UL>

<P><STRONG><a name="[ca]"></a>lwip_ntohl</STRONG> (Thumb, 4 bytes, Stack size 0 bytes, def.o(.text))
<BR><BR>[Called By]<UL><LI><a href="#[42]">&gt;&gt;</a>&nbsp;&nbsp;&nbsp;dhcp_recv
<LI><a href="#[dd]">&gt;&gt;</a>&nbsp;&nbsp;&nbsp;dhcp_parse_reply
<LI><a href="#[d0]">&gt;&gt;</a>&nbsp;&nbsp;&nbsp;dhcp_reboot
<LI><a href="#[c9]">&gt;&gt;</a>&nbsp;&nbsp;&nbsp;dhcp_select
<LI><a href="#[136]">&gt;&gt;</a>&nbsp;&nbsp;&nbsp;tcp_output_segment
<LI><a href="#[12b]">&gt;&gt;</a>&nbsp;&nbsp;&nbsp;tcp_rexmit
<LI><a href="#[12d]">&gt;&gt;</a>&nbsp;&nbsp;&nbsp;tcp_input
<LI><a href="#[12a]">&gt;&gt;</a>&nbsp;&nbsp;&nbsp;tcp_process
<LI><a href="#[126]">&gt;&gt;</a>&nbsp;&nbsp;&nbsp;tcp_receive
<LI><a href="#[111]">&gt;&gt;</a>&nbsp;&nbsp;&nbsp;tcp_output
<LI><a href="#[e7]">&gt;&gt;</a>&nbsp;&nbsp;&nbsp;dhcp_decline
</UL>

<P><STRONG><a name="[cd]"></a>dhcp_renew</STRONG> (Thumb, 176 bytes, Stack size 24 bytes, dhcp.o(.text))
<BR><BR>[Stack]<UL><LI>Max Depth = 296<LI>Call Chain = dhcp_renew &rArr; udp_sendto_if &rArr; udp_sendto_if_chksum &rArr; ip_output_if &rArr; ip_frag &rArr; pbuf_alloc &rArr; pbuf_free &rArr; mem_free &rArr; plug_holes
</UL>
<BR>[Calls]<UL><LI><a href="#[c1]">&gt;&gt;</a>&nbsp;&nbsp;&nbsp;dhcp_set_state
<LI><a href="#[bf]">&gt;&gt;</a>&nbsp;&nbsp;&nbsp;dhcp_option_byte
<LI><a href="#[c6]">&gt;&gt;</a>&nbsp;&nbsp;&nbsp;dhcp_delete_msg
<LI><a href="#[bc]">&gt;&gt;</a>&nbsp;&nbsp;&nbsp;dhcp_create_msg
<LI><a href="#[c2]">&gt;&gt;</a>&nbsp;&nbsp;&nbsp;dhcp_option_short
<LI><a href="#[be]">&gt;&gt;</a>&nbsp;&nbsp;&nbsp;dhcp_option
<LI><a href="#[c3]">&gt;&gt;</a>&nbsp;&nbsp;&nbsp;dhcp_option_trailer
<LI><a href="#[cc]">&gt;&gt;</a>&nbsp;&nbsp;&nbsp;strlen
<LI><a href="#[c5]">&gt;&gt;</a>&nbsp;&nbsp;&nbsp;udp_sendto_if
<LI><a href="#[c4]">&gt;&gt;</a>&nbsp;&nbsp;&nbsp;pbuf_realloc
</UL>
<BR>[Called By]<UL><LI><a href="#[d8]">&gt;&gt;</a>&nbsp;&nbsp;&nbsp;dhcp_timeout
<LI><a href="#[cf]">&gt;&gt;</a>&nbsp;&nbsp;&nbsp;dhcp_coarse_tmr
</UL>

<P><STRONG><a name="[cf]"></a>dhcp_coarse_tmr</STRONG> (Thumb, 90 bytes, Stack size 8 bytes, dhcp.o(.text))
<BR><BR>[Stack]<UL><LI>Max Depth = 304<LI>Call Chain = dhcp_coarse_tmr &rArr; dhcp_rebind &rArr; udp_sendto_if &rArr; udp_sendto_if_chksum &rArr; ip_output_if &rArr; ip_frag &rArr; pbuf_alloc &rArr; pbuf_free &rArr; mem_free &rArr; plug_holes
</UL>
<BR>[Calls]<UL><LI><a href="#[ce]">&gt;&gt;</a>&nbsp;&nbsp;&nbsp;dhcp_rebind
<LI><a href="#[cd]">&gt;&gt;</a>&nbsp;&nbsp;&nbsp;dhcp_renew
</UL>
<BR>[Called By]<UL><LI><a href="#[47]">&gt;&gt;</a>&nbsp;&nbsp;&nbsp;dhcp_timer_coarse
</UL>

<P><STRONG><a name="[d1]"></a>dhcp_release</STRONG> (Thumb, 158 bytes, Stack size 24 bytes, dhcp.o(.text))
<BR><BR>[Stack]<UL><LI>Max Depth = 408<LI>Call Chain = dhcp_release &rArr; netif_set_ipaddr &rArr; tcp_abort &rArr; tcp_abandon &rArr; tcp_pcb_remove &rArr; tcp_output &rArr; tcp_output_segment &rArr; ip_output &rArr; ip_output_if &rArr; ip_frag &rArr; pbuf_alloc &rArr; pbuf_free &rArr; mem_free &rArr; plug_holes
</UL>
<BR>[Calls]<UL><LI><a href="#[c1]">&gt;&gt;</a>&nbsp;&nbsp;&nbsp;dhcp_set_state
<LI><a href="#[c6]">&gt;&gt;</a>&nbsp;&nbsp;&nbsp;dhcp_delete_msg
<LI><a href="#[bc]">&gt;&gt;</a>&nbsp;&nbsp;&nbsp;dhcp_create_msg
<LI><a href="#[c3]">&gt;&gt;</a>&nbsp;&nbsp;&nbsp;dhcp_option_trailer
<LI><a href="#[c5]">&gt;&gt;</a>&nbsp;&nbsp;&nbsp;udp_sendto_if
<LI><a href="#[c4]">&gt;&gt;</a>&nbsp;&nbsp;&nbsp;pbuf_realloc
<LI><a href="#[d5]">&gt;&gt;</a>&nbsp;&nbsp;&nbsp;netif_set_netmask
<LI><a href="#[d3]">&gt;&gt;</a>&nbsp;&nbsp;&nbsp;netif_set_ipaddr
<LI><a href="#[d4]">&gt;&gt;</a>&nbsp;&nbsp;&nbsp;netif_set_gw
<LI><a href="#[d2]">&gt;&gt;</a>&nbsp;&nbsp;&nbsp;netif_set_down
</UL>
<BR>[Called By]<UL><LI><a href="#[d8]">&gt;&gt;</a>&nbsp;&nbsp;&nbsp;dhcp_timeout
</UL>

<P><STRONG><a name="[d7]"></a>dhcp_fine_tmr</STRONG> (Thumb, 46 bytes, Stack size 16 bytes, dhcp.o(.text))
<BR><BR>[Stack]<UL><LI>Max Depth = 440<LI>Call Chain = dhcp_fine_tmr &rArr; dhcp_timeout &rArr; dhcp_bind &rArr; netif_set_ipaddr &rArr; tcp_abort &rArr; tcp_abandon &rArr; tcp_pcb_remove &rArr; tcp_output &rArr; tcp_output_segment &rArr; ip_output &rArr; ip_output_if &rArr; ip_frag &rArr; pbuf_alloc &rArr; pbuf_free &rArr; mem_free &rArr; plug_holes
</UL>
<BR>[Calls]<UL><LI><a href="#[d8]">&gt;&gt;</a>&nbsp;&nbsp;&nbsp;dhcp_timeout
</UL>
<BR>[Called By]<UL><LI><a href="#[48]">&gt;&gt;</a>&nbsp;&nbsp;&nbsp;dhcp_timer_fine
</UL>

<P><STRONG><a name="[d9]"></a>dhcp_set_struct</STRONG> (Thumb, 32 bytes, Stack size 16 bytes, dhcp.o(.text), UNUSED)
<BR><BR>[Calls]<UL><LI><a href="#[89]">&gt;&gt;</a>&nbsp;&nbsp;&nbsp;__aeabi_memclr4
</UL>

<P><STRONG><a name="[da]"></a>dhcp_cleanup</STRONG> (Thumb, 24 bytes, Stack size 8 bytes, dhcp.o(.text), UNUSED)
<BR><BR>[Calls]<UL><LI><a href="#[9f]">&gt;&gt;</a>&nbsp;&nbsp;&nbsp;mem_free
</UL>

<P><STRONG><a name="[db]"></a>dhcp_stop</STRONG> (Thumb, 54 bytes, Stack size 8 bytes, dhcp.o(.text))
<BR><BR>[Stack]<UL><LI>Max Depth = 8<LI>Call Chain = dhcp_stop
</UL>
<BR>[Calls]<UL><LI><a href="#[c1]">&gt;&gt;</a>&nbsp;&nbsp;&nbsp;dhcp_set_state
<LI><a href="#[dc]">&gt;&gt;</a>&nbsp;&nbsp;&nbsp;udp_remove
</UL>
<BR>[Called By]<UL><LI><a href="#[ba]">&gt;&gt;</a>&nbsp;&nbsp;&nbsp;dhcp_start
</UL>

<P><STRONG><a name="[ba]"></a>dhcp_start</STRONG> (Thumb, 164 bytes, Stack size 16 bytes, dhcp.o(.text))
<BR><BR>[Stack]<UL><LI>Max Depth = 312<LI>Call Chain = dhcp_start &rArr; dhcp_discover &rArr; udp_sendto_if &rArr; udp_sendto_if_chksum &rArr; ip_output_if &rArr; ip_frag &rArr; pbuf_alloc &rArr; pbuf_free &rArr; mem_free &rArr; plug_holes
</UL>
<BR>[Calls]<UL><LI><a href="#[c0]">&gt;&gt;</a>&nbsp;&nbsp;&nbsp;dhcp_discover
<LI><a href="#[ac]">&gt;&gt;</a>&nbsp;&nbsp;&nbsp;mem_malloc
<LI><a href="#[89]">&gt;&gt;</a>&nbsp;&nbsp;&nbsp;__aeabi_memclr4
<LI><a href="#[dc]">&gt;&gt;</a>&nbsp;&nbsp;&nbsp;udp_remove
<LI><a href="#[e3]">&gt;&gt;</a>&nbsp;&nbsp;&nbsp;udp_recv
<LI><a href="#[e0]">&gt;&gt;</a>&nbsp;&nbsp;&nbsp;udp_new
<LI><a href="#[e2]">&gt;&gt;</a>&nbsp;&nbsp;&nbsp;udp_connect
<LI><a href="#[e1]">&gt;&gt;</a>&nbsp;&nbsp;&nbsp;udp_bind
<LI><a href="#[db]">&gt;&gt;</a>&nbsp;&nbsp;&nbsp;dhcp_stop
</UL>
<BR>[Called By]<UL><LI><a href="#[3d]">&gt;&gt;</a>&nbsp;&nbsp;&nbsp;main
</UL>

<P><STRONG><a name="[e4]"></a>dhcp_inform</STRONG> (Thumb, 148 bytes, Stack size 80 bytes, dhcp.o(.text), UNUSED)
<BR><BR>[Calls]<UL><LI><a href="#[c1]">&gt;&gt;</a>&nbsp;&nbsp;&nbsp;dhcp_set_state
<LI><a href="#[c6]">&gt;&gt;</a>&nbsp;&nbsp;&nbsp;dhcp_delete_msg
<LI><a href="#[bc]">&gt;&gt;</a>&nbsp;&nbsp;&nbsp;dhcp_create_msg
<LI><a href="#[c2]">&gt;&gt;</a>&nbsp;&nbsp;&nbsp;dhcp_option_short
<LI><a href="#[be]">&gt;&gt;</a>&nbsp;&nbsp;&nbsp;dhcp_option
<LI><a href="#[c3]">&gt;&gt;</a>&nbsp;&nbsp;&nbsp;dhcp_option_trailer
<LI><a href="#[89]">&gt;&gt;</a>&nbsp;&nbsp;&nbsp;__aeabi_memclr4
<LI><a href="#[c5]">&gt;&gt;</a>&nbsp;&nbsp;&nbsp;udp_sendto_if
<LI><a href="#[dc]">&gt;&gt;</a>&nbsp;&nbsp;&nbsp;udp_remove
<LI><a href="#[e0]">&gt;&gt;</a>&nbsp;&nbsp;&nbsp;udp_new
<LI><a href="#[e1]">&gt;&gt;</a>&nbsp;&nbsp;&nbsp;udp_bind
<LI><a href="#[c4]">&gt;&gt;</a>&nbsp;&nbsp;&nbsp;pbuf_realloc
</UL>

<P><STRONG><a name="[e5]"></a>dhcp_network_changed</STRONG> (Thumb, 68 bytes, Stack size 16 bytes, dhcp.o(.text))
<BR><BR>[Stack]<UL><LI>Max Depth = 312<LI>Call Chain = dhcp_network_changed &rArr; dhcp_reboot &rArr; udp_sendto_if &rArr; udp_sendto_if_chksum &rArr; ip_output_if &rArr; ip_frag &rArr; pbuf_alloc &rArr; pbuf_free &rArr; mem_free &rArr; plug_holes
</UL>
<BR>[Calls]<UL><LI><a href="#[d0]">&gt;&gt;</a>&nbsp;&nbsp;&nbsp;dhcp_reboot
<LI><a href="#[c0]">&gt;&gt;</a>&nbsp;&nbsp;&nbsp;dhcp_discover
<LI><a href="#[d2]">&gt;&gt;</a>&nbsp;&nbsp;&nbsp;netif_set_down
</UL>
<BR>[Called By]<UL><LI><a href="#[94]">&gt;&gt;</a>&nbsp;&nbsp;&nbsp;netif_set_link_up
</UL>

<P><STRONG><a name="[e6]"></a>dhcp_arp_reply</STRONG> (Thumb, 30 bytes, Stack size 0 bytes, dhcp.o(.text))
<BR><BR>[Stack]<UL><LI>Max Depth = 296<LI>Call Chain = dhcp_arp_reply &rArr; dhcp_decline &rArr; udp_sendto_if &rArr; udp_sendto_if_chksum &rArr; ip_output_if &rArr; ip_frag &rArr; pbuf_alloc &rArr; pbuf_free &rArr; mem_free &rArr; plug_holes
</UL>
<BR>[Calls]<UL><LI><a href="#[e7]">&gt;&gt;</a>&nbsp;&nbsp;&nbsp;dhcp_decline
</UL>
<BR>[Called By]<UL><LI><a href="#[15a]">&gt;&gt;</a>&nbsp;&nbsp;&nbsp;etharp_arp_input
</UL>

<P><STRONG><a name="[b6]"></a>lwip_init</STRONG> (Thumb, 22 bytes, Stack size 8 bytes, init.o(.text))
<BR><BR>[Stack]<UL><LI>Max Depth = 32<LI>Call Chain = lwip_init &rArr; sys_timeouts_init &rArr; sys_timeout
</UL>
<BR>[Calls]<UL><LI><a href="#[eb]">&gt;&gt;</a>&nbsp;&nbsp;&nbsp;sys_timeouts_init
<LI><a href="#[ea]">&gt;&gt;</a>&nbsp;&nbsp;&nbsp;netif_init
<LI><a href="#[e9]">&gt;&gt;</a>&nbsp;&nbsp;&nbsp;memp_init
<LI><a href="#[e8]">&gt;&gt;</a>&nbsp;&nbsp;&nbsp;mem_init
</UL>
<BR>[Called By]<UL><LI><a href="#[3d]">&gt;&gt;</a>&nbsp;&nbsp;&nbsp;main
</UL>

<P><STRONG><a name="[e8]"></a>mem_init</STRONG> (Thumb, 42 bytes, Stack size 8 bytes, mem.o(.text))
<BR><BR>[Stack]<UL><LI>Max Depth = 8<LI>Call Chain = mem_init
</UL>
<BR>[Called By]<UL><LI><a href="#[b6]">&gt;&gt;</a>&nbsp;&nbsp;&nbsp;lwip_init
</UL>

<P><STRONG><a name="[9f]"></a>mem_free</STRONG> (Thumb, 52 bytes, Stack size 0 bytes, mem.o(.text))
<BR><BR>[Stack]<UL><LI>Max Depth = 16<LI>Call Chain = mem_free &rArr; plug_holes
</UL>
<BR>[Calls]<UL><LI><a href="#[ec]">&gt;&gt;</a>&nbsp;&nbsp;&nbsp;plug_holes
</UL>
<BR>[Called By]<UL><LI><a href="#[a7]">&gt;&gt;</a>&nbsp;&nbsp;&nbsp;echo_error
<LI><a href="#[99]">&gt;&gt;</a>&nbsp;&nbsp;&nbsp;echo_close
<LI><a href="#[83]">&gt;&gt;</a>&nbsp;&nbsp;&nbsp;pbuf_free
<LI><a href="#[da]">&gt;&gt;</a>&nbsp;&nbsp;&nbsp;dhcp_cleanup
</UL>

<P><STRONG><a name="[f3]"></a>mem_trim</STRONG> (Thumb, 180 bytes, Stack size 36 bytes, mem.o(.text))
<BR><BR>[Stack]<UL><LI>Max Depth = 36<LI>Call Chain = mem_trim
</UL>
<BR>[Called By]<UL><LI><a href="#[c4]">&gt;&gt;</a>&nbsp;&nbsp;&nbsp;pbuf_realloc
</UL>

<P><STRONG><a name="[ac]"></a>mem_malloc</STRONG> (Thumb, 188 bytes, Stack size 28 bytes, mem.o(.text))
<BR><BR>[Stack]<UL><LI>Max Depth = 28<LI>Call Chain = mem_malloc
</UL>
<BR>[Called By]<UL><LI><a href="#[ba]">&gt;&gt;</a>&nbsp;&nbsp;&nbsp;dhcp_start
<LI><a href="#[aa]">&gt;&gt;</a>&nbsp;&nbsp;&nbsp;echo_accept
<LI><a href="#[7d]">&gt;&gt;</a>&nbsp;&nbsp;&nbsp;pbuf_alloc
<LI><a href="#[ed]">&gt;&gt;</a>&nbsp;&nbsp;&nbsp;mem_calloc
</UL>

<P><STRONG><a name="[ed]"></a>mem_calloc</STRONG> (Thumb, 24 bytes, Stack size 16 bytes, mem.o(.text), UNUSED)
<BR><BR>[Calls]<UL><LI><a href="#[ac]">&gt;&gt;</a>&nbsp;&nbsp;&nbsp;mem_malloc
<LI><a href="#[8d]">&gt;&gt;</a>&nbsp;&nbsp;&nbsp;__aeabi_memclr
</UL>

<P><STRONG><a name="[e9]"></a>memp_init</STRONG> (Thumb, 78 bytes, Stack size 20 bytes, memp.o(.text))
<BR><BR>[Stack]<UL><LI>Max Depth = 20<LI>Call Chain = memp_init
</UL>
<BR>[Called By]<UL><LI><a href="#[b6]">&gt;&gt;</a>&nbsp;&nbsp;&nbsp;lwip_init
</UL>

<P><STRONG><a name="[f2]"></a>memp_malloc</STRONG> (Thumb, 34 bytes, Stack size 0 bytes, memp.o(.text))
<BR><BR>[Called By]<UL><LI><a href="#[b0]">&gt;&gt;</a>&nbsp;&nbsp;&nbsp;tcp_listen_with_backlog
<LI><a href="#[7d]">&gt;&gt;</a>&nbsp;&nbsp;&nbsp;pbuf_alloc
<LI><a href="#[14a]">&gt;&gt;</a>&nbsp;&nbsp;&nbsp;ip_reass
<LI><a href="#[14b]">&gt;&gt;</a>&nbsp;&nbsp;&nbsp;ip_frag
<LI><a href="#[138]">&gt;&gt;</a>&nbsp;&nbsp;&nbsp;sys_timeout
<LI><a href="#[131]">&gt;&gt;</a>&nbsp;&nbsp;&nbsp;tcp_create_segment
<LI><a href="#[123]">&gt;&gt;</a>&nbsp;&nbsp;&nbsp;tcp_alloc
<LI><a href="#[121]">&gt;&gt;</a>&nbsp;&nbsp;&nbsp;tcp_seg_copy
<LI><a href="#[108]">&gt;&gt;</a>&nbsp;&nbsp;&nbsp;raw_new
<LI><a href="#[e0]">&gt;&gt;</a>&nbsp;&nbsp;&nbsp;udp_new
</UL>

<P><STRONG><a name="[f1]"></a>memp_free</STRONG> (Thumb, 26 bytes, Stack size 0 bytes, memp.o(.text))
<BR><BR>[Called By]<UL><LI><a href="#[bb]">&gt;&gt;</a>&nbsp;&nbsp;&nbsp;sys_check_timeouts
<LI><a href="#[b0]">&gt;&gt;</a>&nbsp;&nbsp;&nbsp;tcp_listen_with_backlog
<LI><a href="#[83]">&gt;&gt;</a>&nbsp;&nbsp;&nbsp;pbuf_free
<LI><a href="#[155]">&gt;&gt;</a>&nbsp;&nbsp;&nbsp;ip_frag_free_pbuf_custom_ref
<LI><a href="#[152]">&gt;&gt;</a>&nbsp;&nbsp;&nbsp;ip_reass_dequeue_datagram
<LI><a href="#[13b]">&gt;&gt;</a>&nbsp;&nbsp;&nbsp;sys_untimeout
<LI><a href="#[12d]">&gt;&gt;</a>&nbsp;&nbsp;&nbsp;tcp_input
<LI><a href="#[11b]">&gt;&gt;</a>&nbsp;&nbsp;&nbsp;tcp_abandon
<LI><a href="#[10c]">&gt;&gt;</a>&nbsp;&nbsp;&nbsp;tcp_slowtmr
<LI><a href="#[109]">&gt;&gt;</a>&nbsp;&nbsp;&nbsp;tcp_seg_free
<LI><a href="#[113]">&gt;&gt;</a>&nbsp;&nbsp;&nbsp;tcp_close_shutdown
<LI><a href="#[107]">&gt;&gt;</a>&nbsp;&nbsp;&nbsp;raw_remove
<LI><a href="#[dc]">&gt;&gt;</a>&nbsp;&nbsp;&nbsp;udp_remove
</UL>

<P><STRONG><a name="[ea]"></a>netif_init</STRONG> (Thumb, 2 bytes, Stack size 0 bytes, netif.o(.text))
<BR><BR>[Called By]<UL><LI><a href="#[b6]">&gt;&gt;</a>&nbsp;&nbsp;&nbsp;lwip_init
</UL>

<P><STRONG><a name="[d4]"></a>netif_set_gw</STRONG> (Thumb, 8 bytes, Stack size 0 bytes, netif.o(.text))
<BR><BR>[Called By]<UL><LI><a href="#[42]">&gt;&gt;</a>&nbsp;&nbsp;&nbsp;dhcp_recv
<LI><a href="#[d6]">&gt;&gt;</a>&nbsp;&nbsp;&nbsp;dhcp_bind
<LI><a href="#[ee]">&gt;&gt;</a>&nbsp;&nbsp;&nbsp;netif_set_addr
<LI><a href="#[d1]">&gt;&gt;</a>&nbsp;&nbsp;&nbsp;dhcp_release
</UL>

<P><STRONG><a name="[d5]"></a>netif_set_netmask</STRONG> (Thumb, 8 bytes, Stack size 0 bytes, netif.o(.text))
<BR><BR>[Called By]<UL><LI><a href="#[42]">&gt;&gt;</a>&nbsp;&nbsp;&nbsp;dhcp_recv
<LI><a href="#[d6]">&gt;&gt;</a>&nbsp;&nbsp;&nbsp;dhcp_bind
<LI><a href="#[ee]">&gt;&gt;</a>&nbsp;&nbsp;&nbsp;netif_set_addr
<LI><a href="#[d1]">&gt;&gt;</a>&nbsp;&nbsp;&nbsp;dhcp_release
</UL>

<P><STRONG><a name="[d3]"></a>netif_set_ipaddr</STRONG> (Thumb, 94 bytes, Stack size 16 bytes, netif.o(.text))
<BR><BR>[Stack]<UL><LI>Max Depth = 384<LI>Call Chain = netif_set_ipaddr &rArr; tcp_abort &rArr; tcp_abandon &rArr; tcp_pcb_remove &rArr; tcp_output &rArr; tcp_output_segment &rArr; ip_output &rArr; ip_output_if &rArr; ip_frag &rArr; pbuf_alloc &rArr; pbuf_free &rArr; mem_free &rArr; plug_holes
</UL>
<BR>[Calls]<UL><LI><a href="#[a6]">&gt;&gt;</a>&nbsp;&nbsp;&nbsp;tcp_abort
</UL>
<BR>[Called By]<UL><LI><a href="#[42]">&gt;&gt;</a>&nbsp;&nbsp;&nbsp;dhcp_recv
<LI><a href="#[d6]">&gt;&gt;</a>&nbsp;&nbsp;&nbsp;dhcp_bind
<LI><a href="#[ee]">&gt;&gt;</a>&nbsp;&nbsp;&nbsp;netif_set_addr
<LI><a href="#[d1]">&gt;&gt;</a>&nbsp;&nbsp;&nbsp;dhcp_release
</UL>

<P><STRONG><a name="[ee]"></a>netif_set_addr</STRONG> (Thumb, 30 bytes, Stack size 16 bytes, netif.o(.text))
<BR><BR>[Stack]<UL><LI>Max Depth = 400<LI>Call Chain = netif_set_addr &rArr; netif_set_ipaddr &rArr; tcp_abort &rArr; tcp_abandon &rArr; tcp_pcb_remove &rArr; tcp_output &rArr; tcp_output_segment &rArr; ip_output &rArr; ip_output_if &rArr; ip_frag &rArr; pbuf_alloc &rArr; pbuf_free &rArr; mem_free &rArr; plug_holes
</UL>
<BR>[Calls]<UL><LI><a href="#[d5]">&gt;&gt;</a>&nbsp;&nbsp;&nbsp;netif_set_netmask
<LI><a href="#[d3]">&gt;&gt;</a>&nbsp;&nbsp;&nbsp;netif_set_ipaddr
<LI><a href="#[d4]">&gt;&gt;</a>&nbsp;&nbsp;&nbsp;netif_set_gw
</UL>
[...]
<LI><a href="#[116]">&gt;&gt;</a>&nbsp;&nbsp;&nbsp;tcp_update_rcv_ann_wnd
<LI><a href="#[109]">&gt;&gt;</a>&nbsp;&nbsp;&nbsp;tcp_seg_free
<LI><a href="#[f4]">&gt;&gt;</a>&nbsp;&nbsp;&nbsp;pbuf_cat
<LI><a href="#[103]">&gt;&gt;</a>&nbsp;&nbsp;&nbsp;pbuf_header
<LI><a href="#[c4]">&gt;&gt;</a>&nbsp;&nbsp;&nbsp;pbuf_realloc
</UL>
<BR>[Called By]<UL><LI><a href="#[12a]">&gt;&gt;</a>&nbsp;&nbsp;&nbsp;tcp_process
</UL>

<P><STRONG><a name="[129]"></a>tcp_parseopt</STRONG> (Thumb, 120 bytes, Stack size 16 bytes, tcp_in.o(.text))
<BR><BR>[Stack]<UL><LI>Max Depth = 16<LI>Call Chain = tcp_parseopt
</UL>
<BR>[Calls]<UL><LI><a href="#[125]">&gt;&gt;</a>&nbsp;&nbsp;&nbsp;lwip_ntohs
</UL>
<BR>[Called By]<UL><LI><a href="#[12c]">&gt;&gt;</a>&nbsp;&nbsp;&nbsp;tcp_listen_input
<LI><a href="#[12a]">&gt;&gt;</a>&nbsp;&nbsp;&nbsp;tcp_process
</UL>

<P><STRONG><a name="[12a]"></a>tcp_process</STRONG> (Thumb, 850 bytes, Stack size 48 bytes, tcp_in.o(.text))
<BR><BR>[Stack]<UL><LI>Max Depth = 416<LI>Call Chain = tcp_process &rArr; tcp_abort &rArr; tcp_abandon &rArr; tcp_pcb_remove &rArr; tcp_output &rArr; tcp_output_segment &rArr; ip_output &rArr; ip_output_if &rArr; ip_frag &rArr; pbuf_alloc &rArr; pbuf_free &rArr; mem_free &rArr; plug_holes
</UL>
<BR>[Calls]<UL><LI><a href="#[ca]">&gt;&gt;</a>&nbsp;&nbsp;&nbsp;lwip_ntohl
<LI><a href="#[a6]">&gt;&gt;</a>&nbsp;&nbsp;&nbsp;tcp_abort
<LI><a href="#[12b]">&gt;&gt;</a>&nbsp;&nbsp;&nbsp;tcp_rexmit
<LI><a href="#[129]">&gt;&gt;</a>&nbsp;&nbsp;&nbsp;tcp_parseopt
<LI><a href="#[126]">&gt;&gt;</a>&nbsp;&nbsp;&nbsp;tcp_receive
<LI><a href="#[114]">&gt;&gt;</a>&nbsp;&nbsp;&nbsp;tcp_timer_needed
<LI><a href="#[110]">&gt;&gt;</a>&nbsp;&nbsp;&nbsp;tcp_rst
<LI><a href="#[11d]">&gt;&gt;</a>&nbsp;&nbsp;&nbsp;tcp_eff_send_mss
<LI><a href="#[10b]">&gt;&gt;</a>&nbsp;&nbsp;&nbsp;tcp_pcb_purge
<LI><a href="#[109]">&gt;&gt;</a>&nbsp;&nbsp;&nbsp;tcp_seg_free
</UL>
<BR>[Called By]<UL><LI><a href="#[12d]">&gt;&gt;</a>&nbsp;&nbsp;&nbsp;tcp_input
</UL>

<P><STRONG><a name="[12c]"></a>tcp_listen_input</STRONG> (Thumb, 194 bytes, Stack size 24 bytes, tcp_in.o(.text))
<BR><BR>[Stack]<UL><LI>Max Depth = 416<LI>Call Chain = tcp_listen_input &rArr; tcp_alloc &rArr; tcp_abort &rArr; tcp_abandon &rArr; tcp_pcb_remove &rArr; tcp_output &rArr; tcp_output_segment &rArr; ip_output &rArr; ip_output_if &rArr; ip_frag &rArr; pbuf_alloc &rArr; pbuf_free &rArr; mem_free &rArr; plug_holes
</UL>
<BR>[Calls]<UL><LI><a href="#[129]">&gt;&gt;</a>&nbsp;&nbsp;&nbsp;tcp_parseopt
<LI><a href="#[114]">&gt;&gt;</a>&nbsp;&nbsp;&nbsp;tcp_timer_needed
<LI><a href="#[110]">&gt;&gt;</a>&nbsp;&nbsp;&nbsp;tcp_rst
<LI><a href="#[111]">&gt;&gt;</a>&nbsp;&nbsp;&nbsp;tcp_output
<LI><a href="#[120]">&gt;&gt;</a>&nbsp;&nbsp;&nbsp;tcp_enqueue_flags
<LI><a href="#[123]">&gt;&gt;</a>&nbsp;&nbsp;&nbsp;tcp_alloc
<LI><a href="#[11d]">&gt;&gt;</a>&nbsp;&nbsp;&nbsp;tcp_eff_send_mss
<LI><a href="#[11b]">&gt;&gt;</a>&nbsp;&nbsp;&nbsp;tcp_abandon
</UL>
<BR>[Called By]<UL><LI><a href="#[12d]">&gt;&gt;</a>&nbsp;&nbsp;&nbsp;tcp_input
</UL>

<P><STRONG><a name="[12f]"></a>tcp_timewait_input</STRONG> (Thumb, 96 bytes, Stack size 24 bytes, tcp_in.o(.text))
<BR><BR>[Stack]<UL><LI>Max Depth = 320<LI>Call Chain = tcp_timewait_input &rArr; tcp_output &rArr; tcp_output_segment &rArr; ip_output &rArr; ip_output_if &rArr; ip_frag &rArr; pbuf_alloc &rArr; pbuf_free &rArr; mem_free &rArr; plug_holes
</UL>
<BR>[Calls]<UL><LI><a href="#[110]">&gt;&gt;</a>&nbsp;&nbsp;&nbsp;tcp_rst
<LI><a href="#[111]">&gt;&gt;</a>&nbsp;&nbsp;&nbsp;tcp_output
</UL>
<BR>[Called By]<UL><LI><a href="#[12d]">&gt;&gt;</a>&nbsp;&nbsp;&nbsp;tcp_input
</UL>

<P><STRONG><a name="[130]"></a>tcp_output_alloc_header</STRONG> (Thumb, 118 bytes, Stack size 24 bytes, tcp_out.o(.text))
<BR><BR>[Stack]<UL><LI>Max Depth = 96<LI>Call Chain = tcp_output_alloc_header &rArr; pbuf_alloc &rArr; pbuf_free &rArr; mem_free &rArr; plug_holes
</UL>
<BR>[Calls]<UL><LI><a href="#[bd]">&gt;&gt;</a>&nbsp;&nbsp;&nbsp;lwip_htonl
<LI><a href="#[7d]">&gt;&gt;</a>&nbsp;&nbsp;&nbsp;pbuf_alloc
<LI><a href="#[82]">&gt;&gt;</a>&nbsp;&nbsp;&nbsp;lwip_htons
</UL>
<BR>[Called By]<UL><LI><a href="#[128]">&gt;&gt;</a>&nbsp;&nbsp;&nbsp;tcp_send_empty_ack
<LI><a href="#[10d]">&gt;&gt;</a>&nbsp;&nbsp;&nbsp;tcp_zero_window_probe
<LI><a href="#[10f]">&gt;&gt;</a>&nbsp;&nbsp;&nbsp;tcp_keepalive
</UL>

<P><STRONG><a name="[131]"></a>tcp_create_segment</STRONG> (Thumb, 176 bytes, Stack size 40 bytes, tcp_out.o(.text))
<BR><BR>[Stack]<UL><LI>Max Depth = 80<LI>Call Chain = tcp_create_segment &rArr; tcp_seg_free &rArr; pbuf_free &rArr; mem_free &rArr; plug_holes
</UL>
<BR>[Calls]<UL><LI><a href="#[bd]">&gt;&gt;</a>&nbsp;&nbsp;&nbsp;lwip_htonl
<LI><a href="#[83]">&gt;&gt;</a>&nbsp;&nbsp;&nbsp;pbuf_free
<LI><a href="#[82]">&gt;&gt;</a>&nbsp;&nbsp;&nbsp;lwip_htons
<LI><a href="#[109]">&gt;&gt;</a>&nbsp;&nbsp;&nbsp;tcp_seg_free
<LI><a href="#[103]">&gt;&gt;</a>&nbsp;&nbsp;&nbsp;pbuf_header
<LI><a href="#[f2]">&gt;&gt;</a>&nbsp;&nbsp;&nbsp;memp_malloc
</UL>
<BR>[Called By]<UL><LI><a href="#[a2]">&gt;&gt;</a>&nbsp;&nbsp;&nbsp;tcp_write
<LI><a href="#[120]">&gt;&gt;</a>&nbsp;&nbsp;&nbsp;tcp_enqueue_flags
</UL>

<P><STRONG><a name="[132]"></a>tcp_pbuf_prealloc</STRONG> (Thumb, 88 bytes, Stack size 16 bytes, tcp_out.o(.text))
<BR><BR>[Stack]<UL><LI>Max Depth = 88<LI>Call Chain = tcp_pbuf_prealloc &rArr; pbuf_alloc &rArr; pbuf_free &rArr; mem_free &rArr; plug_holes
</UL>
<BR>[Calls]<UL><LI><a href="#[7d]">&gt;&gt;</a>&nbsp;&nbsp;&nbsp;pbuf_alloc
</UL>
<BR>[Called By]<UL><LI><a href="#[a2]">&gt;&gt;</a>&nbsp;&nbsp;&nbsp;tcp_write
</UL>

<P><STRONG><a name="[136]"></a>tcp_output_segment</STRONG> (Thumb, 262 bytes, Stack size 32 bytes, tcp_out.o(.text))
<BR><BR>[Stack]<UL><LI>Max Depth = 264<LI>Call Chain = tcp_output_segment &rArr; ip_output &rArr; ip_output_if &rArr; ip_frag &rArr; pbuf_alloc &rArr; pbuf_free &rArr; mem_free &rArr; plug_holes
</UL>
<BR>[Calls]<UL><LI><a href="#[ca]">&gt;&gt;</a>&nbsp;&nbsp;&nbsp;lwip_ntohl
<LI><a href="#[bd]">&gt;&gt;</a>&nbsp;&nbsp;&nbsp;lwip_htonl
<LI><a href="#[125]">&gt;&gt;</a>&nbsp;&nbsp;&nbsp;lwip_ntohs
<LI><a href="#[82]">&gt;&gt;</a>&nbsp;&nbsp;&nbsp;lwip_htons
<LI><a href="#[135]">&gt;&gt;</a>&nbsp;&nbsp;&nbsp;ip_output
<LI><a href="#[137]">&gt;&gt;</a>&nbsp;&nbsp;&nbsp;inet_chksum_pseudo_partial
<LI><a href="#[104]">&gt;&gt;</a>&nbsp;&nbsp;&nbsp;ip_route
</UL>
<BR>[Called By]<UL><LI><a href="#[111]">&gt;&gt;</a>&nbsp;&nbsp;&nbsp;tcp_output
</UL>

<P><STRONG><a name="[133]"></a>tcp_seg_add_chksum</STRONG> (Thumb, 32 bytes, Stack size 8 bytes, tcp_out.o(.text))
<BR><BR>[Stack]<UL><LI>Max Depth = 8<LI>Call Chain = tcp_seg_add_chksum
</UL>
<BR>[Called By]<UL><LI><a href="#[a2]">&gt;&gt;</a>&nbsp;&nbsp;&nbsp;tcp_write
</UL>

<P><STRONG><a name="[44]"></a>tcpip_tcp_timer</STRONG> (Thumb, 38 bytes, Stack size 8 bytes, timers.o(.text))
<BR><BR>[Stack]<UL><LI>Max Depth = 384<LI>Call Chain = tcpip_tcp_timer &rArr; tcp_tmr &rArr; tcp_fasttmr &rArr; tcp_recv_null &rArr; tcp_close &rArr; tcp_close_shutdown &rArr; tcp_pcb_remove &rArr; tcp_output &rArr; tcp_output_segment &rArr; ip_output &rArr; ip_output_if &rArr; ip_frag &rArr; pbuf_alloc &rArr; pbuf_free &rArr; mem_free &rArr; plug_holes
</UL>
<BR>[Calls]<UL><LI><a href="#[138]">&gt;&gt;</a>&nbsp;&nbsp;&nbsp;sys_timeout
<LI><a href="#[119]">&gt;&gt;</a>&nbsp;&nbsp;&nbsp;tcp_tmr
</UL>
<BR>[Address Reference Count : 1]<UL><LI> timers.o(.text)
</UL>
<P><STRONG><a name="[45]"></a>ip_reass_timer</STRONG> (Thumb, 20 bytes, Stack size 8 bytes, timers.o(.text))
<BR><BR>[Stack]<UL><LI>Max Depth = 328<LI>Call Chain = ip_reass_timer &rArr; ip_reass_tmr &rArr; ip_reass_free_complete_datagram &rArr; icmp_time_exceeded &rArr; icmp_send_response &rArr; ip_output &rArr; ip_output_if &rArr; ip_frag &rArr; pbuf_alloc &rArr; pbuf_free &rArr; mem_free &rArr; plug_holes
</UL>
<BR>[Calls]<UL><LI><a href="#[139]">&gt;&gt;</a>&nbsp;&nbsp;&nbsp;ip_reass_tmr
<LI><a href="#[138]">&gt;&gt;</a>&nbsp;&nbsp;&nbsp;sys_timeout
</UL>
<BR>[Address Reference Count : 1]<UL><LI> timers.o(.text)
</UL>
<P><STRONG><a name="[46]"></a>arp_timer</STRONG> (Thumb, 20 bytes, Stack size 8 bytes, timers.o(.text))
<BR><BR>[Stack]<UL><LI>Max Depth = 72<LI>Call Chain = arp_timer &rArr; etharp_tmr &rArr; free_entry &rArr; pbuf_free &rArr; mem_free &rArr; plug_holes
</UL>
<BR>[Calls]<UL><LI><a href="#[13a]">&gt;&gt;</a>&nbsp;&nbsp;&nbsp;etharp_tmr
<LI><a href="#[138]">&gt;&gt;</a>&nbsp;&nbsp;&nbsp;sys_timeout
</UL>
<BR>[Address Reference Count : 1]<UL><LI> timers.o(.text)
</UL>
<P><STRONG><a name="[47]"></a>dhcp_timer_coarse</STRONG> (Thumb, 20 bytes, Stack size 8 bytes, timers.o(.text))
<BR><BR>[Stack]<UL><LI>Max Depth = 312<LI>Call Chain = dhcp_timer_coarse &rArr; dhcp_coarse_tmr &rArr; dhcp_rebind &rArr; udp_sendto_if &rArr; udp_sendto_if_chksum &rArr; ip_output_if &rArr; ip_frag &rArr; pbuf_alloc &rArr; pbuf_free &rArr; mem_free &rArr; plug_holes
</UL>
<BR>[Calls]<UL><LI><a href="#[138]">&gt;&gt;</a>&nbsp;&nbsp;&nbsp;sys_timeout
<LI><a href="#[cf]">&gt;&gt;</a>&nbsp;&nbsp;&nbsp;dhcp_coarse_tmr
</UL>
<BR>[Address Reference Count : 1]<UL><LI> timers.o(.text)
</UL>
<P><STRONG><a name="[48]"></a>dhcp_timer_fine</STRONG> (Thumb, 20 bytes, Stack size 8 bytes, timers.o(.text))
<BR><BR>[Stack]<UL><LI>Max Depth = 448<LI>Call Chain = dhcp_timer_fine &rArr; dhcp_fine_tmr &rArr; dhcp_timeout &rArr; dhcp_bind &rArr; netif_set_ipaddr &rArr; tcp_abort &rArr; tcp_abandon &rArr; tcp_pcb_remove &rArr; tcp_output &rArr; tcp_output_segment &rArr; ip_output &rArr; ip_output_if &rArr; ip_frag &rArr; pbuf_alloc &rArr; pbuf_free &rArr; mem_free &rArr; plug_holes
</UL>
<BR>[Calls]<UL><LI><a href="#[138]">&gt;&gt;</a>&nbsp;&nbsp;&nbsp;sys_timeout
<LI><a href="#[d7]">&gt;&gt;</a>&nbsp;&nbsp;&nbsp;dhcp_fine_tmr
</UL>
<BR>[Address Reference Count : 1]<UL><LI> timers.o(.text)
</UL>
<P><STRONG><a name="[146]"></a>icmp_send_response</STRONG> (Thumb, 108 bytes, Stack size 40 bytes, icmp.o(.text))
<BR><BR>[Stack]<UL><LI>Max Depth = 272<LI>Call Chain = icmp_send_response &rArr; ip_output &rArr; ip_output_if &rArr; ip_frag &rArr; pbuf_alloc &rArr; pbuf_free &rArr; mem_free &rArr; plug_holes
</UL>
<BR>[Calls]<UL><LI><a href="#[83]">&gt;&gt;</a>&nbsp;&nbsp;&nbsp;pbuf_free
<LI><a href="#[7d]">&gt;&gt;</a>&nbsp;&nbsp;&nbsp;pbuf_alloc
<LI><a href="#[f7]">&gt;&gt;</a>&nbsp;&nbsp;&nbsp;__aeabi_memcpy
<LI><a href="#[135]">&gt;&gt;</a>&nbsp;&nbsp;&nbsp;ip_output
<LI><a href="#[134]">&gt;&gt;</a>&nbsp;&nbsp;&nbsp;inet_chksum
</UL>
<BR>[Called By]<UL><LI><a href="#[147]">&gt;&gt;</a>&nbsp;&nbsp;&nbsp;icmp_time_exceeded
<LI><a href="#[13e]">&gt;&gt;</a>&nbsp;&nbsp;&nbsp;icmp_dest_unreach
</UL>

<P><STRONG><a name="[148]"></a>lwip_standard_chksum</STRONG> (Thumb, 58 bytes, Stack size 0 bytes, inet_chksum.o(.text))
<BR><BR>[Calls]<UL><LI><a href="#[82]">&gt;&gt;</a>&nbsp;&nbsp;&nbsp;lwip_htons
</UL>
<BR>[Called By]<UL><LI><a href="#[145]">&gt;&gt;</a>&nbsp;&nbsp;&nbsp;inet_chksum_pbuf
<LI><a href="#[137]">&gt;&gt;</a>&nbsp;&nbsp;&nbsp;inet_chksum_pseudo_partial
<LI><a href="#[134]">&gt;&gt;</a>&nbsp;&nbsp;&nbsp;inet_chksum
<LI><a href="#[12e]">&gt;&gt;</a>&nbsp;&nbsp;&nbsp;inet_chksum_pseudo
<LI><a href="#[fb]">&gt;&gt;</a>&nbsp;&nbsp;&nbsp;lwip_chksum_copy
</UL>

<P><STRONG><a name="[151]"></a>ip_reass_free_complete_datagram</STRONG> (Thumb, 148 bytes, Stack size 32 bytes, ip_frag.o(.text))
<BR><BR>[Stack]<UL><LI>Max Depth = 304<LI>Call Chain = ip_reass_free_complete_datagram &rArr; icmp_time_exceeded &rArr; icmp_send_response &rArr; ip_output &rArr; ip_output_if &rArr; ip_frag &rArr; pbuf_alloc &rArr; pbuf_free &rArr; mem_free &rArr; plug_holes
</UL>
<BR>[Calls]<UL><LI><a href="#[83]">&gt;&gt;</a>&nbsp;&nbsp;&nbsp;pbuf_free
<LI><a href="#[7e]">&gt;&gt;</a>&nbsp;&nbsp;&nbsp;pbuf_clen
<LI><a href="#[f7]">&gt;&gt;</a>&nbsp;&nbsp;&nbsp;__aeabi_memcpy
<LI><a href="#[152]">&gt;&gt;</a>&nbsp;&nbsp;&nbsp;ip_reass_dequeue_datagram
<LI><a href="#[147]">&gt;&gt;</a>&nbsp;&nbsp;&nbsp;icmp_time_exceeded
</UL>
<BR>[Called By]<UL><LI><a href="#[153]">&gt;&gt;</a>&nbsp;&nbsp;&nbsp;ip_reass_remove_oldest_datagram
<LI><a href="#[139]">&gt;&gt;</a>&nbsp;&nbsp;&nbsp;ip_reass_tmr
</UL>

<P><STRONG><a name="[153]"></a>ip_reass_remove_oldest_datagram</STRONG> (Thumb, 98 bytes, Stack size 32 bytes, ip_frag.o(.text))
<BR><BR>[Stack]<UL><LI>Max Depth = 336<LI>Call Chain = ip_reass_remove_oldest_datagram &rArr; ip_reass_free_complete_datagram &rArr; icmp_time_exceeded &rArr; icmp_send_response &rArr; ip_output &rArr; ip_output_if &rArr; ip_frag &rArr; pbuf_alloc &rArr; pbuf_free &rArr; mem_free &rArr; plug_holes
</UL>
<BR>[Calls]<UL><LI><a href="#[151]">&gt;&gt;</a>&nbsp;&nbsp;&nbsp;ip_reass_free_complete_datagram
</UL>
<BR>[Called By]<UL><LI><a href="#[14a]">&gt;&gt;</a>&nbsp;&nbsp;&nbsp;ip_reass
</UL>

<P><STRONG><a name="[154]"></a>ip_reass_chain_frag_into_datagram_and_validate</STRONG> (Thumb, 276 bytes, Stack size 32 bytes, ip_frag.o(.text))
<BR><BR>[Stack]<UL><LI>Max Depth = 64<LI>Call Chain = ip_reass_chain_frag_into_datagram_and_validate &rArr; pbuf_free &rArr; mem_free &rArr; plug_holes
</UL>
<BR>[Calls]<UL><LI><a href="#[125]">&gt;&gt;</a>&nbsp;&nbsp;&nbsp;lwip_ntohs
<LI><a href="#[83]">&gt;&gt;</a>&nbsp;&nbsp;&nbsp;pbuf_free
<LI><a href="#[7e]">&gt;&gt;</a>&nbsp;&nbsp;&nbsp;pbuf_clen
</UL>
<BR>[Called By]<UL><LI><a href="#[14a]">&gt;&gt;</a>&nbsp;&nbsp;&nbsp;ip_reass
</UL>

<P><STRONG><a name="[49]"></a>ipfrag_free_pbuf_custom</STRONG> (Thumb, 26 bytes, Stack size 8 bytes, ip_frag.o(.text))
<BR><BR>[Stack]<UL><LI>Max Depth = 40<LI>Call Chain = ipfrag_free_pbuf_custom &rArr; pbuf_free &rArr; mem_free &rArr; plug_holes
</UL>
<BR>[Calls]<UL><LI><a href="#[83]">&gt;&gt;</a>&nbsp;&nbsp;&nbsp;pbuf_free
<LI><a href="#[155]">&gt;&gt;</a>&nbsp;&nbsp;&nbsp;ip_frag_free_pbuf_custom_ref
</UL>
<BR>[Address Reference Count : 1]<UL><LI> ip_frag.o(.text)
</UL>
<P><STRONG><a name="[152]"></a>ip_reass_dequeue_datagram</STRONG> (Thumb, 30 bytes, Stack size 0 bytes, ip_frag.o(.text))
<BR><BR>[Calls]<UL><LI><a href="#[f1]">&gt;&gt;</a>&nbsp;&nbsp;&nbsp;memp_free
</UL>
<BR>[Called By]<UL><LI><a href="#[151]">&gt;&gt;</a>&nbsp;&nbsp;&nbsp;ip_reass_free_complete_datagram
<LI><a href="#[14a]">&gt;&gt;</a>&nbsp;&nbsp;&nbsp;ip_reass
</UL>

<P><STRONG><a name="[155]"></a>ip_frag_free_pbuf_custom_ref</STRONG> (Thumb, 12 bytes, Stack size 0 bytes, ip_frag.o(.text))
<BR><BR>[Calls]<UL><LI><a href="#[f1]">&gt;&gt;</a>&nbsp;&nbsp;&nbsp;memp_free
</UL>
<BR>[Called By]<UL><LI><a href="#[49]">&gt;&gt;</a>&nbsp;&nbsp;&nbsp;ipfrag_free_pbuf_custom
<LI><a href="#[14b]">&gt;&gt;</a>&nbsp;&nbsp;&nbsp;ip_frag
</UL>

<P><STRONG><a name="[157]"></a>free_entry</STRONG> (Thumb, 24 bytes, Stack size 16 bytes, etharp.o(.text))
<BR><BR>[Stack]<UL><LI>Max Depth = 48<LI>Call Chain = free_entry &rArr; pbuf_free &rArr; mem_free &rArr; plug_holes
</UL>
<BR>[Calls]<UL><LI><a href="#[83]">&gt;&gt;</a>&nbsp;&nbsp;&nbsp;pbuf_free
</UL>
<BR>[Called By]<UL><LI><a href="#[158]">&gt;&gt;</a>&nbsp;&nbsp;&nbsp;find_entry
<LI><a href="#[13a]">&gt;&gt;</a>&nbsp;&nbsp;&nbsp;etharp_tmr
</UL>

<P><STRONG><a name="[158]"></a>find_entry</STRONG> (Thumb, 258 bytes, Stack size 56 bytes, etharp.o(.text))
<BR><BR>[Stack]<UL><LI>Max Depth = 104<LI>Call Chain = find_entry &rArr; free_entry &rArr; pbuf_free &rArr; mem_free &rArr; plug_holes
</UL>
<BR>[Calls]<UL><LI><a href="#[157]">&gt;&gt;</a>&nbsp;&nbsp;&nbsp;free_entry
</UL>
<BR>[Called By]<UL><LI><a href="#[159]">&gt;&gt;</a>&nbsp;&nbsp;&nbsp;etharp_find_addr
<LI><a href="#[15b]">&gt;&gt;</a>&nbsp;&nbsp;&nbsp;update_arp_entry
<LI><a href="#[c8]">&gt;&gt;</a>&nbsp;&nbsp;&nbsp;etharp_query
</UL>

<P><STRONG><a name="[15a]"></a>etharp_arp_input</STRONG> (Thumb, 224 bytes, Stack size 40 bytes, etharp.o(.text))
<BR><BR>[Stack]<UL><LI>Max Depth = 336<LI>Call Chain = etharp_arp_input &rArr; dhcp_arp_reply &rArr; dhcp_decline &rArr; udp_sendto_if &rArr; udp_sendto_if_chksum &rArr; ip_output_if &rArr; ip_frag &rArr; pbuf_alloc &rArr; pbuf_free &rArr; mem_free &rArr; plug_holes
</UL>
<BR>[Calls]<UL><LI><a href="#[83]">&gt;&gt;</a>&nbsp;&nbsp;&nbsp;pbuf_free
<LI><a href="#[82]">&gt;&gt;</a>&nbsp;&nbsp;&nbsp;lwip_htons
<LI><a href="#[15b]">&gt;&gt;</a>&nbsp;&nbsp;&nbsp;update_arp_entry
<LI><a href="#[e6]">&gt;&gt;</a>&nbsp;&nbsp;&nbsp;dhcp_arp_reply
</UL>
<BR>[Called By]<UL><LI><a href="#[40]">&gt;&gt;</a>&nbsp;&nbsp;&nbsp;ethernet_input
</UL>

<P><STRONG><a name="[15d]"></a>etharp_send_ip</STRONG> (Thumb, 52 bytes, Stack size 8 bytes, etharp.o(.text))
<BR><BR>[Stack]<UL><LI>Max Depth = 8<LI>Call Chain = etharp_send_ip
</UL>
<BR>[Called By]<UL><LI><a href="#[8b]">&gt;&gt;</a>&nbsp;&nbsp;&nbsp;etharp_output
<LI><a href="#[15b]">&gt;&gt;</a>&nbsp;&nbsp;&nbsp;update_arp_entry
<LI><a href="#[c8]">&gt;&gt;</a>&nbsp;&nbsp;&nbsp;etharp_query
</UL>

<P><STRONG><a name="[15b]"></a>update_arp_entry</STRONG> (Thumb, 118 bytes, Stack size 24 bytes, etharp.o(.text))
<BR><BR>[Stack]<UL><LI>Max Depth = 128<LI>Call Chain = update_arp_entry &rArr; find_entry &rArr; free_entry &rArr; pbuf_free &rArr; mem_free &rArr; plug_holes
</UL>
<BR>[Calls]<UL><LI><a href="#[83]">&gt;&gt;</a>&nbsp;&nbsp;&nbsp;pbuf_free
<LI><a href="#[15d]">&gt;&gt;</a>&nbsp;&nbsp;&nbsp;etharp_send_ip
<LI><a href="#[158]">&gt;&gt;</a>&nbsp;&nbsp;&nbsp;find_entry
<LI><a href="#[101]">&gt;&gt;</a>&nbsp;&nbsp;&nbsp;ip4_addr_isbroadcast
</UL>
<BR>[Called By]<UL><LI><a href="#[15a]">&gt;&gt;</a>&nbsp;&nbsp;&nbsp;etharp_arp_input
</UL>

<P><STRONG><a name="[15c]"></a>etharp_raw</STRONG> (Thumb, 180 bytes, Stack size 40 bytes, etharp.o(.text))
<BR><BR>[Stack]<UL><LI>Max Depth = 112<LI>Call Chain = etharp_raw &rArr; pbuf_alloc &rArr; pbuf_free &rArr; mem_free &rArr; plug_holes
</UL>
<BR>[Calls]<UL><LI><a href="#[83]">&gt;&gt;</a>&nbsp;&nbsp;&nbsp;pbuf_free
<LI><a href="#[7d]">&gt;&gt;</a>&nbsp;&nbsp;&nbsp;pbuf_alloc
<LI><a href="#[82]">&gt;&gt;</a>&nbsp;&nbsp;&nbsp;lwip_htons
</UL>
<BR>[Called By]<UL><LI><a href="#[f0]">&gt;&gt;</a>&nbsp;&nbsp;&nbsp;etharp_request
</UL>

<P><STRONG><a name="[16e]"></a>_fp_digits</STRONG> (Thumb, 324 bytes, Stack size 56 bytes, printfa.o(i._fp_digits), UNUSED)
<BR><BR>[Calls]<UL><LI><a href="#[168]">&gt;&gt;</a>&nbsp;&nbsp;&nbsp;__aeabi_dmul
<LI><a href="#[169]">&gt;&gt;</a>&nbsp;&nbsp;&nbsp;__aeabi_ddiv
<LI><a href="#[162]">&gt;&gt;</a>&nbsp;&nbsp;&nbsp;__aeabi_dadd
<LI><a href="#[16a]">&gt;&gt;</a>&nbsp;&nbsp;&nbsp;__aeabi_d2ulz
<LI><a href="#[16f]">&gt;&gt;</a>&nbsp;&nbsp;&nbsp;__aeabi_cdrcmple
<LI><a href="#[6e]">&gt;&gt;</a>&nbsp;&nbsp;&nbsp;__aeabi_uldivmod
</UL>
<BR>[Called By]<UL><LI><a href="#[16d]">&gt;&gt;</a>&nbsp;&nbsp;&nbsp;_printf_core
</UL>

<P><STRONG><a name="[16d]"></a>_printf_core</STRONG> (Thumb, 1782 bytes, Stack size 136 bytes, printfa.o(i._printf_core), UNUSED)
<BR><BR>[Calls]<UL><LI><a href="#[172]">&gt;&gt;</a>&nbsp;&nbsp;&nbsp;__aeabi_uidivmod
<LI><a href="#[170]">&gt;&gt;</a>&nbsp;&nbsp;&nbsp;_printf_pre_padding
<LI><a href="#[171]">&gt;&gt;</a>&nbsp;&nbsp;&nbsp;_printf_post_padding
<LI><a href="#[16e]">&gt;&gt;</a>&nbsp;&nbsp;&nbsp;_fp_digits
<LI><a href="#[6e]">&gt;&gt;</a>&nbsp;&nbsp;&nbsp;__aeabi_uldivmod
</UL>
<BR>[Called By]<UL><LI><a href="#[16c]">&gt;&gt;</a>&nbsp;&nbsp;&nbsp;__0vsprintf
</UL>

<P><STRONG><a name="[171]"></a>_printf_post_padding</STRONG> (Thumb, 38 bytes, Stack size 24 bytes, printfa.o(i._printf_post_padding), UNUSED)
<BR><BR>[Called By]<UL><LI><a href="#[16d]">&gt;&gt;</a>&nbsp;&nbsp;&nbsp;_printf_core
</UL>

<P><STRONG><a name="[170]"></a>_printf_pre_padding</STRONG> (Thumb, 48 bytes, Stack size 24 bytes, printfa.o(i._printf_pre_padding), UNUSED)
<BR><BR>[Called By]<UL><LI><a href="#[16d]">&gt;&gt;</a>&nbsp;&nbsp;&nbsp;_printf_core
</UL>

<P><STRONG><a name="[4a]"></a>_sputc</STRONG> (Thumb, 10 bytes, Stack size 0 bytes, printfa.o(i._sputc))
<BR><BR>[Called By]<UL><LI><a href="#[16c]">&gt;&gt;</a>&nbsp;&nbsp;&nbsp;__0vsprintf
</UL>
<BR>[Address Reference Count : 1]<UL><LI> printfa.o(i.__0vsprintf)
</UL><P>
<H3>
Undefined Global Symbols
</H3><HR></body></html>
