<html>
<body>
<pre>
<h1>µVision Build Log</h1>
<h2>Project:</h2>
E:\GitRepository\lwip_lpc\nxpcommon\examples\lpc18xx_43xx\lpc43xx\hitex4350\hitex4350_tcpecho_sa\keil\hitex4350_tcpecho_sa.uvproj
Project File Date:  07/06/2012

<h2>Output:</h2>
Rebuild target 'flash'
compiling fpu_init.c...
compiling fpu_enable.c...
compiling system_LPC43xx.c...
assembling startup_hitex4350_M4.s...
compiling debug_frmwrk.c...
compiling lpc43xx_cgu.c...
compiling lpc43xx_gpio.c...
compiling lpc43xx_scu.c...
compiling lpc43xx_uart.c...
compiling lpc_debug.c...
compiling sys_arch.c...
compiling Retarget.c...
compiling lpc18xx_43xx_emac.c...
compiling hitex4350_board.c...
compiling lpc_phy_dp83848.c...
compiling echo.c...
compiling hitex1850_tcpecho_sa.c...
compiling lpc18xx_43xx_systick_arch.c...
compiling def.c...
compiling dhcp.c...
compiling dns.c...
compiling init.c...
compiling mem.c...
compiling memp.c...
compiling netif.c...
compiling pbuf.c...
compiling raw.c...
compiling stats.c...
compiling sys.c...
compiling tcp.c...
compiling tcp_in.c...
compiling tcp_out.c...
compiling timers.c...
compiling udp.c...
compiling autoip.c...
compiling icmp.c...
compiling igmp.c...
compiling inet.c...
compiling inet_chksum.c...
compiling ip.c...
compiling ip_addr.c...
compiling ip_frag.c...
compiling etharp.c...
linking...
Program Size: Code=34656 RO-data=1836 RW-data=276 ZI-data=176740  
FromELF: creating hex file...
".\__flash\example.axf" - 0 Error(s), 0 Warning(s).
